Archive member included to satisfy reference by file (symbol)

c:/st/stm32cubeide_1.3.0/stm32cubeide/plugins/com.st.stm32cube.ide.mcu.externaltools.gnu-tools-for-stm32.7-2018-q2-update.win32_1.0.0.201904181610/tools/bin/../lib/gcc/arm-none-eabi/7.3.1/../../../../arm-none-eabi/lib/thumb/v7e-m/fpv4-sp/hard\libc_nano.a(lib_a-errno.o)
                              Core/Src/syscalls.o (__errno)
c:/st/stm32cubeide_1.3.0/stm32cubeide/plugins/com.st.stm32cube.ide.mcu.externaltools.gnu-tools-for-stm32.7-2018-q2-update.win32_1.0.0.201904181610/tools/bin/../lib/gcc/arm-none-eabi/7.3.1/../../../../arm-none-eabi/lib/thumb/v7e-m/fpv4-sp/hard\libc_nano.a(lib_a-exit.o)
                              c:/st/stm32cubeide_1.3.0/stm32cubeide/plugins/com.st.stm32cube.ide.mcu.externaltools.gnu-tools-for-stm32.7-2018-q2-update.win32_1.0.0.201904181610/tools/bin/../lib/gcc/arm-none-eabi/7.3.1/../../../../arm-none-eabi/lib/thumb/v7e-m/fpv4-sp/hard/crt0.o (exit)
c:/st/stm32cubeide_1.3.0/stm32cubeide/plugins/com.st.stm32cube.ide.mcu.externaltools.gnu-tools-for-stm32.7-2018-q2-update.win32_1.0.0.201904181610/tools/bin/../lib/gcc/arm-none-eabi/7.3.1/../../../../arm-none-eabi/lib/thumb/v7e-m/fpv4-sp/hard\libc_nano.a(lib_a-impure.o)
                              c:/st/stm32cubeide_1.3.0/stm32cubeide/plugins/com.st.stm32cube.ide.mcu.externaltools.gnu-tools-for-stm32.7-2018-q2-update.win32_1.0.0.201904181610/tools/bin/../lib/gcc/arm-none-eabi/7.3.1/../../../../arm-none-eabi/lib/thumb/v7e-m/fpv4-sp/hard\libc_nano.a(lib_a-exit.o) (_global_impure_ptr)
c:/st/stm32cubeide_1.3.0/stm32cubeide/plugins/com.st.stm32cube.ide.mcu.externaltools.gnu-tools-for-stm32.7-2018-q2-update.win32_1.0.0.201904181610/tools/bin/../lib/gcc/arm-none-eabi/7.3.1/../../../../arm-none-eabi/lib/thumb/v7e-m/fpv4-sp/hard\libc_nano.a(lib_a-init.o)
                              c:/st/stm32cubeide_1.3.0/stm32cubeide/plugins/com.st.stm32cube.ide.mcu.externaltools.gnu-tools-for-stm32.7-2018-q2-update.win32_1.0.0.201904181610/tools/bin/../lib/gcc/arm-none-eabi/7.3.1/../../../../arm-none-eabi/lib/thumb/v7e-m/fpv4-sp/hard/crt0.o (__libc_init_array)
c:/st/stm32cubeide_1.3.0/stm32cubeide/plugins/com.st.stm32cube.ide.mcu.externaltools.gnu-tools-for-stm32.7-2018-q2-update.win32_1.0.0.201904181610/tools/bin/../lib/gcc/arm-none-eabi/7.3.1/../../../../arm-none-eabi/lib/thumb/v7e-m/fpv4-sp/hard\libc_nano.a(lib_a-malloc.o)
                              Core/Src/buffer.o (malloc)
c:/st/stm32cubeide_1.3.0/stm32cubeide/plugins/com.st.stm32cube.ide.mcu.externaltools.gnu-tools-for-stm32.7-2018-q2-update.win32_1.0.0.201904181610/tools/bin/../lib/gcc/arm-none-eabi/7.3.1/../../../../arm-none-eabi/lib/thumb/v7e-m/fpv4-sp/hard\libc_nano.a(lib_a-memcmp.o)
                              Core/Src/esp8266.o (memcmp)
c:/st/stm32cubeide_1.3.0/stm32cubeide/plugins/com.st.stm32cube.ide.mcu.externaltools.gnu-tools-for-stm32.7-2018-q2-update.win32_1.0.0.201904181610/tools/bin/../lib/gcc/arm-none-eabi/7.3.1/../../../../arm-none-eabi/lib/thumb/v7e-m/fpv4-sp/hard\libc_nano.a(lib_a-memcpy-stub.o)
                              Core/Src/buffer.o (memcpy)
c:/st/stm32cubeide_1.3.0/stm32cubeide/plugins/com.st.stm32cube.ide.mcu.externaltools.gnu-tools-for-stm32.7-2018-q2-update.win32_1.0.0.201904181610/tools/bin/../lib/gcc/arm-none-eabi/7.3.1/../../../../arm-none-eabi/lib/thumb/v7e-m/fpv4-sp/hard\libc_nano.a(lib_a-memset.o)
                              c:/st/stm32cubeide_1.3.0/stm32cubeide/plugins/com.st.stm32cube.ide.mcu.externaltools.gnu-tools-for-stm32.7-2018-q2-update.win32_1.0.0.201904181610/tools/bin/../lib/gcc/arm-none-eabi/7.3.1/../../../../arm-none-eabi/lib/thumb/v7e-m/fpv4-sp/hard/crt0.o (memset)
c:/st/stm32cubeide_1.3.0/stm32cubeide/plugins/com.st.stm32cube.ide.mcu.externaltools.gnu-tools-for-stm32.7-2018-q2-update.win32_1.0.0.201904181610/tools/bin/../lib/gcc/arm-none-eabi/7.3.1/../../../../arm-none-eabi/lib/thumb/v7e-m/fpv4-sp/hard\libc_nano.a(lib_a-nano-freer.o)
                              c:/st/stm32cubeide_1.3.0/stm32cubeide/plugins/com.st.stm32cube.ide.mcu.externaltools.gnu-tools-for-stm32.7-2018-q2-update.win32_1.0.0.201904181610/tools/bin/../lib/gcc/arm-none-eabi/7.3.1/../../../../arm-none-eabi/lib/thumb/v7e-m/fpv4-sp/hard\libc_nano.a(lib_a-malloc.o) (_free_r)
c:/st/stm32cubeide_1.3.0/stm32cubeide/plugins/com.st.stm32cube.ide.mcu.externaltools.gnu-tools-for-stm32.7-2018-q2-update.win32_1.0.0.201904181610/tools/bin/../lib/gcc/arm-none-eabi/7.3.1/../../../../arm-none-eabi/lib/thumb/v7e-m/fpv4-sp/hard\libc_nano.a(lib_a-nano-mallocr.o)
                              c:/st/stm32cubeide_1.3.0/stm32cubeide/plugins/com.st.stm32cube.ide.mcu.externaltools.gnu-tools-for-stm32.7-2018-q2-update.win32_1.0.0.201904181610/tools/bin/../lib/gcc/arm-none-eabi/7.3.1/../../../../arm-none-eabi/lib/thumb/v7e-m/fpv4-sp/hard\libc_nano.a(lib_a-malloc.o) (_malloc_r)
[...]
Memory Configuration

Name             Origin             Length             Attributes
RAM              0x0000000020000000 0x0000000000018000 xrw
RAM2             0x0000000010000000 0x0000000000008000 xrw
FLASH            0x0000000008000000 0x0000000000080000 xr
*default*        0x0000000000000000 0xffffffffffffffff

Linker script and memory map

LOAD c:/st/stm32cubeide_1.3.0/stm32cubeide/plugins/com.st.stm32cube.ide.mcu.externaltools.gnu-tools-for-stm32.7-2018-q2-update.win32_1.0.0.201904181610/tools/bin/../lib/gcc/arm-none-eabi/7.3.1/thumb/v7e-m/fpv4-sp/hard/crti.o
LOAD c:/st/stm32cubeide_1.3.0/stm32cubeide/plugins/com.st.stm32cube.ide.mcu.externaltools.gnu-tools-for-stm32.7-2018-q2-update.win32_1.0.0.201904181610/tools/bin/../lib/gcc/arm-none-eabi/7.3.1/thumb/v7e-m/fpv4-sp/hard/crtbegin.o
LOAD c:/st/stm32cubeide_1.3.0/stm32cubeide/plugins/com.st.stm32cube.ide.mcu.externaltools.gnu-tools-for-stm32.7-2018-q2-update.win32_1.0.0.201904181610/tools/bin/../lib/gcc/arm-none-eabi/7.3.1/../../../../arm-none-eabi/lib/thumb/v7e-m/fpv4-sp/hard/crt0.o
LOAD Core/Src/buffer.o
LOAD Core/Src/esp8266.o
LOAD Core/Src/esp8266_ll_template.o
LOAD Core/Src/main.o
LOAD Core/Src/stm32l4xx_hal_msp.o
LOAD Core/Src/stm32l4xx_it.o
LOAD Core/Src/syscalls.o
LOAD Core/Src/sysmem.o
LOAD Core/Src/system_stm32l4xx.o
LOAD Core/Startup/startup_stm32l475retx.o
LOAD Drivers/STM32L4xx_HAL_Driver/Src/stm32l4xx_hal.o
LOAD Drivers/STM32L4xx_HAL_Driver/Src/stm32l4xx_hal_cortex.o
LOAD Drivers/STM32L4xx_HAL_Driver/Src/stm32l4xx_hal_dma.o
LOAD Drivers/STM32L4xx_HAL_Driver/Src/stm32l4xx_hal_dma_ex.o
LOAD Drivers/STM32L4xx_HAL_Driver/Src/stm32l4xx_hal_exti.o
LOAD Drivers/STM32L4xx_HAL_Driver/Src/stm32l4xx_hal_flash.o
LOAD Drivers/STM32L4xx_HAL_Driver/Src/stm32l4xx_hal_flash_ex.o
LOAD Drivers/STM32L4xx_HAL_Driver/Src/stm32l4xx_hal_flash_ramfunc.o
LOAD Drivers/STM32L4xx_HAL_Driver/Src/stm32l4xx_hal_gpio.o
LOAD Drivers/STM32L4xx_HAL_Driver/Src/stm32l4xx_hal_hcd.o
LOAD Drivers/STM32L4xx_HAL_Driver/Src/stm32l4xx_hal_i2c.o
LOAD Drivers/STM32L4xx_HAL_Driver/Src/stm32l4xx_hal_i2c_ex.o
LOAD Drivers/STM32L4xx_HAL_Driver/Src/stm32l4xx_hal_pwr.o
LOAD Drivers/STM32L4xx_HAL_Driver/Src/stm32l4xx_hal_pwr_ex.o
LOAD Drivers/STM32L4xx_HAL_Driver/Src/stm32l4xx_hal_rcc.o
LOAD Drivers/STM32L4xx_HAL_Driver/Src/stm32l4xx_hal_rcc_ex.o
LOAD Drivers/STM32L4xx_HAL_Driver/Src/stm32l4xx_hal_tim.o
LOAD Drivers/STM32L4xx_HAL_Driver/Src/stm32l4xx_hal_tim_ex.o
LOAD Drivers/STM32L4xx_HAL_Driver/Src/stm32l4xx_hal_uart.o
LOAD Drivers/STM32L4xx_HAL_Driver/Src/stm32l4xx_hal_uart_ex.o
LOAD Drivers/STM32L4xx_HAL_Driver/Src/stm32l4xx_ll_usb.o
LOAD FATFS/App/fatfs.o
LOAD FATFS/Target/usbh_diskio.o
LOAD Middlewares/ST/STM32_USB_Host_Library/Class/MSC/Src/usbh_msc.o
LOAD Middlewares/ST/STM32_USB_Host_Library/Class/MSC/Src/usbh_msc_bot.o
LOAD Middlewares/ST/STM32_USB_Host_Library/Class/MSC/Src/usbh_msc_scsi.o
LOAD Middlewares/ST/STM32_USB_Host_Library/Core/Src/usbh_core.o
LOAD Middlewares/ST/STM32_USB_Host_Library/Core/Src/usbh_ctlreq.o
LOAD Middlewares/ST/STM32_USB_Host_Library/Core/Src/usbh_ioreq.o
LOAD Middlewares/ST/STM32_USB_Host_Library/Core/Src/usbh_pipes.o
LOAD Middlewares/Third_Party/FatFs/src/diskio.o
LOAD Middlewares/Third_Party/FatFs/src/ff.o
LOAD Middlewares/Third_Party/FatFs/src/ff_gen_drv.o
LOAD Middlewares/Third_Party/FatFs/src/option/syscall.o
LOAD USB_HOST/App/usb_host.o
LOAD USB_HOST/Target/usbh_conf.o
LOAD USB_HOST/Target/usbh_platform.o
START GROUP
LOAD c:/st/stm32cubeide_1.3.0/stm32cubeide/plugins/com.st.stm32cube.ide.mcu.externaltools.gnu-tools-for-stm32.7-2018-q2-update.win32_1.0.0.201904181610/tools/bin/../lib/gcc/arm-none-eabi/7.3.1/../../../../arm-none-eabi/lib/thumb/v7e-m/fpv4-sp/hard\libc_nano.a
LOAD c:/st/stm32cubeide_1.3.0/stm32cubeide/plugins/com.st.stm32cube.ide.mcu.externaltools.gnu-tools-for-stm32.7-2018-q2-update.win32_1.0.0.201904181610/tools/bin/../lib/gcc/arm-none-eabi/7.3.1/../../../../arm-none-eabi/lib/thumb/v7e-m/fpv4-sp/hard\libm.a
END GROUP
START GROUP
LOAD c:/st/stm32cubeide_1.3.0/stm32cubeide/plugins/com.st.stm32cube.ide.mcu.externaltools.gnu-tools-for-stm32.7-2018-q2-update.win32_1.0.0.201904181610/tools/bin/../lib/gcc/arm-none-eabi/7.3.1/thumb/v7e-m/fpv4-sp/hard\libgcc.a
LOAD c:/st/stm32cubeide_1.3.0/stm32cubeide/plugins/com.st.stm32cube.ide.mcu.externaltools.gnu-tools-for-stm32.7-2018-q2-update.win32_1.0.0.201904181610/tools/bin/../lib/gcc/arm-none-eabi/7.3.1/../../../../arm-none-eabi/lib/thumb/v7e-m/fpv4-sp/hard\libc_nano.a
END GROUP
START GROUP
LOAD c:/st/stm32cubeide_1.3.0/stm32cubeide/plugins/com.st.stm32cube.ide.mcu.externaltools.gnu-tools-for-stm32.7-2018-q2-update.win32_1.0.0.201904181610/tools/bin/../lib/gcc/arm-none-eabi/7.3.1/thumb/v7e-m/fpv4-sp/hard\libgcc.a
LOAD c:/st/stm32cubeide_1.3.0/stm32cubeide/plugins/com.st.stm32cube.ide.mcu.externaltools.gnu-tools-for-stm32.7-2018-q2-update.win32_1.0.0.201904181610/tools/bin/../lib/gcc/arm-none-eabi/7.3.1/../../../../arm-none-eabi/lib/thumb/v7e-m/fpv4-sp/hard\libc_nano.a
LOAD c:/st/stm32cubeide_1.3.0/stm32cubeide/plugins/com.st.stm32cube.ide.mcu.externaltools.gnu-tools-for-stm32.7-2018-q2-update.win32_1.0.0.201904181610/tools/bin/../lib/gcc/arm-none-eabi/7.3.1/../../../../arm-none-eabi/lib/thumb/v7e-m/fpv4-sp/hard\libnosys.a
END GROUP
START GROUP
LOAD c:/st/stm32cubeide_1.3.0/stm32cubeide/plugins/com.st.stm32cube.ide.mcu.externaltools.gnu-tools-for-stm32.7-2018-q2-update.win32_1.0.0.201904181610/tools/bin/../lib/gcc/arm-none-eabi/7.3.1/thumb/v7e-m/fpv4-sp/hard\libgcc.a
LOAD c:/st/stm32cubeide_1.3.0/stm32cubeide/plugins/com.st.stm32cube.ide.mcu.externaltools.gnu-tools-for-stm32.7-2018-q2-update.win32_1.0.0.201904181610/tools/bin/../lib/gcc/arm-none-eabi/7.3.1/../../../../arm-none-eabi/lib/thumb/v7e-m/fpv4-sp/hard\libc_nano.a
LOAD c:/st/stm32cubeide_1.3.0/stm32cubeide/plugins/com.st.stm32cube.ide.mcu.externaltools.gnu-tools-for-stm32.7-2018-q2-update.win32_1.0.0.201904181610/tools/bin/../lib/gcc/arm-none-eabi/7.3.1/../../../../arm-none-eabi/lib/thumb/v7e-m/fpv4-sp/hard\libnosys.a
END GROUP
LOAD c:/st/stm32cubeide_1.3.0/stm32cubeide/plugins/com.st.stm32cube.ide.mcu.externaltools.gnu-tools-for-stm32.7-2018-q2-update.win32_1.0.0.201904181610/tools/bin/../lib/gcc/arm-none-eabi/7.3.1/thumb/v7e-m/fpv4-sp/hard/crtend.o
LOAD c:/st/stm32cubeide_1.3.0/stm32cubeide/plugins/com.st.stm32cube.ide.mcu.externaltools.gnu-tools-for-stm32.7-2018-q2-update.win32_1.0.0.201904181610/tools/bin/../lib/gcc/arm-none-eabi/7.3.1/thumb/v7e-m/fpv4-sp/hard/crtn.o
                0x0000000020018000                _estack = (ORIGIN (RAM) + LENGTH (RAM))
                0x0000000000005000                _Min_Heap_Size = 0x5000
                0x0000000000000800                _Min_Stack_Size = 0x800

.isr_vector     0x0000000008000000      0x188
                0x0000000008000000                . = ALIGN (0x4)
 *(.isr_vector)
 .isr_vector    0x0000000008000000      0x188 Core/Startup/startup_stm32l475retx.o
                0x0000000008000000                g_pfnVectors
                0x0000000008000188                . = ALIGN (0x4)

.text           0x0000000008000190     0x93cc
                0x0000000008000190                . = ALIGN (0x4)
 *(.text)
 .text          0x0000000008000190       0x40 c:/st/stm32cubeide_1.3.0/stm32cubeide/plugins/com.st.stm32cube.ide.mcu.externaltools.gnu-tools-for-stm32.7-2018-q2-update.win32_1.0.0.201904181610/tools/bin/../lib/gcc/arm-none-eabi/7.3.1/thumb/v7e-m/fpv4-sp/hard/crtbegin.o
 .text          0x00000000080001d0       0x14 c:/st/stm32cubeide_1.3.0/stm32cubeide/plugins/com.st.stm32cube.ide.mcu.externaltools.gnu-tools-for-stm32.7-2018-q2-update.win32_1.0.0.201904181610/tools/bin/../lib/gcc/arm-none-eabi/7.3.1/../../../../arm-none-eabi/lib/thumb/v7e-m/fpv4-sp/hard\libc_nano.a(lib_a-strcmp.o)
                0x00000000080001d0                strcmp
 .text          0x00000000080001e4       0x10 c:/st/stm32cubeide_1.3.0/stm32cubeide/plugins/com.st.stm32cube.ide.mcu.externaltools.gnu-tools-for-stm32.7-2018-q2-update.win32_1.0.0.201904181610/tools/bin/../lib/gcc/arm-none-eabi/7.3.1/../../../../arm-none-eabi/lib/thumb/v7e-m/fpv4-sp/hard\libc_nano.a(lib_a-strlen.o)
                0x00000000080001e4                strlen
 *fill*         0x00000000080001f4        0xc 
 .text          0x0000000008000200       0xa0 c:/st/stm32cubeide_1.3.0/stm32cubeide/plugins/com.st.stm32cube.ide.mcu.externaltools.gnu-tools-for-stm32.7-2018-q2-update.win32_1.0.0.201904181610/tools/bin/../lib/gcc/arm-none-eabi/7.3.1/../../../../arm-none-eabi/lib/thumb/v7e-m/fpv4-sp/hard\libc_nano.a(lib_a-memchr.o)
                0x0000000008000200                memchr
 .text          0x00000000080002a0       0x30 c:/st/stm32cubeide_1.3.0/stm32cubeide/plugins/com.st.stm32cube.ide.mcu.externaltools.gnu-tools-for-stm32.7-2018-q2-update.win32_1.0.0.201904181610/tools/bin/../lib/gcc/arm-none-eabi/7.3.1/thumb/v7e-m/fpv4-sp/hard\libgcc.a(_aeabi_uldivmod.o)
                0x00000000080002a0                __aeabi_uldivmod
 .text          0x00000000080002d0      0x2cc c:/st/stm32cubeide_1.3.0/stm32cubeide/plugins/com.st.stm32cube.ide.mcu.externaltools.gnu-tools-for-stm32.7-2018-q2-update.win32_1.0.0.201904181610/tools/bin/../lib/gcc/arm-none-eabi/7.3.1/thumb/v7e-m/fpv4-sp/hard\libgcc.a(_udivmoddi4.o)
                0x00000000080002d0                __udivmoddi4
 .text          0x000000000800059c        0x4 c:/st/stm32cubeide_1.3.0/stm32cubeide/plugins/com.st.stm32cube.ide.mcu.externaltools.gnu-tools-for-stm32.7-2018-q2-update.win32_1.0.0.201904181610/tools/bin/../lib/gcc/arm-none-eabi/7.3.1/thumb/v7e-m/fpv4-sp/hard\libgcc.a(_dvmd_tls.o)
                0x000000000800059c                __aeabi_idiv0
                0x000000000800059c                __aeabi_ldiv0
 *(.text*)
 .text.BUFFER_Init
                0x00000000080005a0       0x42 Core/Src/buffer.o
                0x00000000080005a0                BUFFER_Init
 .text.BUFFER_GetFree
                0x00000000080005e2       0x22 Core/Src/buffer.o
                0x00000000080005e2                BUFFER_GetFree
 .text.BUFFER_Write
                0x0000000008000604       0x74 Core/Src/buffer.o
                0x0000000008000604                BUFFER_Write
 .text.BUFFER_WriteToTop
                0x0000000008000678       0x58 Core/Src/buffer.o
                0x0000000008000678                BUFFER_WriteToTop
 .text.BUFFER_GetFull
                0x00000000080006d0       0x1e Core/Src/buffer.o
                0x00000000080006d0                BUFFER_GetFull
 .text.BUFFER_Read
                0x00000000080006ee       0x74 Core/Src/buffer.o
                0x00000000080006ee                BUFFER_Read
 .text.BUFFER_Reset
                0x0000000008000762        0xa Core/Src/buffer.o
                0x0000000008000762                BUFFER_Reset
 .text.BUFFER_FindElement
                0x000000000800076c       0x34 Core/Src/buffer.o
                0x000000000800076c                BUFFER_FindElement
 .text.BUFFER_Find
                0x00000000080007a0       0x82 Core/Src/buffer.o
                0x00000000080007a0                BUFFER_Find
 .text.BUFFER_WriteString
                0x0000000008000822       0x1a Core/Src/buffer.o
                0x0000000008000822                BUFFER_WriteString
 .text.BUFFER_ReadString
                0x000000000800083c       0x78 Core/Src/buffer.o
                0x000000000800083c                BUFFER_ReadString
 .text.ParseNumber
                0x00000000080008b4       0x38 Core/Src/esp8266.o
 .text.EscapeStringAndSend
                0x00000000080008ec       0x36 Core/Src/esp8266.o
 *fill*         0x0000000008000922        0x2 
 .text.ParseIP  0x0000000008000924       0x7c Core/Src/esp8266.o
 .text.ParseCIPSTA
                0x00000000080009a0      0x198 Core/Src/esp8266.o
 .text.ParseMAC
                0x0000000008000b38       0x94 Core/Src/esp8266.o
 .text.Int2String
                0x0000000008000bcc        0xc Core/Src/esp8266.o
 .text.ESP8266_TimeUpdate
                0x0000000008000bd8        0x8 Core/Src/esp8266.o
                0x0000000008000bd8                ESP8266_TimeUpdate
 .text.ESP8266_DataReceived
                0x0000000008000be0       0x14 Core/Src/esp8266.o
                0x0000000008000be0                ESP8266_DataReceived
 .text.ESP8266_Callback_ServerConnectionActive
                0x0000000008000bf4        0x2 Core/Src/esp8266.o
                0x0000000008000bf4                ESP8266_Callback_ServerConnectionActive
 .text.ESP8266_Callback_ServerConnectionClosed
                0x0000000008000bf6        0x2 Core/Src/esp8266.o
                0x0000000008000bf6                ESP8266_Callback_ServerConnectionClosed
 .text.ESP8266_Callback_ServerConnectionDataReceived
                0x0000000008000bf8        0x2 Core/Src/esp8266.o
                0x0000000008000bf8                ESP8266_Callback_ServerConnectionDataReceived
 .text.ESP8266_Callback_ServerConnectionSendData
                0x0000000008000bfa        0x4 Core/Src/esp8266.o
                0x0000000008000bfa                ESP8266_Callback_ServerConnectionSendData
 .text.ESP8266_Callback_ServerConnectionDataSent
                0x0000000008000bfe        0x2 Core/Src/esp8266.o
                0x0000000008000bfe                ESP8266_Callback_ServerConnectionDataSent
 .text.ESP8266_Callback_ServerConnectionDataSentError
                0x0000000008000c00        0x2 Core/Src/esp8266.o
                0x0000000008000c00                ESP8266_Callback_ServerConnectionDataSentError
 .text.CallConnectionCallbacks
                0x0000000008000c02       0x68 Core/Src/esp8266.o
 .text.ESP8266_Callback_PingFinished
                0x0000000008000c6a        0x2 Core/Src/esp8266.o
                0x0000000008000c6a                ESP8266_Callback_PingFinished
 .text.ESP8266_Callback_ConnectedStationsDetected
                0x0000000008000c6c        0x2 Core/Src/esp8266.o
                0x0000000008000c6c                ESP8266_Callback_ConnectedStationsDetected
 *fill*         0x0000000008000c6e        0x2 
 .text.ParseReceived
                0x0000000008000c70      0x93c Core/Src/esp8266.o
 .text.ESP8266_Update
                0x00000000080015ac      0x338 Core/Src/esp8266.o
                0x00000000080015ac                ESP8266_Update
 .text.SendCommand
                0x00000000080018e4       0x40 Core/Src/esp8266.o
 .text.ESP8266_CloseAllConnections
                0x0000000008001924       0x10 Core/Src/esp8266.o
                0x0000000008001924                ESP8266_CloseAllConnections
 .text.ESP8266_GetSTAMAC
                0x0000000008001934       0x2c Core/Src/esp8266.o
                0x0000000008001934                ESP8266_GetSTAMAC
 .text.ESP8266_WaitReady
                0x0000000008001960       0x3c Core/Src/esp8266.o
                0x0000000008001960                ESP8266_WaitReady
 .text.ESP8266_GetAP
                0x000000000800199c       0x28 Core/Src/esp8266.o
                0x000000000800199c                ESP8266_GetAP
 .text.ESP8266_WifiConnect
                0x00000000080019c4       0x60 Core/Src/esp8266.o
                0x00000000080019c4                ESP8266_WifiConnect
 .text.ESP8266_SetMode
                0x0000000008001a24       0x7c Core/Src/esp8266.o
                0x0000000008001a24                ESP8266_SetMode
 .text.ESP8266_RequestSendData
                0x0000000008001aa0       0x4c Core/Src/esp8266.o
                0x0000000008001aa0                ESP8266_RequestSendData
 .text.StartClientConnection.isra.3
                0x0000000008001aec      0x114 Core/Src/esp8266.o
 .text.ESP8266_StartClientConnectionTCP
                0x0000000008001c00       0x1c Core/Src/esp8266.o
                0x0000000008001c00                ESP8266_StartClientConnectionTCP
 .text.ESP8266_Init
                0x0000000008001c1c      0x1dc Core/Src/esp8266.o
                0x0000000008001c1c                ESP8266_Init
 .text.ESP8266_LL_USARTSend
                0x0000000008001df8       0x2c Core/Src/esp8266_ll_template.o
                0x0000000008001df8                ESP8266_LL_USARTSend
 .text.HAL_UART_RxCpltCallback
                0x0000000008001e24       0x48 Core/Src/main.o
                0x0000000008001e24                HAL_UART_RxCpltCallback
 .text.SystemClock_Config
                0x0000000008001e6c       0x94 Core/Src/main.o
                0x0000000008001e6c                SystemClock_Config
 .text.startup.main
                0x0000000008001f00      0x2b8 Core/Src/main.o
                0x0000000008001f00                main
 .text.HAL_UART_TxCpltCallback
                0x00000000080021b8        0x4 Core/Src/main.o
                0x00000000080021b8                HAL_UART_TxCpltCallback
 .text.HAL_TIM_PeriodElapsedCallback
                0x00000000080021bc        0xc Core/Src/main.o
                0x00000000080021bc                HAL_TIM_PeriodElapsedCallback
 .text.ESP8266_Callback_DeviceReady
                0x00000000080021c8        0x2 Core/Src/main.o
                0x00000000080021c8                ESP8266_Callback_DeviceReady
 .text.ESP8266_Callback_WatchdogReset
                0x00000000080021ca        0x2 Core/Src/main.o
                0x00000000080021ca                ESP8266_Callback_WatchdogReset
 .text.ESP8266_Callback_WifiDisconnected
                0x00000000080021cc        0x2 Core/Src/main.o
                0x00000000080021cc                ESP8266_Callback_WifiDisconnected
 .text.ESP8266_Callback_WifiConnected
                0x00000000080021ce        0x2 Core/Src/main.o
                0x00000000080021ce                ESP8266_Callback_WifiConnected
 .text.ESP8266_Callback_WifiConnectFailed
                0x00000000080021d0        0x2 Core/Src/main.o
                0x00000000080021d0                ESP8266_Callback_WifiConnectFailed
 .text.ESP8266_Callback_WifiGotIP
                0x00000000080021d2        0x2 Core/Src/main.o
                0x00000000080021d2                ESP8266_Callback_WifiGotIP
 .text.ESP8266_Callback_WifiIPSet
                0x00000000080021d4        0x2 Core/Src/main.o
                0x00000000080021d4                ESP8266_Callback_WifiIPSet
 .text.ESP8266_Callback_DHCPTimeout
                0x00000000080021d6        0x2 Core/Src/main.o
                0x00000000080021d6                ESP8266_Callback_DHCPTimeout
 .text.ESP8266_Callback_ClientConnectionConnected
                0x00000000080021d8        0x2 Core/Src/main.o
                0x00000000080021d8                ESP8266_Callback_ClientConnectionConnected
 .text.ESP8266_Callback_ClientConnectionError
                0x00000000080021da        0x2 Core/Src/main.o
                0x00000000080021da                ESP8266_Callback_ClientConnectionError
 .text.ESP8266_Callback_ClientConnectionSendData
                0x00000000080021dc        0x2 Core/Src/main.o
                0x00000000080021dc                ESP8266_Callback_ClientConnectionSendData
 .text.ESP8266_Callback_ClientConnectionDataSent
                0x00000000080021de        0x2 Core/Src/main.o
                0x00000000080021de                ESP8266_Callback_ClientConnectionDataSent
 .text.ESP8266_Callback_ClientConnectionDataSentError
                0x00000000080021e0        0x2 Core/Src/main.o
                0x00000000080021e0                ESP8266_Callback_ClientConnectionDataSentError
 .text.ESP8266_Callback_ClientConnectionDataReceived
                0x00000000080021e2        0x2 Core/Src/main.o
                0x00000000080021e2                ESP8266_Callback_ClientConnectionDataReceived
 .text.ESP8266_Callback_ClientConnectionClosed
                0x00000000080021e4        0x2 Core/Src/main.o
                0x00000000080021e4                ESP8266_Callback_ClientConnectionClosed
 .text.ESP8266_Callback_ClientConnectionTimeout
                0x00000000080021e6        0x2 Core/Src/main.o
                0x00000000080021e6                ESP8266_Callback_ClientConnectionTimeout
 .text.Error_Handler
                0x00000000080021e8        0x2 Core/Src/main.o
                0x00000000080021e8                Error_Handler
 *fill*         0x00000000080021ea        0x2 
 .text.HAL_MspInit
                0x00000000080021ec       0x30 Core/Src/stm32l4xx_hal_msp.o
                0x00000000080021ec                HAL_MspInit
 .text.HAL_TIM_Base_MspInit
                0x000000000800221c       0x40 Core/Src/stm32l4xx_hal_msp.o
                0x000000000800221c                HAL_TIM_Base_MspInit
 .text.HAL_UART_MspInit
                0x000000000800225c       0xa8 Core/Src/stm32l4xx_hal_msp.o
                0x000000000800225c                HAL_UART_MspInit
 .text.NMI_Handler
                0x0000000008002304        0x2 Core/Src/stm32l4xx_it.o
                0x0000000008002304                NMI_Handler
 .text.HardFault_Handler
                0x0000000008002306        0x2 Core/Src/stm32l4xx_it.o
                0x0000000008002306                HardFault_Handler
 .text.MemManage_Handler
                0x0000000008002308        0x2 Core/Src/stm32l4xx_it.o
                0x0000000008002308                MemManage_Handler
 .text.BusFault_Handler
                0x000000000800230a        0x2 Core/Src/stm32l4xx_it.o
                0x000000000800230a                BusFault_Handler
 .text.UsageFault_Handler
                0x000000000800230c        0x2 Core/Src/stm32l4xx_it.o
                0x000000000800230c                UsageFault_Handler
 .text.SVC_Handler
                0x000000000800230e        0x2 Core/Src/stm32l4xx_it.o
                0x000000000800230e                SVC_Handler
 .text.DebugMon_Handler
                0x0000000008002310        0x2 Core/Src/stm32l4xx_it.o
                0x0000000008002310                DebugMon_Handler
 .text.PendSV_Handler
                0x0000000008002312        0x2 Core/Src/stm32l4xx_it.o
                0x0000000008002312                PendSV_Handler
 .text.SysTick_Handler
                0x0000000008002314        0x4 Core/Src/stm32l4xx_it.o
                0x0000000008002314                SysTick_Handler
 .text.USART1_IRQHandler
                0x0000000008002318        0xc Core/Src/stm32l4xx_it.o
                0x0000000008002318                USART1_IRQHandler
 .text.TIM6_DAC_IRQHandler
                0x0000000008002324        0xc Core/Src/stm32l4xx_it.o
                0x0000000008002324                TIM6_DAC_IRQHandler
 .text.OTG_FS_IRQHandler
                0x0000000008002330        0xc Core/Src/stm32l4xx_it.o
                0x0000000008002330                OTG_FS_IRQHandler
 .text._sbrk    0x000000000800233c       0x34 Core/Src/sysmem.o
                0x000000000800233c                _sbrk
 .text.SystemInit
                0x0000000008002370       0x48 Core/Src/system_stm32l4xx.o
                0x0000000008002370                SystemInit
 .text.Reset_Handler
                0x00000000080023b8       0x50 Core/Startup/startup_stm32l475retx.o
                0x00000000080023b8                Reset_Handler
 .text.Default_Handler
                0x0000000008002408        0x2 Core/Startup/startup_stm32l475retx.o
                0x0000000008002408                RTC_Alarm_IRQHandler
                0x0000000008002408                EXTI2_IRQHandler
                0x0000000008002408                TIM8_TRG_COM_IRQHandler
                0x0000000008002408                TIM8_CC_IRQHandler
                0x0000000008002408                TIM1_CC_IRQHandler
                0x0000000008002408                TSC_IRQHandler
                0x0000000008002408                TAMP_STAMP_IRQHandler
                0x0000000008002408                EXTI3_IRQHandler
                0x0000000008002408                LPTIM2_IRQHandler
                0x0000000008002408                DFSDM1_FLT1_IRQHandler
                0x0000000008002408                I2C3_ER_IRQHandler
                0x0000000008002408                DFSDM1_FLT2_IRQHandler
                0x0000000008002408                EXTI0_IRQHandler
                0x0000000008002408                I2C2_EV_IRQHandler
                0x0000000008002408                CAN1_RX0_IRQHandler
                0x0000000008002408                FPU_IRQHandler
                0x0000000008002408                TIM1_UP_TIM16_IRQHandler
                0x0000000008002408                ADC1_2_IRQHandler
                0x0000000008002408                SPI1_IRQHandler
                0x0000000008002408                TIM8_UP_IRQHandler
                0x0000000008002408                DMA2_Channel2_IRQHandler
                0x0000000008002408                DMA1_Channel4_IRQHandler
                0x0000000008002408                SAI2_IRQHandler
                0x0000000008002408                DFSDM1_FLT3_IRQHandler
                0x0000000008002408                USART3_IRQHandler
                0x0000000008002408                DMA1_Channel7_IRQHandler
                0x0000000008002408                CAN1_RX1_IRQHandler
                0x0000000008002408                UART5_IRQHandler
                0x0000000008002408                ADC3_IRQHandler
                0x0000000008002408                TIM4_IRQHandler
                0x0000000008002408                DMA2_Channel1_IRQHandler
                0x0000000008002408                QUADSPI_IRQHandler
                0x0000000008002408                I2C1_EV_IRQHandler
                0x0000000008002408                DMA1_Channel6_IRQHandler
                0x0000000008002408                UART4_IRQHandler
                0x0000000008002408                DMA2_Channel4_IRQHandler
                0x0000000008002408                TIM3_IRQHandler
                0x0000000008002408                RCC_IRQHandler
                0x0000000008002408                DMA1_Channel1_IRQHandler
                0x0000000008002408                Default_Handler
                0x0000000008002408                DMA2_Channel7_IRQHandler
                0x0000000008002408                EXTI15_10_IRQHandler
                0x0000000008002408                TIM7_IRQHandler
                0x0000000008002408                SDMMC1_IRQHandler
                0x0000000008002408                TIM5_IRQHandler
                0x0000000008002408                I2C3_EV_IRQHandler
                0x0000000008002408                EXTI9_5_IRQHandler
                0x0000000008002408                RTC_WKUP_IRQHandler
                0x0000000008002408                PVD_PVM_IRQHandler
                0x0000000008002408                SPI2_IRQHandler
                0x0000000008002408                CAN1_TX_IRQHandler
                0x0000000008002408                DMA2_Channel5_IRQHandler
                0x0000000008002408                DMA1_Channel5_IRQHandler
                0x0000000008002408                EXTI4_IRQHandler
                0x0000000008002408                RNG_IRQHandler
                0x0000000008002408                TIM1_TRG_COM_TIM17_IRQHandler
                0x0000000008002408                DMA1_Channel3_IRQHandler
                0x0000000008002408                COMP_IRQHandler
                0x0000000008002408                WWDG_IRQHandler
                0x0000000008002408                LPUART1_IRQHandler
                0x0000000008002408                DMA2_Channel6_IRQHandler
                0x0000000008002408                TIM2_IRQHandler
                0x0000000008002408                EXTI1_IRQHandler
                0x0000000008002408                USART2_IRQHandler
                0x0000000008002408                DFSDM1_FLT0_IRQHandler
                0x0000000008002408                I2C2_ER_IRQHandler
                0x0000000008002408                DMA1_Channel2_IRQHandler
                0x0000000008002408                TIM8_BRK_IRQHandler
                0x0000000008002408                CAN1_SCE_IRQHandler
                0x0000000008002408                FLASH_IRQHandler
                0x0000000008002408                SPI3_IRQHandler
                0x0000000008002408                I2C1_ER_IRQHandler
                0x0000000008002408                FMC_IRQHandler
                0x0000000008002408                SWPMI1_IRQHandler
                0x0000000008002408                LPTIM1_IRQHandler
                0x0000000008002408                SAI1_IRQHandler
                0x0000000008002408                DMA2_Channel3_IRQHandler
                0x0000000008002408                TIM1_BRK_TIM15_IRQHandler
 *fill*         0x000000000800240a        0x2 
 .text.HAL_InitTick
                0x000000000800240c       0x4c Drivers/STM32L4xx_HAL_Driver/Src/stm32l4xx_hal.o
                0x000000000800240c                HAL_InitTick
 .text.HAL_Init
                0x0000000008002458       0x1e Drivers/STM32L4xx_HAL_Driver/Src/stm32l4xx_hal.o
                0x0000000008002458                HAL_Init
 *fill*         0x0000000008002476        0x2 
 .text.HAL_IncTick
                0x0000000008002478       0x18 Drivers/STM32L4xx_HAL_Driver/Src/stm32l4xx_hal.o
                0x0000000008002478                HAL_IncTick
 .text.HAL_GetTick
                0x0000000008002490        0xc Drivers/STM32L4xx_HAL_Driver/Src/stm32l4xx_hal.o
                0x0000000008002490                HAL_GetTick
 .text.HAL_Delay
                0x000000000800249c       0x28 Drivers/STM32L4xx_HAL_Driver/Src/stm32l4xx_hal.o
                0x000000000800249c                HAL_Delay
 .text.HAL_NVIC_SetPriorityGrouping
                0x00000000080024c4       0x24 Drivers/STM32L4xx_HAL_Driver/Src/stm32l4xx_hal_cortex.o
                0x00000000080024c4                HAL_NVIC_SetPriorityGrouping
 .text.HAL_NVIC_SetPriority
                0x00000000080024e8       0x68 Drivers/STM32L4xx_HAL_Driver/Src/stm32l4xx_hal_cortex.o
                0x00000000080024e8                HAL_NVIC_SetPriority
 .text.HAL_NVIC_EnableIRQ
                0x0000000008002550       0x1c Drivers/STM32L4xx_HAL_Driver/Src/stm32l4xx_hal_cortex.o
                0x0000000008002550                HAL_NVIC_EnableIRQ
 .text.HAL_SYSTICK_Config
                0x000000000800256c       0x2c Drivers/STM32L4xx_HAL_Driver/Src/stm32l4xx_hal_cortex.o
                0x000000000800256c                HAL_SYSTICK_Config
 .text.HAL_DMA_Abort_IT
                0x0000000008002598       0x4c Drivers/STM32L4xx_HAL_Driver/Src/stm32l4xx_hal_dma.o
                0x0000000008002598                HAL_DMA_Abort_IT
 .text.HAL_GPIO_Init
                0x00000000080025e4      0x1b8 Drivers/STM32L4xx_HAL_Driver/Src/stm32l4xx_hal_gpio.o
                0x00000000080025e4                HAL_GPIO_Init
 .text.HAL_GPIO_WritePin
                0x000000000800279c        0xa Drivers/STM32L4xx_HAL_Driver/Src/stm32l4xx_hal_gpio.o
                0x000000000800279c                HAL_GPIO_WritePin
 .text.HAL_HCD_HC_Init
                0x00000000080027a6       0x6e Drivers/STM32L4xx_HAL_Driver/Src/stm32l4xx_hal_hcd.o
                0x00000000080027a6                HAL_HCD_HC_Init
 .text.HAL_HCD_HC_Halt
                0x0000000008002814       0x24 Drivers/STM32L4xx_HAL_Driver/Src/stm32l4xx_hal_hcd.o
                0x0000000008002814                HAL_HCD_HC_Halt
 .text.HAL_HCD_Init
                0x0000000008002838       0x94 Drivers/STM32L4xx_HAL_Driver/Src/stm32l4xx_hal_hcd.o
                0x0000000008002838                HAL_HCD_Init
 .text.HAL_HCD_HC_SubmitRequest
                0x00000000080028cc       0xc8 Drivers/STM32L4xx_HAL_Driver/Src/stm32l4xx_hal_hcd.o
                0x00000000080028cc                HAL_HCD_HC_SubmitRequest
 .text.HAL_HCD_IRQHandler
                0x0000000008002994      0x594 Drivers/STM32L4xx_HAL_Driver/Src/stm32l4xx_hal_hcd.o
                0x0000000008002994                HAL_HCD_IRQHandler
 .text.HAL_HCD_Start
                0x0000000008002f28       0x2c Drivers/STM32L4xx_HAL_Driver/Src/stm32l4xx_hal_hcd.o
                0x0000000008002f28                HAL_HCD_Start
 .text.HAL_HCD_Stop
                0x0000000008002f54       0x24 Drivers/STM32L4xx_HAL_Driver/Src/stm32l4xx_hal_hcd.o
                0x0000000008002f54                HAL_HCD_Stop
 .text.HAL_HCD_ResetPort
                0x0000000008002f78        0x6 Drivers/STM32L4xx_HAL_Driver/Src/stm32l4xx_hal_hcd.o
                0x0000000008002f78                HAL_HCD_ResetPort
 .text.HAL_HCD_HC_GetURBState
                0x0000000008002f7e        0xc Drivers/STM32L4xx_HAL_Driver/Src/stm32l4xx_hal_hcd.o
                0x0000000008002f7e                HAL_HCD_HC_GetURBState
 .text.HAL_HCD_HC_GetXferCount
                0x0000000008002f8a        0xa Drivers/STM32L4xx_HAL_Driver/Src/stm32l4xx_hal_hcd.o
                0x0000000008002f8a                HAL_HCD_HC_GetXferCount
 .text.HAL_HCD_GetCurrentFrame
                0x0000000008002f94        0x6 Drivers/STM32L4xx_HAL_Driver/Src/stm32l4xx_hal_hcd.o
                0x0000000008002f94                HAL_HCD_GetCurrentFrame
 .text.HAL_HCD_GetCurrentSpeed
                0x0000000008002f9a        0x6 Drivers/STM32L4xx_HAL_Driver/Src/stm32l4xx_hal_hcd.o
                0x0000000008002f9a                HAL_HCD_GetCurrentSpeed
 .text.HAL_I2CEx_EnableFastModePlus
                0x0000000008002fa0       0x2c Drivers/STM32L4xx_HAL_Driver/Src/stm32l4xx_hal_i2c_ex.o
                0x0000000008002fa0                HAL_I2CEx_EnableFastModePlus
 .text.HAL_PWREx_GetVoltageRange
                0x0000000008002fcc       0x10 Drivers/STM32L4xx_HAL_Driver/Src/stm32l4xx_hal_pwr_ex.o
                0x0000000008002fcc                HAL_PWREx_GetVoltageRange
 .text.HAL_PWREx_ControlVoltageScaling
                0x0000000008002fdc       0x6c Drivers/STM32L4xx_HAL_Driver/Src/stm32l4xx_hal_pwr_ex.o
                0x0000000008002fdc                HAL_PWREx_ControlVoltageScaling
 .text.HAL_PWREx_EnableVddUSB
                0x0000000008003048       0x10 Drivers/STM32L4xx_HAL_Driver/Src/stm32l4xx_hal_pwr_ex.o
                0x0000000008003048                HAL_PWREx_EnableVddUSB
 .text.RCC_SetFlashLatencyFromMSIRange
                0x0000000008003058       0x84 Drivers/STM32L4xx_HAL_Driver/Src/stm32l4xx_hal_rcc.o
 .text.HAL_RCC_GetSysClockFreq
                0x00000000080030dc       0x9c Drivers/STM32L4xx_HAL_Driver/Src/stm32l4xx_hal_rcc.o
                0x00000000080030dc                HAL_RCC_GetSysClockFreq
 .text.HAL_RCC_OscConfig
                0x0000000008003178      0x50c Drivers/STM32L4xx_HAL_Driver/Src/stm32l4xx_hal_rcc.o
                0x0000000008003178                HAL_RCC_OscConfig
 .text.HAL_RCC_ClockConfig
                0x0000000008003684      0x128 Drivers/STM32L4xx_HAL_Driver/Src/stm32l4xx_hal_rcc.o
                0x0000000008003684                HAL_RCC_ClockConfig
 .text.HAL_RCC_GetPCLK1Freq
                0x00000000080037ac       0x24 Drivers/STM32L4xx_HAL_Driver/Src/stm32l4xx_hal_rcc.o
                0x00000000080037ac                HAL_RCC_GetPCLK1Freq
 .text.HAL_RCC_GetPCLK2Freq
                0x00000000080037d0       0x24 Drivers/STM32L4xx_HAL_Driver/Src/stm32l4xx_hal_rcc.o
                0x00000000080037d0                HAL_RCC_GetPCLK2Freq
 .text.RCCEx_PLLSAI1_Config
                0x00000000080037f4      0x118 Drivers/STM32L4xx_HAL_Driver/Src/stm32l4xx_hal_rcc_ex.o
 .text.RCCEx_PLLSAI2_Config
                0x000000000800390c       0xf8 Drivers/STM32L4xx_HAL_Driver/Src/stm32l4xx_hal_rcc_ex.o
 .text.HAL_RCCEx_PeriphCLKConfig
                0x0000000008003a04      0x3cc Drivers/STM32L4xx_HAL_Driver/Src/stm32l4xx_hal_rcc_ex.o
                0x0000000008003a04                HAL_RCCEx_PeriphCLKConfig
 .text.HAL_TIM_Base_Start_IT
                0x0000000008003dd0       0x2c Drivers/STM32L4xx_HAL_Driver/Src/stm32l4xx_hal_tim.o
                0x0000000008003dd0                HAL_TIM_Base_Start_IT
 .text.HAL_TIM_OC_DelayElapsedCallback
                0x0000000008003dfc        0x2 Drivers/STM32L4xx_HAL_Driver/Src/stm32l4xx_hal_tim.o
                0x0000000008003dfc                HAL_TIM_OC_DelayElapsedCallback
 .text.HAL_TIM_IC_CaptureCallback
                0x0000000008003dfe        0x2 Drivers/STM32L4xx_HAL_Driver/Src/stm32l4xx_hal_tim.o
                0x0000000008003dfe                HAL_TIM_IC_CaptureCallback
 .text.HAL_TIM_PWM_PulseFinishedCallback
                0x0000000008003e00        0x2 Drivers/STM32L4xx_HAL_Driver/Src/stm32l4xx_hal_tim.o
                0x0000000008003e00                HAL_TIM_PWM_PulseFinishedCallback
 .text.HAL_TIM_TriggerCallback
                0x0000000008003e02        0x2 Drivers/STM32L4xx_HAL_Driver/Src/stm32l4xx_hal_tim.o
                0x0000000008003e02                HAL_TIM_TriggerCallback
 .text.HAL_TIM_IRQHandler
                0x0000000008003e04      0x160 Drivers/STM32L4xx_HAL_Driver/Src/stm32l4xx_hal_tim.o
                0x0000000008003e04                HAL_TIM_IRQHandler
 .text.TIM_Base_SetConfig
                0x0000000008003f64       0xcc Drivers/STM32L4xx_HAL_Driver/Src/stm32l4xx_hal_tim.o
                0x0000000008003f64                TIM_Base_SetConfig
 .text.HAL_TIM_Base_Init
                0x0000000008004030       0x34 Drivers/STM32L4xx_HAL_Driver/Src/stm32l4xx_hal_tim.o
                0x0000000008004030                HAL_TIM_Base_Init
 .text.HAL_TIMEx_MasterConfigSynchronization
                0x0000000008004064       0x94 Drivers/STM32L4xx_HAL_Driver/Src/stm32l4xx_hal_tim_ex.o
                0x0000000008004064                HAL_TIMEx_MasterConfigSynchronization
 .text.HAL_TIMEx_CommutCallback
                0x00000000080040f8        0x2 Drivers/STM32L4xx_HAL_Driver/Src/stm32l4xx_hal_tim_ex.o
                0x00000000080040f8                HAL_TIMEx_CommutCallback
 .text.HAL_TIMEx_BreakCallback
                0x00000000080040fa        0x2 Drivers/STM32L4xx_HAL_Driver/Src/stm32l4xx_hal_tim_ex.o
                0x00000000080040fa                HAL_TIMEx_BreakCallback
 .text.HAL_TIMEx_Break2Callback
                0x00000000080040fc        0x2 Drivers/STM32L4xx_HAL_Driver/Src/stm32l4xx_hal_tim_ex.o
                0x00000000080040fc                HAL_TIMEx_Break2Callback
 .text.UART_EndRxTransfer
                0x00000000080040fe       0x1c Drivers/STM32L4xx_HAL_Driver/Src/stm32l4xx_hal_uart.o
 .text.UART_TxISR_16BIT
                0x000000000800411a       0x3e Drivers/STM32L4xx_HAL_Driver/Src/stm32l4xx_hal_uart.o
 .text.UART_TxISR_8BIT
                0x0000000008004158       0x3a Drivers/STM32L4xx_HAL_Driver/Src/stm32l4xx_hal_uart.o
 *fill*         0x0000000008004192        0x2 
 .text.HAL_UART_Transmit_IT
                0x0000000008004194       0x64 Drivers/STM32L4xx_HAL_Driver/Src/stm32l4xx_hal_uart.o
                0x0000000008004194                HAL_UART_Transmit_IT
 .text.HAL_UART_Receive_IT
                0x00000000080041f8       0xa8 Drivers/STM32L4xx_HAL_Driver/Src/stm32l4xx_hal_uart.o
                0x00000000080041f8                HAL_UART_Receive_IT
 .text.UART_RxISR_8BIT
                0x00000000080042a0       0x58 Drivers/STM32L4xx_HAL_Driver/Src/stm32l4xx_hal_uart.o
 .text.UART_RxISR_16BIT
                0x00000000080042f8       0x54 Drivers/STM32L4xx_HAL_Driver/Src/stm32l4xx_hal_uart.o
 .text.HAL_UART_ErrorCallback
                0x000000000800434c        0x2 Drivers/STM32L4xx_HAL_Driver/Src/stm32l4xx_hal_uart.o
                0x000000000800434c                HAL_UART_ErrorCallback
 *fill*         0x000000000800434e        0x2 
 .text.HAL_UART_IRQHandler
                0x0000000008004350      0x144 Drivers/STM32L4xx_HAL_Driver/Src/stm32l4xx_hal_uart.o
                0x0000000008004350                HAL_UART_IRQHandler
 .text.UART_DMAAbortOnError
                0x0000000008004494       0x14 Drivers/STM32L4xx_HAL_Driver/Src/stm32l4xx_hal_uart.o
 .text.UART_SetConfig
                0x00000000080044a8      0x330 Drivers/STM32L4xx_HAL_Driver/Src/stm32l4xx_hal_uart.o
                0x00000000080044a8                UART_SetConfig
 .text.UART_AdvFeatureConfig
                0x00000000080047d8       0xa8 Drivers/STM32L4xx_HAL_Driver/Src/stm32l4xx_hal_uart.o
                0x00000000080047d8                UART_AdvFeatureConfig
 .text.UART_WaitOnFlagUntilTimeout
                0x0000000008004880       0x84 Drivers/STM32L4xx_HAL_Driver/Src/stm32l4xx_hal_uart.o
                0x0000000008004880                UART_WaitOnFlagUntilTimeout
 .text.UART_CheckIdleState
                0x0000000008004904       0x60 Drivers/STM32L4xx_HAL_Driver/Src/stm32l4xx_hal_uart.o
                0x0000000008004904                UART_CheckIdleState
 .text.HAL_UART_Init
                0x0000000008004964       0x5c Drivers/STM32L4xx_HAL_Driver/Src/stm32l4xx_hal_uart.o
                0x0000000008004964                HAL_UART_Init
 .text.HAL_UARTEx_WakeupCallback
                0x00000000080049c0        0x2 Drivers/STM32L4xx_HAL_Driver/Src/stm32l4xx_hal_uart_ex.o
                0x00000000080049c0                HAL_UARTEx_WakeupCallback
 *fill*         0x00000000080049c2        0x2 
 .text.USB_CoreReset
                0x00000000080049c4       0x30 Drivers/STM32L4xx_HAL_Driver/Src/stm32l4xx_ll_usb.o
 .text.USB_CoreInit
                0x00000000080049f4       0x6e Drivers/STM32L4xx_HAL_Driver/Src/stm32l4xx_ll_usb.o
                0x00000000080049f4                USB_CoreInit
 .text.USB_EnableGlobalInt
                0x0000000008004a62        0xc Drivers/STM32L4xx_HAL_Driver/Src/stm32l4xx_ll_usb.o
                0x0000000008004a62                USB_EnableGlobalInt
 .text.USB_DisableGlobalInt
                0x0000000008004a6e        0xc Drivers/STM32L4xx_HAL_Driver/Src/stm32l4xx_ll_usb.o
                0x0000000008004a6e                USB_DisableGlobalInt
 .text.USB_SetCurrentMode
                0x0000000008004a7a       0x2e Drivers/STM32L4xx_HAL_Driver/Src/stm32l4xx_ll_usb.o
                0x0000000008004a7a                USB_SetCurrentMode
 .text.USB_FlushTxFifo
                0x0000000008004aa8       0x24 Drivers/STM32L4xx_HAL_Driver/Src/stm32l4xx_ll_usb.o
                0x0000000008004aa8                USB_FlushTxFifo
 .text.USB_FlushRxFifo
                0x0000000008004acc       0x20 Drivers/STM32L4xx_HAL_Driver/Src/stm32l4xx_ll_usb.o
                0x0000000008004acc                USB_FlushRxFifo
 .text.USB_WritePacket
                0x0000000008004aec       0x20 Drivers/STM32L4xx_HAL_Driver/Src/stm32l4xx_ll_usb.o
                0x0000000008004aec                USB_WritePacket
 .text.USB_ReadPacket
                0x0000000008004b0c       0x1c Drivers/STM32L4xx_HAL_Driver/Src/stm32l4xx_ll_usb.o
                0x0000000008004b0c                USB_ReadPacket
 .text.USB_ReadInterrupts
                0x0000000008004b28        0x8 Drivers/STM32L4xx_HAL_Driver/Src/stm32l4xx_ll_usb.o
                0x0000000008004b28                USB_ReadInterrupts
 .text.USB_GetMode
                0x0000000008004b30        0x8 Drivers/STM32L4xx_HAL_Driver/Src/stm32l4xx_ll_usb.o
                0x0000000008004b30                USB_GetMode
 .text.USB_InitFSLSPClkSel
                0x0000000008004b38       0x38 Drivers/STM32L4xx_HAL_Driver/Src/stm32l4xx_ll_usb.o
                0x0000000008004b38                USB_InitFSLSPClkSel
 .text.USB_ResetPort
                0x0000000008004b70       0x3c Drivers/STM32L4xx_HAL_Driver/Src/stm32l4xx_ll_usb.o
                0x0000000008004b70                USB_ResetPort
 .text.USB_DriveVbus
                0x0000000008004bac       0x40 Drivers/STM32L4xx_HAL_Driver/Src/stm32l4xx_ll_usb.o
                0x0000000008004bac                USB_DriveVbus
 .text.USB_HostInit
                0x0000000008004bec       0x9c Drivers/STM32L4xx_HAL_Driver/Src/stm32l4xx_ll_usb.o
                0x0000000008004bec                USB_HostInit
 .text.USB_GetHostSpeed
                0x0000000008004c88       0x16 Drivers/STM32L4xx_HAL_Driver/Src/stm32l4xx_ll_usb.o
                0x0000000008004c88                USB_GetHostSpeed
 .text.USB_GetCurrentFrame
                0x0000000008004c9e        0xa Drivers/STM32L4xx_HAL_Driver/Src/stm32l4xx_ll_usb.o
                0x0000000008004c9e                USB_GetCurrentFrame
 .text.USB_HC_Init
                0x0000000008004ca8       0xf2 Drivers/STM32L4xx_HAL_Driver/Src/stm32l4xx_ll_usb.o
                0x0000000008004ca8                USB_HC_Init
 *fill*         0x0000000008004d9a        0x2 
 .text.USB_HC_StartXfer
                0x0000000008004d9c      0x100 Drivers/STM32L4xx_HAL_Driver/Src/stm32l4xx_ll_usb.o
                0x0000000008004d9c                USB_HC_StartXfer
 .text.USB_HC_ReadInterrupt
                0x0000000008004e9c        0xa Drivers/STM32L4xx_HAL_Driver/Src/stm32l4xx_ll_usb.o
                0x0000000008004e9c                USB_HC_ReadInterrupt
 .text.USB_HC_Halt
                0x0000000008004ea6       0xa4 Drivers/STM32L4xx_HAL_Driver/Src/stm32l4xx_ll_usb.o
                0x0000000008004ea6                USB_HC_Halt
 .text.USB_StopHost
                0x0000000008004f4a       0x6c Drivers/STM32L4xx_HAL_Driver/Src/stm32l4xx_ll_usb.o
                0x0000000008004f4a                USB_StopHost
 *fill*         0x0000000008004fb6        0x2 
 .text.MX_FATFS_Init
                0x0000000008004fb8       0x1c FATFS/App/fatfs.o
                0x0000000008004fb8                MX_FATFS_Init
 .text.get_fattime
                0x0000000008004fd4        0x4 FATFS/App/fatfs.o
                0x0000000008004fd4                get_fattime
 .text.USBH_initialize
                0x0000000008004fd8        0x4 FATFS/Target/usbh_diskio.o
                0x0000000008004fd8                USBH_initialize
 .text.USBH_status
                0x0000000008004fdc       0x18 FATFS/Target/usbh_diskio.o
                0x0000000008004fdc                USBH_status
 .text.USBH_read
                0x0000000008004ff4       0x3c FATFS/Target/usbh_diskio.o
                0x0000000008004ff4                USBH_read
 .text.USBH_ioctl
                0x0000000008005030       0x60 FATFS/Target/usbh_diskio.o
                0x0000000008005030                USBH_ioctl
 .text.USBH_write
                0x0000000008005090       0x48 FATFS/Target/usbh_diskio.o
                0x0000000008005090                USBH_write
 .text.USBH_MSC_SOFProcess
                0x00000000080050d8        0x4 Middlewares/ST/STM32_USB_Host_Library/Class/MSC/Src/usbh_msc.o
 .text.USBH_MSC_Process
                0x00000000080050dc      0x1e4 Middlewares/ST/STM32_USB_Host_Library/Class/MSC/Src/usbh_msc.o
 .text.USBH_MSC_ClassRequest
                0x00000000080052c0       0x6c Middlewares/ST/STM32_USB_Host_Library/Class/MSC/Src/usbh_msc.o
 .text.USBH_MSC_InterfaceDeInit
                0x000000000800532c       0x4c Middlewares/ST/STM32_USB_Host_Library/Class/MSC/Src/usbh_msc.o
 .text.USBH_MSC_InterfaceInit
                0x0000000008005378       0xfc Middlewares/ST/STM32_USB_Host_Library/Class/MSC/Src/usbh_msc.o
 .text.USBH_MSC_RdWrProcess
                0x0000000008005474       0x76 Middlewares/ST/STM32_USB_Host_Library/Class/MSC/Src/usbh_msc.o
 .text.USBH_MSC_UnitIsReady
                0x00000000080054ea       0x22 Middlewares/ST/STM32_USB_Host_Library/Class/MSC/Src/usbh_msc.o
                0x00000000080054ea                USBH_MSC_UnitIsReady
 .text.USBH_MSC_GetLUNInfo
                0x000000000800550c       0x30 Middlewares/ST/STM32_USB_Host_Library/Class/MSC/Src/usbh_msc.o
                0x000000000800550c                USBH_MSC_GetLUNInfo
 .text.USBH_MSC_Read
                0x000000000800553c       0x86 Middlewares/ST/STM32_USB_Host_Library/Class/MSC/Src/usbh_msc.o
                0x000000000800553c                USBH_MSC_Read
 .text.USBH_MSC_Write
                0x00000000080055c2       0x86 Middlewares/ST/STM32_USB_Host_Library/Class/MSC/Src/usbh_msc.o
                0x00000000080055c2                USBH_MSC_Write
 .text.USBH_MSC_BOT_REQ_Reset
                0x0000000008005648       0x10 Middlewares/ST/STM32_USB_Host_Library/Class/MSC/Src/usbh_msc_bot.o
                0x0000000008005648                USBH_MSC_BOT_REQ_Reset
 .text.USBH_MSC_BOT_REQ_GetMaxLUN
                0x0000000008005658       0x12 Middlewares/ST/STM32_USB_Host_Library/Class/MSC/Src/usbh_msc_bot.o
                0x0000000008005658                USBH_MSC_BOT_REQ_GetMaxLUN
 *fill*         0x000000000800566a        0x2 
 .text.USBH_MSC_BOT_Init
                0x000000000800566c       0x24 Middlewares/ST/STM32_USB_Host_Library/Class/MSC/Src/usbh_msc_bot.o
                0x000000000800566c                USBH_MSC_BOT_Init
 .text.USBH_MSC_BOT_Process
                0x0000000008005690      0x1dc Middlewares/ST/STM32_USB_Host_Library/Class/MSC/Src/usbh_msc_bot.o
                0x0000000008005690                USBH_MSC_BOT_Process
 .text.USBH_MSC_SCSI_TestUnitReady
                0x000000000800586c       0x4c Middlewares/ST/STM32_USB_Host_Library/Class/MSC/Src/usbh_msc_scsi.o
                0x000000000800586c                USBH_MSC_SCSI_TestUnitReady
 .text.USBH_MSC_SCSI_ReadCapacity
                0x00000000080058b8       0x68 Middlewares/ST/STM32_USB_Host_Library/Class/MSC/Src/usbh_msc_scsi.o
                0x00000000080058b8                USBH_MSC_SCSI_ReadCapacity
 .text.USBH_MSC_SCSI_Inquiry
                0x0000000008005920       0xd8 Middlewares/ST/STM32_USB_Host_Library/Class/MSC/Src/usbh_msc_scsi.o
                0x0000000008005920                USBH_MSC_SCSI_Inquiry
 .text.USBH_MSC_SCSI_RequestSense
                0x00000000080059f8       0x92 Middlewares/ST/STM32_USB_Host_Library/Class/MSC/Src/usbh_msc_scsi.o
                0x00000000080059f8                USBH_MSC_SCSI_RequestSense
 .text.USBH_MSC_SCSI_Write
                0x0000000008005a8a       0x88 Middlewares/ST/STM32_USB_Host_Library/Class/MSC/Src/usbh_msc_scsi.o
                0x0000000008005a8a                USBH_MSC_SCSI_Write
 .text.USBH_MSC_SCSI_Read
                0x0000000008005b12       0x8a Middlewares/ST/STM32_USB_Host_Library/Class/MSC/Src/usbh_msc_scsi.o
                0x0000000008005b12                USBH_MSC_SCSI_Read
 .text.DeInitStateMachine
                0x0000000008005b9c       0x44 Middlewares/ST/STM32_USB_Host_Library/Core/Src/usbh_core.o
 .text.USBH_Init
                0x0000000008005be0       0x3e Middlewares/ST/STM32_USB_Host_Library/Core/Src/usbh_core.o
                0x0000000008005be0                USBH_Init
 .text.USBH_RegisterClass
                0x0000000008005c1e       0x1a Middlewares/ST/STM32_USB_Host_Library/Core/Src/usbh_core.o
                0x0000000008005c1e                USBH_RegisterClass
 .text.USBH_SelectInterface
                0x0000000008005c38       0x12 Middlewares/ST/STM32_USB_Host_Library/Core/Src/usbh_core.o
                0x0000000008005c38                USBH_SelectInterface
 .text.USBH_FindInterface
                0x0000000008005c4a       0x38 Middlewares/ST/STM32_USB_Host_Library/Core/Src/usbh_core.o
                0x0000000008005c4a                USBH_FindInterface
 .text.USBH_Start
                0x0000000008005c82       0x14 Middlewares/ST/STM32_USB_Host_Library/Core/Src/usbh_core.o
                0x0000000008005c82                USBH_Start
 .text.USBH_Process
                0x0000000008005c96      0x29c Middlewares/ST/STM32_USB_Host_Library/Core/Src/usbh_core.o
                0x0000000008005c96                USBH_Process
 .text.USBH_LL_SetTimer
                0x0000000008005f32        0x6 Middlewares/ST/STM32_USB_Host_Library/Core/Src/usbh_core.o
                0x0000000008005f32                USBH_LL_SetTimer
 .text.USBH_LL_IncTimer
                0x0000000008005f38       0x1c Middlewares/ST/STM32_USB_Host_Library/Core/Src/usbh_core.o
                0x0000000008005f38                USBH_LL_IncTimer
 .text.USBH_LL_PortEnabled
                0x0000000008005f54        0x8 Middlewares/ST/STM32_USB_Host_Library/Core/Src/usbh_core.o
                0x0000000008005f54                USBH_LL_PortEnabled
 .text.USBH_LL_PortDisabled
                0x0000000008005f5c        0x8 Middlewares/ST/STM32_USB_Host_Library/Core/Src/usbh_core.o
                0x0000000008005f5c                USBH_LL_PortDisabled
 .text.USBH_LL_Connect
                0x0000000008005f64       0x14 Middlewares/ST/STM32_USB_Host_Library/Core/Src/usbh_core.o
                0x0000000008005f64                USBH_LL_Connect
 .text.USBH_LL_Disconnect
                0x0000000008005f78       0x2c Middlewares/ST/STM32_USB_Host_Library/Core/Src/usbh_core.o
                0x0000000008005f78                USBH_LL_Disconnect
 .text.USBH_CtlReq
                0x0000000008005fa4      0x180 Middlewares/ST/STM32_USB_Host_Library/Core/Src/usbh_ctlreq.o
                0x0000000008005fa4                USBH_CtlReq
 .text.USBH_GetDescriptor
                0x0000000008006124       0x38 Middlewares/ST/STM32_USB_Host_Library/Core/Src/usbh_ctlreq.o
                0x0000000008006124                USBH_GetDescriptor
 .text.USBH_Get_DevDesc
                0x000000000800615c       0x90 Middlewares/ST/STM32_USB_Host_Library/Core/Src/usbh_ctlreq.o
                0x000000000800615c                USBH_Get_DevDesc
 .text.USBH_Get_CfgDesc
                0x00000000080061ec      0x11a Middlewares/ST/STM32_USB_Host_Library/Core/Src/usbh_ctlreq.o
                0x00000000080061ec                USBH_Get_CfgDesc
 .text.USBH_Get_StringDesc
                0x0000000008006306       0x4e Middlewares/ST/STM32_USB_Host_Library/Core/Src/usbh_ctlreq.o
                0x0000000008006306                USBH_Get_StringDesc
 .text.USBH_SetAddress
                0x0000000008006354       0x1a Middlewares/ST/STM32_USB_Host_Library/Core/Src/usbh_ctlreq.o
                0x0000000008006354                USBH_SetAddress
 .text.USBH_SetCfg
                0x000000000800636e       0x1a Middlewares/ST/STM32_USB_Host_Library/Core/Src/usbh_ctlreq.o
                0x000000000800636e                USBH_SetCfg
 .text.USBH_SetFeature
                0x0000000008006388       0x1a Middlewares/ST/STM32_USB_Host_Library/Core/Src/usbh_ctlreq.o
                0x0000000008006388                USBH_SetFeature
 .text.USBH_ClrFeature
                0x00000000080063a2       0x1a Middlewares/ST/STM32_USB_Host_Library/Core/Src/usbh_ctlreq.o
                0x00000000080063a2                USBH_ClrFeature
 .text.USBH_CtlSendSetup
                0x00000000080063bc       0x22 Middlewares/ST/STM32_USB_Host_Library/Core/Src/usbh_ioreq.o
                0x00000000080063bc                USBH_CtlSendSetup
 .text.USBH_CtlSendData
                0x00000000080063de       0x2e Middlewares/ST/STM32_USB_Host_Library/Core/Src/usbh_ioreq.o
                0x00000000080063de                USBH_CtlSendData
 .text.USBH_CtlReceiveData
                0x000000000800640c       0x20 Middlewares/ST/STM32_USB_Host_Library/Core/Src/usbh_ioreq.o
                0x000000000800640c                USBH_CtlReceiveData
 .text.USBH_BulkSendData
                0x000000000800642c       0x2e Middlewares/ST/STM32_USB_Host_Library/Core/Src/usbh_ioreq.o
                0x000000000800642c                USBH_BulkSendData
 .text.USBH_BulkReceiveData
                0x000000000800645a       0x20 Middlewares/ST/STM32_USB_Host_Library/Core/Src/usbh_ioreq.o
                0x000000000800645a                USBH_BulkReceiveData
 .text.USBH_OpenPipe
                0x000000000800647a       0x1e Middlewares/ST/STM32_USB_Host_Library/Core/Src/usbh_pipes.o
                0x000000000800647a                USBH_OpenPipe
 .text.USBH_ClosePipe
                0x0000000008006498        0xa Middlewares/ST/STM32_USB_Host_Library/Core/Src/usbh_pipes.o
                0x0000000008006498                USBH_ClosePipe
 .text.USBH_AllocPipe
                0x00000000080064a2       0x2e Middlewares/ST/STM32_USB_Host_Library/Core/Src/usbh_pipes.o
                0x00000000080064a2                USBH_AllocPipe
 .text.USBH_FreePipe
                0x00000000080064d0       0x18 Middlewares/ST/STM32_USB_Host_Library/Core/Src/usbh_pipes.o
                0x00000000080064d0                USBH_FreePipe
 .text.disk_status
                0x00000000080064e8       0x14 Middlewares/Third_Party/FatFs/src/diskio.o
                0x00000000080064e8                disk_status
 .text.disk_initialize
                0x00000000080064fc       0x20 Middlewares/Third_Party/FatFs/src/diskio.o
                0x00000000080064fc                disk_initialize
 .text.disk_read
                0x000000000800651c       0x1c Middlewares/Third_Party/FatFs/src/diskio.o
                0x000000000800651c                disk_read
 .text.disk_write
                0x0000000008006538       0x1c Middlewares/Third_Party/FatFs/src/diskio.o
                0x0000000008006538                disk_write
 .text.disk_ioctl
                0x0000000008006554       0x1c Middlewares/Third_Party/FatFs/src/diskio.o
                0x0000000008006554                disk_ioctl
 .text.ld_dword
                0x0000000008006570       0x10 Middlewares/Third_Party/FatFs/src/ff.o
 .text.st_dword
                0x0000000008006580       0x10 Middlewares/Third_Party/FatFs/src/ff.o
 .text.mem_set  0x0000000008006590        0xc Middlewares/Third_Party/FatFs/src/ff.o
 .text.chk_lock
                0x000000000800659c       0x74 Middlewares/Third_Party/FatFs/src/ff.o
 .text.inc_lock
                0x0000000008006610       0x80 Middlewares/Third_Party/FatFs/src/ff.o
 .text.dec_lock
                0x0000000008006690       0x38 Middlewares/Third_Party/FatFs/src/ff.o
 .text.clust2sect
                0x00000000080066c8       0x16 Middlewares/Third_Party/FatFs/src/ff.o
 .text.clmt_clust
                0x00000000080066de       0x22 Middlewares/Third_Party/FatFs/src/ff.o
 .text.get_ldnumber
                0x0000000008006700       0x30 Middlewares/Third_Party/FatFs/src/ff.o
 .text.validate
                0x0000000008006730       0x34 Middlewares/Third_Party/FatFs/src/ff.o
 .text.mem_cpy.part.0
                0x0000000008006764       0x12 Middlewares/Third_Party/FatFs/src/ff.o
 .text.ld_clust.isra.1
                0x0000000008006776       0x1c Middlewares/Third_Party/FatFs/src/ff.o
 .text.st_clust.isra.2
                0x0000000008006792       0x18 Middlewares/Third_Party/FatFs/src/ff.o
 .text.sync_window.part.4
                0x00000000080067aa       0x46 Middlewares/Third_Party/FatFs/src/ff.o
 .text.sync_window
                0x00000000080067f0        0xc Middlewares/Third_Party/FatFs/src/ff.o
 .text.move_window
                0x00000000080067fc       0x36 Middlewares/Third_Party/FatFs/src/ff.o
 *fill*         0x0000000008006832        0x2 
 .text.check_fs
                0x0000000008006834       0x80 Middlewares/Third_Party/FatFs/src/ff.o
 .text.find_volume
                0x00000000080068b4      0x2b4 Middlewares/Third_Party/FatFs/src/ff.o
 .text.put_fat  0x0000000008006b68       0xf8 Middlewares/Third_Party/FatFs/src/ff.o
 .text.get_fat.isra.8
                0x0000000008006c60       0xb4 Middlewares/Third_Party/FatFs/src/ff.o
 .text.create_chain
                0x0000000008006d14       0xb0 Middlewares/Third_Party/FatFs/src/ff.o
 .text.remove_chain
                0x0000000008006dc4       0x6e Middlewares/Third_Party/FatFs/src/ff.o
 .text.sync_fs  0x0000000008006e32       0x96 Middlewares/Third_Party/FatFs/src/ff.o
 .text.dir_sdi.constprop.12
                0x0000000008006ec8       0x66 Middlewares/Third_Party/FatFs/src/ff.o
 .text.dir_next
                0x0000000008006f2e       0xea Middlewares/Third_Party/FatFs/src/ff.o
 .text.follow_path
                0x0000000008007018      0x17c Middlewares/Third_Party/FatFs/src/ff.o
 .text.dir_register
                0x0000000008007194       0x62 Middlewares/Third_Party/FatFs/src/ff.o
 *fill*         0x00000000080071f6        0x2 
 .text.f_mount  0x00000000080071f8       0x68 Middlewares/Third_Party/FatFs/src/ff.o
                0x00000000080071f8                f_mount
 .text.f_open   0x0000000008007260      0x218 Middlewares/Third_Party/FatFs/src/ff.o
                0x0000000008007260                f_open
 .text.f_read   0x0000000008007478      0x15a Middlewares/Third_Party/FatFs/src/ff.o
                0x0000000008007478                f_read
 .text.f_sync   0x00000000080075d2       0x90 Middlewares/Third_Party/FatFs/src/ff.o
                0x00000000080075d2                f_sync
 .text.f_close  0x0000000008007662       0x22 Middlewares/Third_Party/FatFs/src/ff.o
                0x0000000008007662                f_close
 .text.f_lseek  0x0000000008007684      0x236 Middlewares/Third_Party/FatFs/src/ff.o
                0x0000000008007684                f_lseek
 *fill*         0x00000000080078ba        0x2 
 .text.FATFS_LinkDriverEx
                0x00000000080078bc       0x44 Middlewares/Third_Party/FatFs/src/ff_gen_drv.o
                0x00000000080078bc                FATFS_LinkDriverEx
 .text.FATFS_LinkDriver
                0x0000000008007900        0x6 Middlewares/Third_Party/FatFs/src/ff_gen_drv.o
                0x0000000008007900                FATFS_LinkDriver
 *fill*         0x0000000008007906        0x2 
 .text.USBH_UserProcess
                0x0000000008007908       0x40 USB_HOST/App/usb_host.o
 .text.imagesss
                0x0000000008007948      0xe9c USB_HOST/App/usb_host.o
                0x0000000008007948                imagesss
 .text.cam_image
                0x00000000080087e4       0xe4 USB_HOST/App/usb_host.o
                0x00000000080087e4                cam_image
 .text.MX_USB_HOST_Init
                0x00000000080088c8       0x40 USB_HOST/App/usb_host.o
                0x00000000080088c8                MX_USB_HOST_Init
 .text.MX_USB_HOST_Process
                0x0000000008008908        0xc USB_HOST/App/usb_host.o
                0x0000000008008908                MX_USB_HOST_Process
 .text.HAL_HCD_MspInit
                0x0000000008008914       0x9c USB_HOST/Target/usbh_conf.o
                0x0000000008008914                HAL_HCD_MspInit
 .text.HAL_HCD_SOF_Callback
                0x00000000080089b0        0x8 USB_HOST/Target/usbh_conf.o
                0x00000000080089b0                HAL_HCD_SOF_Callback
 .text.HAL_HCD_Connect_Callback
                0x00000000080089b8        0x8 USB_HOST/Target/usbh_conf.o
                0x00000000080089b8                HAL_HCD_Connect_Callback
 .text.HAL_HCD_Disconnect_Callback
                0x00000000080089c0        0x8 USB_HOST/Target/usbh_conf.o
                0x00000000080089c0                HAL_HCD_Disconnect_Callback
 .text.HAL_HCD_HC_NotifyURBChange_Callback
                0x00000000080089c8        0x2 USB_HOST/Target/usbh_conf.o
                0x00000000080089c8                HAL_HCD_HC_NotifyURBChange_Callback
 .text.HAL_HCD_PortEnabled_Callback
                0x00000000080089ca        0x8 USB_HOST/Target/usbh_conf.o
                0x00000000080089ca                HAL_HCD_PortEnabled_Callback
 .text.HAL_HCD_PortDisabled_Callback
                0x00000000080089d2        0x8 USB_HOST/Target/usbh_conf.o
                0x00000000080089d2                HAL_HCD_PortDisabled_Callback
 *fill*         0x00000000080089da        0x2 
 .text.USBH_LL_Init
                0x00000000080089dc       0x4c USB_HOST/Target/usbh_conf.o
                0x00000000080089dc                USBH_LL_Init
 .text.USBH_LL_Start
                0x0000000008008a28       0x1c USB_HOST/Target/usbh_conf.o
                0x0000000008008a28                USBH_LL_Start
 .text.USBH_LL_Stop
                0x0000000008008a44       0x1c USB_HOST/Target/usbh_conf.o
                0x0000000008008a44                USBH_LL_Stop
 .text.USBH_LL_GetSpeed
                0x0000000008008a60       0x1c USB_HOST/Target/usbh_conf.o
                0x0000000008008a60                USBH_LL_GetSpeed
 .text.USBH_LL_ResetPort
                0x0000000008008a7c       0x1c USB_HOST/Target/usbh_conf.o
                0x0000000008008a7c                USBH_LL_ResetPort
 .text.USBH_LL_GetLastXferSize
                0x0000000008008a98        0x8 USB_HOST/Target/usbh_conf.o
                0x0000000008008a98                USBH_LL_GetLastXferSize
 .text.USBH_LL_OpenPipe
                0x0000000008008aa0       0x30 USB_HOST/Target/usbh_conf.o
                0x0000000008008aa0                USBH_LL_OpenPipe
 .text.USBH_LL_ClosePipe
                0x0000000008008ad0       0x1c USB_HOST/Target/usbh_conf.o
                0x0000000008008ad0                USBH_LL_ClosePipe
 .text.USBH_LL_SubmitURB
                0x0000000008008aec       0x34 USB_HOST/Target/usbh_conf.o
                0x0000000008008aec                USBH_LL_SubmitURB
 .text.USBH_LL_GetURBState
                0x0000000008008b20        0x8 USB_HOST/Target/usbh_conf.o
                0x0000000008008b20                USBH_LL_GetURBState
 .text.USBH_LL_DriverVBUS
                0x0000000008008b28       0x1a USB_HOST/Target/usbh_conf.o
                0x0000000008008b28                USBH_LL_DriverVBUS
 .text.USBH_LL_SetToggle
                0x0000000008008b42       0x1e USB_HOST/Target/usbh_conf.o
                0x0000000008008b42                USBH_LL_SetToggle
 .text.USBH_LL_GetToggle
                0x0000000008008b60       0x1c USB_HOST/Target/usbh_conf.o
                0x0000000008008b60                USBH_LL_GetToggle
 .text.USBH_Delay
                0x0000000008008b7c        0x4 USB_HOST/Target/usbh_conf.o
                0x0000000008008b7c                USBH_Delay
 .text.MX_DriverVbusFS
                0x0000000008008b80       0x12 USB_HOST/Target/usbh_platform.o
                0x0000000008008b80                MX_DriverVbusFS
 *fill*         0x0000000008008b92        0x2 
 .text.__errno  0x0000000008008b94        0xc c:/st/stm32cubeide_1.3.0/stm32cubeide/plugins/com.st.stm32cube.ide.mcu.externaltools.gnu-tools-for-stm32.7-2018-q2-update.win32_1.0.0.201904181610/tools/bin/../lib/gcc/arm-none-eabi/7.3.1/../../../../arm-none-eabi/lib/thumb/v7e-m/fpv4-sp/hard\libc_nano.a(lib_a-errno.o)
                0x0000000008008b94                __errno
 .text.__libc_init_array
                0x0000000008008ba0       0x48 c:/st/stm32cubeide_1.3.0/stm32cubeide/plugins/com.st.stm32cube.ide.mcu.externaltools.gnu-tools-for-stm32.7-2018-q2-update.win32_1.0.0.201904181610/tools/bin/../lib/gcc/arm-none-eabi/7.3.1/../../../../arm-none-eabi/lib/thumb/v7e-m/fpv4-sp/hard\libc_nano.a(lib_a-init.o)
                0x0000000008008ba0                __libc_init_array
 .text.malloc   0x0000000008008be8       0x10 c:/st/stm32cubeide_1.3.0/stm32cubeide/plugins/com.st.stm32cube.ide.mcu.externaltools.gnu-tools-for-stm32.7-2018-q2-update.win32_1.0.0.201904181610/tools/bin/../lib/gcc/arm-none-eabi/7.3.1/../../../../arm-none-eabi/lib/thumb/v7e-m/fpv4-sp/hard\libc_nano.a(lib_a-malloc.o)
                0x0000000008008be8                malloc
 .text.free     0x0000000008008bf8       0x10 c:/st/stm32cubeide_1.3.0/stm32cubeide/plugins/com.st.stm32cube.ide.mcu.externaltools.gnu-tools-for-stm32.7-2018-q2-update.win32_1.0.0.201904181610/tools/bin/../lib/gcc/arm-none-eabi/7.3.1/../../../../arm-none-eabi/lib/thumb/v7e-m/fpv4-sp/hard\libc_nano.a(lib_a-malloc.o)
                0x0000000008008bf8                free
 .text.memcmp   0x0000000008008c08       0x1e c:/st/stm32cubeide_1.3.0/stm32cubeide/plugins/com.st.stm32cube.ide.mcu.externaltools.gnu-tools-for-stm32.7-2018-q2-update.win32_1.0.0.201904181610/tools/bin/../lib/gcc/arm-none-eabi/7.3.1/../../../../arm-none-eabi/lib/thumb/v7e-m/fpv4-sp/hard\libc_nano.a(lib_a-memcmp.o)
                0x0000000008008c08                memcmp
 .text.memcpy   0x0000000008008c26       0x16 c:/st/stm32cubeide_1.3.0/stm32cubeide/plugins/com.st.stm32cube.ide.mcu.externaltools.gnu-tools-for-stm32.7-2018-q2-update.win32_1.0.0.201904181610/tools/bin/../lib/gcc/arm-none-eabi/7.3.1/../../../../arm-none-eabi/lib/thumb/v7e-m/fpv4-sp/hard\libc_nano.a(lib_a-memcpy-stub.o)
                0x0000000008008c26                memcpy
 .text.memset   0x0000000008008c3c       0x10 c:/st/stm32cubeide_1.3.0/stm32cubeide/plugins/com.st.stm32cube.ide.mcu.externaltools.gnu-tools-for-stm32.7-2018-q2-update.win32_1.0.0.201904181610/tools/bin/../lib/gcc/arm-none-eabi/7.3.1/../../../../arm-none-eabi/lib/thumb/v7e-m/fpv4-sp/hard\libc_nano.a(lib_a-memset.o)
                0x0000000008008c3c                memset
 .text._free_r  0x0000000008008c4c       0x9c c:/st/stm32cubeide_1.3.0/stm32cubeide/plugins/com.st.stm32cube.ide.mcu.externaltools.gnu-tools-for-stm32.7-2018-q2-update.win32_1.0.0.201904181610/tools/bin/../lib/gcc/arm-none-eabi/7.3.1/../../../../arm-none-eabi/lib/thumb/v7e-m/fpv4-sp/hard\libc_nano.a(lib_a-nano-freer.o)
                0x0000000008008c4c                _free_r
 .text._malloc_r
                0x0000000008008ce8       0xb4 c:/st/stm32cubeide_1.3.0/stm32cubeide/plugins/com.st.stm32cube.ide.mcu.externaltools.gnu-tools-for-stm32.7-2018-q2-update.win32_1.0.0.201904181610/tools/bin/../lib/gcc/arm-none-eabi/7.3.1/../../../../arm-none-eabi/lib/thumb/v7e-m/fpv4-sp/hard\libc_nano.a(lib_a-nano-mallocr.o)
                0x0000000008008ce8                _malloc_r
 .text._sbrk_r  0x0000000008008d9c       0x20 c:/st/stm32cubeide_1.3.0/stm32cubeide/plugins/com.st.stm32cube.ide.mcu.externaltools.gnu-tools-for-stm32.7-2018-q2-update.win32_1.0.0.201904181610/tools/bin/../lib/gcc/arm-none-eabi/7.3.1/../../../../arm-none-eabi/lib/thumb/v7e-m/fpv4-sp/hard\libc_nano.a(lib_a-sbrkr.o)
                0x0000000008008d9c                _sbrk_r
 .text.sprintf  0x0000000008008dbc       0x40 c:/st/stm32cubeide_1.3.0/stm32cubeide/plugins/com.st.stm32cube.ide.mcu.externaltools.gnu-tools-for-stm32.7-2018-q2-update.win32_1.0.0.201904181610/tools/bin/../lib/gcc/arm-none-eabi/7.3.1/../../../../arm-none-eabi/lib/thumb/v7e-m/fpv4-sp/hard\libc_nano.a(lib_a-sprintf.o)
                0x0000000008008dbc                siprintf
                0x0000000008008dbc                sprintf
 .text.strncmp  0x0000000008008dfc       0x24 c:/st/stm32cubeide_1.3.0/stm32cubeide/plugins/com.st.stm32cube.ide.mcu.externaltools.gnu-tools-for-stm32.7-2018-q2-update.win32_1.0.0.201904181610/tools/bin/../lib/gcc/arm-none-eabi/7.3.1/../../../../arm-none-eabi/lib/thumb/v7e-m/fpv4-sp/hard\libc_nano.a(lib_a-strncmp.o)
                0x0000000008008dfc                strncmp
 .text.strstr   0x0000000008008e20       0x34 c:/st/stm32cubeide_1.3.0/stm32cubeide/plugins/com.st.stm32cube.ide.mcu.externaltools.gnu-tools-for-stm32.7-2018-q2-update.win32_1.0.0.201904181610/tools/bin/../lib/gcc/arm-none-eabi/7.3.1/../../../../arm-none-eabi/lib/thumb/v7e-m/fpv4-sp/hard\libc_nano.a(lib_a-strstr.o)
                0x0000000008008e20                strstr
 .text.strtok   0x0000000008008e54       0x54 c:/st/stm32cubeide_1.3.0/stm32cubeide/plugins/com.st.stm32cube.ide.mcu.externaltools.gnu-tools-for-stm32.7-2018-q2-update.win32_1.0.0.201904181610/tools/bin/../lib/gcc/arm-none-eabi/7.3.1/../../../../arm-none-eabi/lib/thumb/v7e-m/fpv4-sp/hard\libc_nano.a(lib_a-strtok.o)
                0x0000000008008e54                strtok
 .text.__strtok_r
                0x0000000008008ea8       0x54 c:/st/stm32cubeide_1.3.0/stm32cubeide/plugins/com.st.stm32cube.ide.mcu.externaltools.gnu-tools-for-stm32.7-2018-q2-update.win32_1.0.0.201904181610/tools/bin/../lib/gcc/arm-none-eabi/7.3.1/../../../../arm-none-eabi/lib/thumb/v7e-m/fpv4-sp/hard\libc_nano.a(lib_a-strtok_r.o)
                0x0000000008008ea8                __strtok_r
 .text.__malloc_lock
                0x0000000008008efc        0x2 c:/st/stm32cubeide_1.3.0/stm32cubeide/plugins/com.st.stm32cube.ide.mcu.externaltools.gnu-tools-for-stm32.7-2018-q2-update.win32_1.0.0.201904181610/tools/bin/../lib/gcc/arm-none-eabi/7.3.1/../../../../arm-none-eabi/lib/thumb/v7e-m/fpv4-sp/hard\libc_nano.a(lib_a-mlock.o)
                0x0000000008008efc                __malloc_lock
 .text.__malloc_unlock
                0x0000000008008efe        0x2 c:/st/stm32cubeide_1.3.0/stm32cubeide/plugins/com.st.stm32cube.ide.mcu.externaltools.gnu-tools-for-stm32.7-2018-q2-update.win32_1.0.0.201904181610/tools/bin/../lib/gcc/arm-none-eabi/7.3.1/../../../../arm-none-eabi/lib/thumb/v7e-m/fpv4-sp/hard\libc_nano.a(lib_a-mlock.o)
                0x0000000008008efe                __malloc_unlock
 .text.__ssputs_r
                0x0000000008008f00       0xb4 c:/st/stm32cubeide_1.3.0/stm32cubeide/plugins/com.st.stm32cube.ide.mcu.externaltools.gnu-tools-for-stm32.7-2018-q2-update.win32_1.0.0.201904181610/tools/bin/../lib/gcc/arm-none-eabi/7.3.1/../../../../arm-none-eabi/lib/thumb/v7e-m/fpv4-sp/hard\libc_nano.a(lib_a-nano-svfprintf.o)
                0x0000000008008f00                __ssputs_r
 .text._svfprintf_r
                0x0000000008008fb4      0x1f0 c:/st/stm32cubeide_1.3.0/stm32cubeide/plugins/com.st.stm32cube.ide.mcu.externaltools.gnu-tools-for-stm32.7-2018-q2-update.win32_1.0.0.201904181610/tools/bin/../lib/gcc/arm-none-eabi/7.3.1/../../../../arm-none-eabi/lib/thumb/v7e-m/fpv4-sp/hard\libc_nano.a(lib_a-nano-svfprintf.o)
                0x0000000008008fb4                _svfiprintf_r
                0x0000000008008fb4                _svfprintf_r
 .text._printf_common
                0x00000000080091a4       0xea c:/st/stm32cubeide_1.3.0/stm32cubeide/plugins/com.st.stm32cube.ide.mcu.externaltools.gnu-tools-for-stm32.7-2018-q2-update.win32_1.0.0.201904181610/tools/bin/../lib/gcc/arm-none-eabi/7.3.1/../../../../arm-none-eabi/lib/thumb/v7e-m/fpv4-sp/hard\libc_nano.a(lib_a-nano-vfprintf_i.o)
                0x00000000080091a4                _printf_common
 *fill*         0x000000000800928e        0x2 
 .text._printf_i
                0x0000000008009290      0x224 c:/st/stm32cubeide_1.3.0/stm32cubeide/plugins/com.st.stm32cube.ide.mcu.externaltools.gnu-tools-for-stm32.7-2018-q2-update.win32_1.0.0.201904181610/tools/bin/../lib/gcc/arm-none-eabi/7.3.1/../../../../arm-none-eabi/lib/thumb/v7e-m/fpv4-sp/hard\libc_nano.a(lib_a-nano-vfprintf_i.o)
                0x0000000008009290                _printf_i
 .text.memmove  0x00000000080094b4       0x32 c:/st/stm32cubeide_1.3.0/stm32cubeide/plugins/com.st.stm32cube.ide.mcu.externaltools.gnu-tools-for-stm32.7-2018-q2-update.win32_1.0.0.201904181610/tools/bin/../lib/gcc/arm-none-eabi/7.3.1/../../../../arm-none-eabi/lib/thumb/v7e-m/fpv4-sp/hard\libc_nano.a(lib_a-memmove.o)
                0x00000000080094b4                memmove
 .text._realloc_r
                0x00000000080094e6       0x4c c:/st/stm32cubeide_1.3.0/stm32cubeide/plugins/com.st.stm32cube.ide.mcu.externaltools.gnu-tools-for-stm32.7-2018-q2-update.win32_1.0.0.201904181610/tools/bin/../lib/gcc/arm-none-eabi/7.3.1/../../../../arm-none-eabi/lib/thumb/v7e-m/fpv4-sp/hard\libc_nano.a(lib_a-nano-reallocr.o)
                0x00000000080094e6                _realloc_r
 .text._malloc_usable_size_r
                0x0000000008009532       0x10 c:/st/stm32cubeide_1.3.0/stm32cubeide/plugins/com.st.stm32cube.ide.mcu.externaltools.gnu-tools-for-stm32.7-2018-q2-update.win32_1.0.0.201904181610/tools/bin/../lib/gcc/arm-none-eabi/7.3.1/../../../../arm-none-eabi/lib/thumb/v7e-m/fpv4-sp/hard\libc_nano.a(lib_a-nano-msizer.o)
                0x0000000008009532                _malloc_usable_size_r
 *(.glue_7)
 .glue_7        0x0000000008009542        0x0 linker stubs
 *(.glue_7t)
 .glue_7t       0x0000000008009542        0x0 linker stubs
 *(.eh_frame)
 *fill*         0x0000000008009542        0x2 
 .eh_frame      0x0000000008009544        0x0 c:/st/stm32cubeide_1.3.0/stm32cubeide/plugins/com.st.stm32cube.ide.mcu.externaltools.gnu-tools-for-stm32.7-2018-q2-update.win32_1.0.0.201904181610/tools/bin/../lib/gcc/arm-none-eabi/7.3.1/thumb/v7e-m/fpv4-sp/hard/crtbegin.o
 *(.init)
 .init          0x0000000008009544        0x4 c:/st/stm32cubeide_1.3.0/stm32cubeide/plugins/com.st.stm32cube.ide.mcu.externaltools.gnu-tools-for-stm32.7-2018-q2-update.win32_1.0.0.201904181610/tools/bin/../lib/gcc/arm-none-eabi/7.3.1/thumb/v7e-m/fpv4-sp/hard/crti.o
                0x0000000008009544                _init
 .init          0x0000000008009548        0x8 c:/st/stm32cubeide_1.3.0/stm32cubeide/plugins/com.st.stm32cube.ide.mcu.externaltools.gnu-tools-for-stm32.7-2018-q2-update.win32_1.0.0.201904181610/tools/bin/../lib/gcc/arm-none-eabi/7.3.1/thumb/v7e-m/fpv4-sp/hard/crtn.o
 *(.fini)
 .fini          0x0000000008009550        0x4 c:/st/stm32cubeide_1.3.0/stm32cubeide/plugins/com.st.stm32cube.ide.mcu.externaltools.gnu-tools-for-stm32.7-2018-q2-update.win32_1.0.0.201904181610/tools/bin/../lib/gcc/arm-none-eabi/7.3.1/thumb/v7e-m/fpv4-sp/hard/crti.o
                0x0000000008009550                _fini
 .fini          0x0000000008009554        0x8 c:/st/stm32cubeide_1.3.0/stm32cubeide/plugins/com.st.stm32cube.ide.mcu.externaltools.gnu-tools-for-stm32.7-2018-q2-update.win32_1.0.0.201904181610/tools/bin/../lib/gcc/arm-none-eabi/7.3.1/thumb/v7e-m/fpv4-sp/hard/crtn.o
                0x000000000800955c                . = ALIGN (0x4)
                0x000000000800955c                _etext = .

.vfp11_veneer   0x000000000800955c        0x0
 .vfp11_veneer  0x000000000800955c        0x0 linker stubs

.v4_bx          0x000000000800955c        0x0
 .v4_bx         0x000000000800955c        0x0 linker stubs

.iplt           0x000000000800955c        0x0
 .iplt          0x000000000800955c        0x0 c:/st/stm32cubeide_1.3.0/stm32cubeide/plugins/com.st.stm32cube.ide.mcu.externaltools.gnu-tools-for-stm32.7-2018-q2-update.win32_1.0.0.201904181610/tools/bin/../lib/gcc/arm-none-eabi/7.3.1/thumb/v7e-m/fpv4-sp/hard/crtbegin.o

.rodata         0x000000000800955c     0x107c
                0x000000000800955c                . = ALIGN (0x4)
 *(.rodata)
 *(.rodata*)
 .rodata.ESP8266_CloseAllConnections.str1.1
                0x000000000800955c       0x10 Core/Src/esp8266.o
 .rodata.ESP8266_GetAP.str1.1
                0x000000000800956c        0xc Core/Src/esp8266.o
 .rodata.ESP8266_GetSTAMAC.str1.1
                0x0000000008009578       0x10 Core/Src/esp8266.o
 .rodata.ESP8266_Init.str1.1
                0x0000000008009588       0x32 Core/Src/esp8266.o
 .rodata.ESP8266_RequestSendData.str1.1
                0x00000000080095ba       0x15 Core/Src/esp8266.o
 .rodata.ESP8266_SetAP.str1.1
                0x00000000080095cf       0x12 Core/Src/esp8266.o
 .rodata.ESP8266_SetMode.str1.1
                0x00000000080095e1       0x15 Core/Src/esp8266.o
 .rodata.ESP8266_SetRFPower.str1.1
                0x00000000080095f6        0xc Core/Src/esp8266.o
                                          0xf (size before relaxing)
 .rodata.ESP8266_StartClientConnectionTCP.str1.1
                0x0000000008009602        0x4 Core/Src/esp8266.o
 .rodata.ESP8266_Update.str1.1
                0x0000000008009606       0x26 Core/Src/esp8266.o
 .rodata.ESP8266_WifiConnect.str1.1
                0x000000000800962c       0x13 Core/Src/esp8266.o
 .rodata.Int2String.str1.1
                0x000000000800963f        0x3 Core/Src/esp8266.o
 .rodata.ParseCIPSTA.str1.1
                0x0000000008009642       0xbe Core/Src/esp8266.o
 .rodata.ParseIP.str1.1
                0x0000000008009700        0x2 Core/Src/esp8266.o
 .rodata.ParseMAC.str1.1
                0x0000000008009702        0x2 Core/Src/esp8266.o
 .rodata.ParseReceived.str1.1
                0x0000000008009702      0x10a Core/Src/esp8266.o
                                        0x116 (size before relaxing)
 .rodata.StartClientConnection.isra.3.str1.1
                0x000000000800980c        0xe Core/Src/esp8266.o
 .rodata.main.str1.1
                0x000000000800981a       0x13 Core/Src/main.o
                                         0x16 (size before relaxing)
 .rodata.AHBPrescTable
                0x000000000800982d       0x10 Core/Src/system_stm32l4xx.o
                0x000000000800982d                AHBPrescTable
 .rodata.APBPrescTable
                0x000000000800983d        0x8 Core/Src/system_stm32l4xx.o
                0x000000000800983d                APBPrescTable
 *fill*         0x0000000008009845        0x3 
 .rodata.MSIRangeTable
                0x0000000008009848       0x30 Core/Src/system_stm32l4xx.o
                0x0000000008009848                MSIRangeTable
 .rodata.CSWTCH.52
                0x0000000008009878        0x4 Drivers/STM32L4xx_HAL_Driver/Src/stm32l4xx_hal_uart.o
 .rodata.CSWTCH.53
                0x000000000800987c        0xd Drivers/STM32L4xx_HAL_Driver/Src/stm32l4xx_hal_uart.o
 *fill*         0x0000000008009889        0x3 
 .rodata.USBH_Driver
                0x000000000800988c       0x14 FATFS/Target/usbh_diskio.o
                0x000000000800988c                USBH_Driver
 .rodata.str1.1
                0x00000000080098a0        0x4 Middlewares/ST/STM32_USB_Host_Library/Class/MSC/Src/usbh_msc.o
 .rodata.ExCvt  0x00000000080098a4       0x80 Middlewares/Third_Party/FatFs/src/ff.o
 .rodata.follow_path.str1.1
                0x0000000008009924        0xf Middlewares/Third_Party/FatFs/src/ff.o
 .rodata.imagesss.str1.1
                0x0000000008009933      0xc69 USB_HOST/App/usb_host.o
 .rodata.CSWTCH.14
                0x000000000800a59c        0x3 USB_HOST/Target/usbh_conf.o
 .rodata.CSWTCH.22
                0x000000000800a59f        0x4 USB_HOST/Target/usbh_conf.o
 .rodata._svfprintf_r.str1.1
                0x000000000800a5a3       0x11 c:/st/stm32cubeide_1.3.0/stm32cubeide/plugins/com.st.stm32cube.ide.mcu.externaltools.gnu-tools-for-stm32.7-2018-q2-update.win32_1.0.0.201904181610/tools/bin/../lib/gcc/arm-none-eabi/7.3.1/../../../../arm-none-eabi/lib/thumb/v7e-m/fpv4-sp/hard\libc_nano.a(lib_a-nano-svfprintf.o)
 .rodata._printf_i.str1.1
                0x000000000800a5b4       0x22 c:/st/stm32cubeide_1.3.0/stm32cubeide/plugins/com.st.stm32cube.ide.mcu.externaltools.gnu-tools-for-stm32.7-2018-q2-update.win32_1.0.0.201904181610/tools/bin/../lib/gcc/arm-none-eabi/7.3.1/../../../../arm-none-eabi/lib/thumb/v7e-m/fpv4-sp/hard\libc_nano.a(lib_a-nano-vfprintf_i.o)
                0x000000000800a5d8                . = ALIGN (0x4)
 *fill*         0x000000000800a5d6        0x2 

.ARM.extab      0x000000000800a5d8        0x0
                0x000000000800a5d8                . = ALIGN (0x4)
 *(.ARM.extab* .gnu.linkonce.armextab.*)
                0x000000000800a5d8                . = ALIGN (0x4)

.ARM            0x000000000800a5d8        0x8
                0x000000000800a5d8                . = ALIGN (0x4)
                0x000000000800a5d8                __exidx_start = .
 *(.ARM.exidx*)
 .ARM.exidx     0x000000000800a5d8        0x8 c:/st/stm32cubeide_1.3.0/stm32cubeide/plugins/com.st.stm32cube.ide.mcu.externaltools.gnu-tools-for-stm32.7-2018-q2-update.win32_1.0.0.201904181610/tools/bin/../lib/gcc/arm-none-eabi/7.3.1/thumb/v7e-m/fpv4-sp/hard\libgcc.a(_udivmoddi4.o)
                0x000000000800a5e0                __exidx_end = .
                0x000000000800a5e0                . = ALIGN (0x4)

.rel.dyn        0x000000000800a5e0        0x0
 .rel.iplt      0x000000000800a5e0        0x0 c:/st/stm32cubeide_1.3.0/stm32cubeide/plugins/com.st.stm32cube.ide.mcu.externaltools.gnu-tools-for-stm32.7-2018-q2-update.win32_1.0.0.201904181610/tools/bin/../lib/gcc/arm-none-eabi/7.3.1/thumb/v7e-m/fpv4-sp/hard/crtbegin.o

.preinit_array  0x000000000800a5e0        0x0
                0x000000000800a5e0                . = ALIGN (0x4)
                0x000000000800a5e0                PROVIDE (__preinit_array_start = .)
 *(.preinit_array*)
                0x000000000800a5e0                PROVIDE (__preinit_array_end = .)
                0x000000000800a5e0                . = ALIGN (0x4)

.init_array     0x000000000800a5e0        0x4
                0x000000000800a5e0                . = ALIGN (0x4)
                0x000000000800a5e0                PROVIDE (__init_array_start = .)
 *(SORT_BY_NAME(.init_array.*))
 *(.init_array*)
 .init_array    0x000000000800a5e0        0x4 c:/st/stm32cubeide_1.3.0/stm32cubeide/plugins/com.st.stm32cube.ide.mcu.externaltools.gnu-tools-for-stm32.7-2018-q2-update.win32_1.0.0.201904181610/tools/bin/../lib/gcc/arm-none-eabi/7.3.1/thumb/v7e-m/fpv4-sp/hard/crtbegin.o
                0x000000000800a5e4                PROVIDE (__init_array_end = .)
                0x000000000800a5e4                . = ALIGN (0x4)

.fini_array     0x000000000800a5e4        0x4
                0x000000000800a5e4                . = ALIGN (0x4)
                [!provide]                        PROVIDE (__fini_array_start = .)
 *(SORT_BY_NAME(.fini_array.*))
 *(.fini_array*)
 .fini_array    0x000000000800a5e4        0x4 c:/st/stm32cubeide_1.3.0/stm32cubeide/plugins/com.st.stm32cube.ide.mcu.externaltools.gnu-tools-for-stm32.7-2018-q2-update.win32_1.0.0.201904181610/tools/bin/../lib/gcc/arm-none-eabi/7.3.1/thumb/v7e-m/fpv4-sp/hard/crtbegin.o
                [!provide]                        PROVIDE (__fini_array_end = .)
                0x000000000800a5e8                . = ALIGN (0x4)
                0x000000000800a5e8                _sidata = LOADADDR (.data)

.data           0x0000000020000000       0x9c load address 0x000000000800a5e8
                0x0000000020000000                . = ALIGN (0x4)
                0x0000000020000000                _sdata = .
 *(.data)
 *(.data*)
 .data.SystemCoreClock
                0x0000000020000000        0x4 Core/Src/system_stm32l4xx.o
                0x0000000020000000                SystemCoreClock
 .data.uwTickFreq
                0x0000000020000004        0x4 Drivers/STM32L4xx_HAL_Driver/Src/stm32l4xx_hal.o
                0x0000000020000004                uwTickFreq
 .data.uwTickPrio
                0x0000000020000008        0x4 Drivers/STM32L4xx_HAL_Driver/Src/stm32l4xx_hal.o
                0x0000000020000008                uwTickPrio
 .data.USBH_msc
                0x000000002000000c       0x20 Middlewares/ST/STM32_USB_Host_Library/Class/MSC/Src/usbh_msc.o
                0x000000002000000c                USBH_msc
 .data.USBDISKPath
                0x000000002000002c        0x4 USB_HOST/App/usb_host.o
                0x000000002000002c                USBDISKPath
 .data.file_count
                0x0000000020000030        0x4 USB_HOST/App/usb_host.o
                0x0000000020000030                file_count
 .data.lernovo  0x0000000020000034        0x1 USB_HOST/App/usb_host.o
                0x0000000020000034                lernovo
 .data.transmitido_anterior
                0x0000000020000035        0x1 USB_HOST/App/usb_host.o
                0x0000000020000035                transmitido_anterior
 *fill*         0x0000000020000036        0x2 
 .data._impure_ptr
                0x0000000020000038        0x4 c:/st/stm32cubeide_1.3.0/stm32cubeide/plugins/com.st.stm32cube.ide.mcu.externaltools.gnu-tools-for-stm32.7-2018-q2-update.win32_1.0.0.201904181610/tools/bin/../lib/gcc/arm-none-eabi/7.3.1/../../../../arm-none-eabi/lib/thumb/v7e-m/fpv4-sp/hard\libc_nano.a(lib_a-impure.o)
                0x0000000020000038                _impure_ptr
 .data.impure_data
                0x000000002000003c       0x60 c:/st/stm32cubeide_1.3.0/stm32cubeide/plugins/com.st.stm32cube.ide.mcu.externaltools.gnu-tools-for-stm32.7-2018-q2-update.win32_1.0.0.201904181610/tools/bin/../lib/gcc/arm-none-eabi/7.3.1/../../../../arm-none-eabi/lib/thumb/v7e-m/fpv4-sp/hard\libc_nano.a(lib_a-impure.o)
                0x000000002000009c                . = ALIGN (0x4)
                0x000000002000009c                _edata = .

.igot.plt       0x000000002000009c        0x0 load address 0x000000000800a684
 .igot.plt      0x000000002000009c        0x0 c:/st/stm32cubeide_1.3.0/stm32cubeide/plugins/com.st.stm32cube.ide.mcu.externaltools.gnu-tools-for-stm32.7-2018-q2-update.win32_1.0.0.201904181610/tools/bin/../lib/gcc/arm-none-eabi/7.3.1/thumb/v7e-m/fpv4-sp/hard/crtbegin.o
                0x000000002000009c                . = ALIGN (0x4)

.bss            0x000000002000009c     0x39ac load address 0x000000000800a684
                0x000000002000009c                _sbss = .
                0x000000002000009c                __bss_start__ = _sbss
 *(.bss)
 .bss           0x000000002000009c       0x1c c:/st/stm32cubeide_1.3.0/stm32cubeide/plugins/com.st.stm32cube.ide.mcu.externaltools.gnu-tools-for-stm32.7-2018-q2-update.win32_1.0.0.201904181610/tools/bin/../lib/gcc/arm-none-eabi/7.3.1/thumb/v7e-m/fpv4-sp/hard/crtbegin.o
 *(.bss*)
 .bss.ConnectionData
                0x00000000200000b8     0x16d3 Core/Src/esp8266.o
 .bss.TMPBuffer
                0x000000002000178b      0x200 Core/Src/esp8266.o
 *fill*         0x000000002000198b        0x1 
 .bss.TMP_Buffer
                0x000000002000198c       0x18 Core/Src/esp8266.o
 .bss.USARTBuffer
                0x00000000200019a4      0x400 Core/Src/esp8266.o
 .bss.USART_Buffer
                0x0000000020001da4       0x18 Core/Src/esp8266.o
 .bss.rx_index  0x0000000020001dbc        0x1 Core/Src/main.o
                0x0000000020001dbc                rx_index
 *fill*         0x0000000020001dbd        0x3 
 .bss.heap_end.6424
                0x0000000020001dc0        0x4 Core/Src/sysmem.o
 .bss.tmpreg.9172
                0x0000000020001dc4        0x4 Drivers/STM32L4xx_HAL_Driver/Src/stm32l4xx_ll_usb.o
 .bss.FatFs     0x0000000020001dc8        0x4 Middlewares/Third_Party/FatFs/src/ff.o
 .bss.Files     0x0000000020001dcc       0x20 Middlewares/Third_Party/FatFs/src/ff.o
 .bss.Fsid      0x0000000020001dec        0x2 Middlewares/Third_Party/FatFs/src/ff.o
 *fill*         0x0000000020001dee        0x2 
 .bss.disk      0x0000000020001df0        0xc Middlewares/Third_Party/FatFs/src/ff_gen_drv.o
                0x0000000020001df0                disk
 .bss.Appli_state
                0x0000000020001dfc        0x1 USB_HOST/App/usb_host.o
                0x0000000020001dfc                Appli_state
 *fill*         0x0000000020001dfd        0x3 
 .bss.opened_image
                0x0000000020001e00        0x4 USB_HOST/App/usb_host.o
                0x0000000020001e00                opened_image
 .bss.size_count
                0x0000000020001e04        0x4 USB_HOST/App/usb_host.o
                0x0000000020001e04                size_count
 .bss.size_image
                0x0000000020001e08        0x4 USB_HOST/App/usb_host.o
                0x0000000020001e08                size_image
 .bss.transmitir
                0x0000000020001e0c        0x1 USB_HOST/App/usb_host.o
                0x0000000020001e0c                transmitir
 *fill*         0x0000000020001e0d        0x3 
 .bss.__malloc_free_list
                0x0000000020001e10        0x4 c:/st/stm32cubeide_1.3.0/stm32cubeide/plugins/com.st.stm32cube.ide.mcu.externaltools.gnu-tools-for-stm32.7-2018-q2-update.win32_1.0.0.201904181610/tools/bin/../lib/gcc/arm-none-eabi/7.3.1/../../../../arm-none-eabi/lib/thumb/v7e-m/fpv4-sp/hard\libc_nano.a(lib_a-nano-mallocr.o)
                0x0000000020001e10                __malloc_free_list
 .bss.__malloc_sbrk_start
                0x0000000020001e14        0x4 c:/st/stm32cubeide_1.3.0/stm32cubeide/plugins/com.st.stm32cube.ide.mcu.externaltools.gnu-tools-for-stm32.7-2018-q2-update.win32_1.0.0.201904181610/tools/bin/../lib/gcc/arm-none-eabi/7.3.1/../../../../arm-none-eabi/lib/thumb/v7e-m/fpv4-sp/hard\libc_nano.a(lib_a-nano-mallocr.o)
                0x0000000020001e14                __malloc_sbrk_start
 *(COMMON)
 COMMON         0x0000000020001e18      0xcc8 Core/Src/main.o
                0x0000000020001e18                read_image
                0x0000000020002618                writeValue
                0x0000000020002654                cnt
                0x0000000020002655                rx_buffer
                0x00000000200027dd                main_state
                0x00000000200027e0                bytes_read
                0x00000000200027e4                huart1
                0x0000000020002864                operator2
                0x0000000020002866                ESP8266_config
                0x0000000020002894                ConnectionGlobal
                0x0000000020002898                operator1
                0x000000002000289c                htim6
                0x00000000200028dc                key
                0x00000000200028dd                rx_data
                0x00000000200028de                operatorChar
                0x00000000200028e4                result
                0x00000000200028e8                ESP8266
 COMMON         0x0000000020002ae0        0x4 Drivers/STM32L4xx_HAL_Driver/Src/stm32l4xx_hal.o
                0x0000000020002ae0                uwTick
 COMMON         0x0000000020002ae4      0x465 FATFS/App/fatfs.o
                0x0000000020002ae4                USBHPath
                0x0000000020002ae8                USBHFile
                0x0000000020002d18                USBHFatFS
                0x0000000020002f48                retUSBH
 *fill*         0x0000000020002f49        0x3 
 COMMON         0x0000000020002f4c      0x834 USB_HOST/App/usb_host.o
                0x0000000020002f4c                hUsbHostFS
                0x000000002000331c                arquivo
                0x0000000020003320                MyFile
                0x0000000020003550                USBDISKFatFs
 COMMON         0x0000000020003780      0x2c4 USB_HOST/Target/usbh_conf.o
                0x0000000020003780                hhcd_USB_OTG_FS
 COMMON         0x0000000020003a44        0x4 c:/st/stm32cubeide_1.3.0/stm32cubeide/plugins/com.st.stm32cube.ide.mcu.externaltools.gnu-tools-for-stm32.7-2018-q2-update.win32_1.0.0.201904181610/tools/bin/../lib/gcc/arm-none-eabi/7.3.1/../../../../arm-none-eabi/lib/thumb/v7e-m/fpv4-sp/hard\libc_nano.a(lib_a-reent.o)
                0x0000000020003a44                errno
                0x0000000020003a48                . = ALIGN (0x4)
                0x0000000020003a48                _ebss = .
                0x0000000020003a48                __bss_end__ = _ebss

._user_heap_stack
                0x0000000020003a48     0x5800 load address 0x000000000800a684
                0x0000000020003a48                . = ALIGN (0x8)
                0x0000000020003a48                PROVIDE (end = .)
                [!provide]                        PROVIDE (_end = .)
                0x0000000020008a48                . = (. + _Min_Heap_Size)
 *fill*         0x0000000020003a48     0x5000 
                0x0000000020009248                . = (. + _Min_Stack_Size)
 *fill*         0x0000000020008a48      0x800 
                0x0000000020009248                . = ALIGN (0x8)

/DISCARD/
 libc.a(*)
 libm.a(*)
 libgcc.a(*)

.ARM.attributes
                0x0000000000000000       0x30
 *(.ARM.attributes)
 .ARM.attributes
                0x0000000000000000       0x22 c:/st/stm32cubeide_1.3.0/stm32cubeide/plugins/com.st.stm32cube.ide.mcu.externaltools.gnu-tools-for-stm32.7-2018-q2-update.win32_1.0.0.201904181610/tools/bin/../lib/gcc/arm-none-eabi/7.3.1/thumb/v7e-m/fpv4-sp/hard/crti.o
 .ARM.attributes