esp8266.c:217:9:ParseNumber	20	static
esp8266.c:561:6:EscapeStringAndSend	24	static
esp8266.c:259:6:ParseIP	48	static
esp8266.c:401:6:ParseCIPSTA	16	static
esp8266.c:283:6:ParseMAC	32	static
esp8266.c:199:6:Int2String	0	static
esp8266.c:547:7:EscapeString	8	static
esp8266.c:572:7:ReverseEscapeString	8	static
esp8266.c:1307:18:ESP8266_DeInit	8	static
esp8266.c:1495:6:ESP8266_TimeUpdate	0	static
esp8266.c:1711:18:ESP8266_AllConnectionsClosed	0	static
esp8266.c:2077:10:ESP8266_DataReceived	8	static
esp8266.c:2088:13:ESP8266_Callback_DeviceReady	0	static
esp8266.c:2095:13:ESP8266_Callback_WatchdogReset	0	static
esp8266.c:2102:13:ESP8266_Callback_WifiDisconnected	0	static
esp8266.c:2109:13:ESP8266_Callback_WifiConnected	0	static
esp8266.c:2116:13:ESP8266_Callback_WifiConnectFailed	0	static
esp8266.c:2123:13:ESP8266_Callback_WifiGotIP	0	static
esp8266.c:2130:13:ESP8266_Callback_WifiIPSet	0	static
esp8266.c:2137:13:ESP8266_Callback_WifiDetected	0	static
esp8266.c:2144:13:ESP8266_Callback_DHCPTimeout	0	static
esp8266.c:2151:13:ESP8266_Callback_ServerConnectionActive	0	static
esp8266.c:2158:13:ESP8266_Callback_ServerConnectionClosed	0	static
esp8266.c:2165:13:ESP8266_Callback_ServerConnectionDataReceived	0	static
esp8266.c:2172:17:ESP8266_Callback_ServerConnectionSendData	0	static
esp8266.c:2182:13:ESP8266_Callback_ServerConnectionDataSent	0	static
esp8266.c:2189:13:ESP8266_Callback_ServerConnectionDataSentError	0	static
esp8266.c:2196:13:ESP8266_Callback_ClientConnectionConnected	0	static
esp8266.c:2203:17:ESP8266_Callback_ClientConnectionSendData	0	static
esp8266.c:2213:13:ESP8266_Callback_ClientConnectionDataSent	0	static
esp8266.c:2220:13:ESP8266_Callback_ClientConnectionDataSentError	0	static
esp8266.c:2227:13:ESP8266_Callback_ClientConnectionDataReceived	0	static
esp8266.c:588:6:CallConnectionCallbacks	24	static
esp8266.c:2234:13:ESP8266_Callback_ClientConnectionError	0	static
esp8266.c:2241:13:ESP8266_Callback_ClientConnectionTimeout	0	static
esp8266.c:2248:13:ESP8266_Callback_ClientConnectionClosed	0	static
esp8266.c:2256:13:ESP8266_Callback_PingStarted	0	static
esp8266.c:2263:13:ESP8266_Callback_PingFinished	0	static
esp8266.c:2295:13:ESP8266_Callback_ConnectedStationsDetected	0	static
esp8266.c:755:10:ParseReceived	48	static
esp8266.c:1317:18:ESP8266_Update	160	static
esp8266.c:530:18:SendCommand	16	static
esp8266.c:1523:18:ESP8266_WifiDisconnect	0	static
esp8266.c:1551:18:ESP8266_WifiGetConnected	0	static
esp8266.c:1707:18:ESP8266_CloseAllConnections	0	static
esp8266.c:1814:18:ESP8266_GetSTAIP	8	static
esp8266.c:1824:18:ESP8266_GetAPIP	8	static
esp8266.c:1837:18:ESP8266_GetSTAMAC	8	static
esp8266.c:1855:18:ESP8266_GetAPMAC	8	static
esp8266.c:1966:18:ESP8266_GetConnectedStations	8	static
esp8266.c:1502:18:ESP8266_WaitReady	16	static
esp8266.c:1558:18:ESP8266_RestoreDefault	24	static
esp8266.c:1767:18:ESP8266_ServerDisable	16	static
esp8266.c:1800:18:ESP8266_GetSTAIPBlocking	8	static
esp8266.c:1807:18:ESP8266_GetAPIPBlocking	8	static
esp8266.c:1881:18:ESP8266_GetAP	8	static
esp8266.c:1166:18:SendUARTCommand.part.0	32	static
esp8266.c:1515:18:ESP8266_IsReady	8	static
esp8266.c:1527:18:ESP8266_WifiConnect	24	static
esp8266.c:1539:18:ESP8266_WifiConnectDefault	24	static
esp8266.c:1573:18:ESP8266_SetRFPower	24	static
esp8266.c:1612:18:ESP8266_SetUARTDefault	8	static
esp8266.c:1619:18:ESP8266_SetSleepMode	24	static
esp8266.c:1632:18:ESP8266_Sleep	32	static
esp8266.c:1649:18:ESP8266_SetMode	32	static
esp8266.c:1674:18:ESP8266_RequestSendData	16	static
esp8266.c:1695:18:ESP8266_CloseConnection	24	static
esp8266.c:1727:18:ESP8266_SetWPS	24	static
esp8266.c:1746:18:ESP8266_ServerEnable	24	static
esp8266.c:1778:18:ESP8266_SetServerTimeout	24	static
esp8266.c:1197:18:SendMACCommand	40	static
esp8266.c:1845:18:ESP8266_SetSTAMAC	0	static
esp8266.c:1850:18:ESP8266_SetSTAMACDefault	0	static
esp8266.c:1863:18:ESP8266_SetAPMAC	0	static
esp8266.c:1867:18:ESP8266_SetAPMACDefault	0	static
esp8266.c:1888:18:ESP8266_SetAP	24	static
esp8266.c:1927:18:ESP8266_SetAPDefault	24	static
esp8266.c:1976:18:ESP8266_SetAutoConnect	24	static
esp8266.c:677:18:StartClientConnection.isra.3	56	static
esp8266.c:1991:18:ESP8266_StartClientConnectionTCP	24	static
esp8266.c:1998:18:ESP8266_StartClientConnectionUDP	24	static
esp8266.c:2005:18:ESP8266_StartClientConnectionSSL	24	static
esp8266.c:2009:18:ESP8266_SetSSLBufferSize	24	static
esp8266.c:2028:18:ESP8266_Ping	16	static
esp8266.c:1237:18:ESP8266_Init	32	static
esp8266.c:1608:18:ESP8266_SetUART	8	static
