main.c:82:6:HAL_UART_RxCpltCallback	8	static,ignoring_inline_asm
main.c:226:6:SystemClock_Config	248	static
main.c:103:5:main	48	static
main.c:394:6:HAL_UART_TxCpltCallback	0	static,ignoring_inline_asm
main.c:400:6:HAL_TIM_PeriodElapsedCallback	0	static
main.c:410:6:ESP8266_Callback_DeviceReady	0	static
main.c:415:6:ESP8266_Callback_WatchdogReset	0	static
main.c:420:6:ESP8266_Callback_WifiDisconnected	0	static
main.c:424:6:ESP8266_Callback_WifiConnected	0	static
main.c:428:6:ESP8266_Callback_WifiConnectFailed	0	static
main.c:432:6:ESP8266_Callback_WifiGotIP	0	static
main.c:436:6:ESP8266_Callback_WifiIPSet	0	static
main.c:441:6:ESP8266_Callback_DHCPTimeout	0	static
main.c:445:6:ESP8266_Callback_WifiDetected	0	static
main.c:462:6:ESP8266_Callback_ClientConnectionConnected	0	static
main.c:472:6:ESP8266_Callback_ClientConnectionError	0	static
main.c:478:10:ESP8266_Callback_ClientConnectionSendData	0	static
main.c:494:6:ESP8266_Callback_ClientConnectionDataSent	0	static
main.c:499:6:ESP8266_Callback_ClientConnectionDataSentError	0	static
main.c:505:6:ESP8266_Callback_ClientConnectionDataReceived	0	static
main.c:513:6:ESP8266_Callback_ClientConnectionClosed	0	static
main.c:518:6:ESP8266_Callback_ClientConnectionTimeout	0	static
main.c:527:6:Error_Handler	0	static
