main.c:82:6:HAL_UART_RxCpltCallback	24	static,ignoring_inline_asm
main.c:103:5:main	16	static
main.c:226:6:SystemClock_Config	232	static
main.c:289:13:MX_TIM6_Init	24	static
main.c:327:13:MX_USART1_UART_Init	8	static
main.c:362:13:MX_GPIO_Init	40	static
main.c:394:6:HAL_UART_TxCpltCallback	16	static,ignoring_inline_asm
main.c:400:6:HAL_TIM_PeriodElapsedCallback	16	static
main.c:410:6:ESP8266_Callback_DeviceReady	16	static
main.c:415:6:ESP8266_Callback_WatchdogReset	16	static
main.c:420:6:ESP8266_Callback_WifiDisconnected	16	static
main.c:424:6:ESP8266_Callback_WifiConnected	16	static
main.c:428:6:ESP8266_Callback_WifiConnectFailed	16	static
main.c:432:6:ESP8266_Callback_WifiGotIP	16	static
main.c:436:6:ESP8266_Callback_WifiIPSet	16	static
main.c:441:6:ESP8266_Callback_DHCPTimeout	16	static
main.c:445:6:ESP8266_Callback_WifiDetected	16	static
main.c:462:6:ESP8266_Callback_ClientConnectionConnected	16	static
main.c:472:6:ESP8266_Callback_ClientConnectionError	16	static
main.c:478:10:ESP8266_Callback_ClientConnectionSendData	24	static
main.c:494:6:ESP8266_Callback_ClientConnectionDataSent	16	static
main.c:499:6:ESP8266_Callback_ClientConnectionDataSentError	16	static
main.c:505:6:ESP8266_Callback_ClientConnectionDataReceived	24	static
main.c:513:6:ESP8266_Callback_ClientConnectionClosed	16	static
main.c:518:6:ESP8266_Callback_ClientConnectionTimeout	16	static
main.c:527:6:Error_Handler	4	static
