Archive member included to satisfy reference by file (symbol)

c:/st/stm32cubeide_1.3.0/stm32cubeide/plugins/com.st.stm32cube.ide.mcu.externaltools.gnu-tools-for-stm32.7-2018-q2-update.win32_1.0.0.201904181610/tools/bin/../lib/gcc/arm-none-eabi/7.3.1/../../../../arm-none-eabi/lib/thumb/v7e-m/fpv4-sp/hard\libc_nano.a(lib_a-errno.o)
                              Core/Src/syscalls.o (__errno)
c:/st/stm32cubeide_1.3.0/stm32cubeide/plugins/com.st.stm32cube.ide.mcu.externaltools.gnu-tools-for-stm32.7-2018-q2-update.win32_1.0.0.201904181610/tools/bin/../lib/gcc/arm-none-eabi/7.3.1/../../../../arm-none-eabi/lib/thumb/v7e-m/fpv4-sp/hard\libc_nano.a(lib_a-exit.o)
                              c:/st/stm32cubeide_1.3.0/stm32cubeide/plugins/com.st.stm32cube.ide.mcu.externaltools.gnu-tools-for-stm32.7-2018-q2-update.win32_1.0.0.201904181610/tools/bin/../lib/gcc/arm-none-eabi/7.3.1/../../../../arm-none-eabi/lib/thumb/v7e-m/fpv4-sp/hard/crt0.o (exit)
c:/st/stm32cubeide_1.3.0/stm32cubeide/plugins/com.st.stm32cube.ide.mcu.externaltools.gnu-tools-for-stm32.7-2018-q2-update.win32_1.0.0.201904181610/tools/bin/../lib/gcc/arm-none-eabi/7.3.1/../../../../arm-none-eabi/lib/thumb/v7e-m/fpv4-sp/hard\libc_nano.a(lib_a-impure.o)
                              c:/st/stm32cubeide_1.3.0/stm32cubeide/plugins/com.st.stm32cube.ide.mcu.externaltools.gnu-tools-for-stm32.7-2018-q2-update.win32_1.0.0.201904181610/tools/bin/../lib/gcc/arm-none-eabi/7.3.1/../../../../arm-none-eabi/lib/thumb/v7e-m/fpv4-sp/hard\libc_nano.a(lib_a-exit.o) (_global_impure_ptr)
c:/st/stm32cubeide_1.3.0/stm32cubeide/plugins/com.st.stm32cube.ide.mcu.externaltools.gnu-tools-for-stm32.7-2018-q2-update.win32_1.0.0.201904181610/tools/bin/../lib/gcc/arm-none-eabi/7.3.1/../../../../arm-none-eabi/lib/thumb/v7e-m/fpv4-sp/hard\libc_nano.a(lib_a-init.o)
                              c:/st/stm32cubeide_1.3.0/stm32cubeide/plugins/com.st.stm32cube.ide.mcu.externaltools.gnu-tools-for-stm32.7-2018-q2-update.win32_1.0.0.201904181610/tools/bin/../lib/gcc/arm-none-eabi/7.3.1/../../../../arm-none-eabi/lib/thumb/v7e-m/fpv4-sp/hard/crt0.o (__libc_init_array)
c:/st/stm32cubeide_1.3.0/stm32cubeide/plugins/com.st.stm32cube.ide.mcu.externaltools.gnu-tools-for-stm32.7-2018-q2-update.win32_1.0.0.201904181610/tools/bin/../lib/gcc/arm-none-eabi/7.3.1/../../../../arm-none-eabi/lib/thumb/v7e-m/fpv4-sp/hard\libc_nano.a(lib_a-malloc.o)
                              Core/Src/buffer.o (malloc)
c:/st/stm32cubeide_1.3.0/stm32cubeide/plugins/com.st.stm32cube.ide.mcu.externaltools.gnu-tools-for-stm32.7-2018-q2-update.win32_1.0.0.201904181610/tools/bin/../lib/gcc/arm-none-eabi/7.3.1/../../../../arm-none-eabi/lib/thumb/v7e-m/fpv4-sp/hard\libc_nano.a(lib_a-memcmp.o)
                              Core/Src/esp8266.o (memcmp)
c:/st/stm32cubeide_1.3.0/stm32cubeide/plugins/com.st.stm32cube.ide.mcu.externaltools.gnu-tools-for-stm32.7-2018-q2-update.win32_1.0.0.201904181610/tools/bin/../lib/gcc/arm-none-eabi/7.3.1/../../../../arm-none-eabi/lib/thumb/v7e-m/fpv4-sp/hard\libc_nano.a(lib_a-memcpy-stub.o)
                              Core/Src/buffer.o (memcpy)
c:/st/stm32cubeide_1.3.0/stm32cubeide/plugins/com.st.stm32cube.ide.mcu.externaltools.gnu-tools-for-stm32.7-2018-q2-update.win32_1.0.0.201904181610/tools/bin/../lib/gcc/arm-none-eabi/7.3.1/../../../../arm-none-eabi/lib/thumb/v7e-m/fpv4-sp/hard\libc_nano.a(lib_a-memset.o)
                              c:/st/stm32cubeide_1.3.0/stm32cubeide/plugins/com.st.stm32cube.ide.mcu.externaltools.gnu-tools-for-stm32.7-2018-q2-update.win32_1.0.0.201904181610/tools/bin/../lib/gcc/arm-none-eabi/7.3.1/../../../../arm-none-eabi/lib/thumb/v7e-m/fpv4-sp/hard/crt0.o (memset)
c:/st/stm32cubeide_1.3.0/stm32cubeide/plugins/com.st.stm32cube.ide.mcu.externaltools.gnu-tools-for-stm32.7-2018-q2-update.win32_1.0.0.201904181610/tools/bin/../lib/gcc/arm-none-eabi/7.3.1/../../../../arm-none-eabi/lib/thumb/v7e-m/fpv4-sp/hard\libc_nano.a(lib_a-nano-freer.o)
                              c:/st/stm32cubeide_1.3.0/stm32cubeide/plugins/com.st.stm32cube.ide.mcu.externaltools.gnu-tools-for-stm32.7-2018-q2-update.win32_1.0.0.201904181610/tools/bin/../lib/gcc/arm-none-eabi/7.3.1/../../../../arm-none-eabi/lib/thumb/v7e-m/fpv4-sp/hard\libc_nano.a(lib_a-malloc.o) (_free_r)
c:/st/stm32cubeide_1.3.0/stm32cubeide/plugins/com.st.stm32cube.ide.mcu.externaltools.gnu-tools-for-stm32.7-2018-q2-update.win32_1.0.0.201904181610/tools/bin/../lib/gcc/arm-none-eabi/7.3.1/../../../../arm-none-eabi/lib/thumb/v7e-m/fpv4-sp/hard\libc_nano.a(lib_a-nano-mallocr.o)
                              c:/st/stm32cubeide_1.3.0/stm32cubeide/plugins/com.st.stm32cube.ide.mcu.externaltools.gnu-tools-for-stm32.7-2018-q2-update.win32_1.0.0.201904181610/tools/bin/../lib/gcc/arm-none-eabi/7.3.1/../../../../arm-none-eabi/lib/thumb/v7e-m/fpv4-sp/hard\libc_nano.a(lib_a-malloc.o) (_malloc_r)
[...]
Memory Configuration

Name             Origin             Length             Attributes
RAM              0x0000000020000000 0x0000000000018000 xrw
RAM2             0x0000000010000000 0x0000000000008000 xrw
FLASH            0x0000000008000000 0x0000000000080000 xr
*default*        0x0000000000000000 0xffffffffffffffff

Linker script and memory map

LOAD c:/st/stm32cubeide_1.3.0/stm32cubeide/plugins/com.st.stm32cube.ide.mcu.externaltools.gnu-tools-for-stm32.7-2018-q2-update.win32_1.0.0.201904181610/tools/bin/../lib/gcc/arm-none-eabi/7.3.1/thumb/v7e-m/fpv4-sp/hard/crti.o
LOAD c:/st/stm32cubeide_1.3.0/stm32cubeide/plugins/com.st.stm32cube.ide.mcu.externaltools.gnu-tools-for-stm32.7-2018-q2-update.win32_1.0.0.201904181610/tools/bin/../lib/gcc/arm-none-eabi/7.3.1/thumb/v7e-m/fpv4-sp/hard/crtbegin.o
LOAD c:/st/stm32cubeide_1.3.0/stm32cubeide/plugins/com.st.stm32cube.ide.mcu.externaltools.gnu-tools-for-stm32.7-2018-q2-update.win32_1.0.0.201904181610/tools/bin/../lib/gcc/arm-none-eabi/7.3.1/../../../../arm-none-eabi/lib/thumb/v7e-m/fpv4-sp/hard/crt0.o
LOAD Core/Src/buffer.o
LOAD Core/Src/esp8266.o
LOAD Core/Src/esp8266_ll_template.o
LOAD Core/Src/main.o
LOAD Core/Src/stm32l4xx_hal_msp.o
LOAD Core/Src/stm32l4xx_it.o
LOAD Core/Src/syscalls.o
LOAD Core/Src/sysmem.o
LOAD Core/Src/system_stm32l4xx.o
LOAD Core/Startup/startup_stm32l475retx.o
LOAD Drivers/STM32L4xx_HAL_Driver/Src/stm32l4xx_hal.o
LOAD Drivers/STM32L4xx_HAL_Driver/Src/stm32l4xx_hal_cortex.o
LOAD Drivers/STM32L4xx_HAL_Driver/Src/stm32l4xx_hal_dma.o
LOAD Drivers/STM32L4xx_HAL_Driver/Src/stm32l4xx_hal_dma_ex.o
LOAD Drivers/STM32L4xx_HAL_Driver/Src/stm32l4xx_hal_exti.o
LOAD Drivers/STM32L4xx_HAL_Driver/Src/stm32l4xx_hal_flash.o
LOAD Drivers/STM32L4xx_HAL_Driver/Src/stm32l4xx_hal_flash_ex.o
LOAD Drivers/STM32L4xx_HAL_Driver/Src/stm32l4xx_hal_flash_ramfunc.o
LOAD Drivers/STM32L4xx_HAL_Driver/Src/stm32l4xx_hal_gpio.o
LOAD Drivers/STM32L4xx_HAL_Driver/Src/stm32l4xx_hal_hcd.o
LOAD Drivers/STM32L4xx_HAL_Driver/Src/stm32l4xx_hal_i2c.o
LOAD Drivers/STM32L4xx_HAL_Driver/Src/stm32l4xx_hal_i2c_ex.o
LOAD Drivers/STM32L4xx_HAL_Driver/Src/stm32l4xx_hal_pwr.o
LOAD Drivers/STM32L4xx_HAL_Driver/Src/stm32l4xx_hal_pwr_ex.o
LOAD Drivers/STM32L4xx_HAL_Driver/Src/stm32l4xx_hal_rcc.o
LOAD Drivers/STM32L4xx_HAL_Driver/Src/stm32l4xx_hal_rcc_ex.o
LOAD Drivers/STM32L4xx_HAL_Driver/Src/stm32l4xx_hal_tim.o
LOAD Drivers/STM32L4xx_HAL_Driver/Src/stm32l4xx_hal_tim_ex.o
LOAD Drivers/STM32L4xx_HAL_Driver/Src/stm32l4xx_hal_uart.o
LOAD Drivers/STM32L4xx_HAL_Driver/Src/stm32l4xx_hal_uart_ex.o
LOAD Drivers/STM32L4xx_HAL_Driver/Src/stm32l4xx_ll_usb.o
LOAD FATFS/App/fatfs.o
LOAD FATFS/Target/usbh_diskio.o
LOAD Middlewares/ST/STM32_USB_Host_Library/Class/MSC/Src/usbh_msc.o
LOAD Middlewares/ST/STM32_USB_Host_Library/Class/MSC/Src/usbh_msc_bot.o
LOAD Middlewares/ST/STM32_USB_Host_Library/Class/MSC/Src/usbh_msc_scsi.o
LOAD Middlewares/ST/STM32_USB_Host_Library/Core/Src/usbh_core.o
LOAD Middlewares/ST/STM32_USB_Host_Library/Core/Src/usbh_ctlreq.o
LOAD Middlewares/ST/STM32_USB_Host_Library/Core/Src/usbh_ioreq.o
LOAD Middlewares/ST/STM32_USB_Host_Library/Core/Src/usbh_pipes.o
LOAD Middlewares/Third_Party/FatFs/src/diskio.o
LOAD Middlewares/Third_Party/FatFs/src/ff.o
LOAD Middlewares/Third_Party/FatFs/src/ff_gen_drv.o
LOAD Middlewares/Third_Party/FatFs/src/option/syscall.o
LOAD USB_HOST/App/usb_host.o
LOAD USB_HOST/Target/usbh_conf.o
LOAD USB_HOST/Target/usbh_platform.o
START GROUP
LOAD c:/st/stm32cubeide_1.3.0/stm32cubeide/plugins/com.st.stm32cube.ide.mcu.externaltools.gnu-tools-for-stm32.7-2018-q2-update.win32_1.0.0.201904181610/tools/bin/../lib/gcc/arm-none-eabi/7.3.1/../../../../arm-none-eabi/lib/thumb/v7e-m/fpv4-sp/hard\libc_nano.a
LOAD c:/st/stm32cubeide_1.3.0/stm32cubeide/plugins/com.st.stm32cube.ide.mcu.externaltools.gnu-tools-for-stm32.7-2018-q2-update.win32_1.0.0.201904181610/tools/bin/../lib/gcc/arm-none-eabi/7.3.1/../../../../arm-none-eabi/lib/thumb/v7e-m/fpv4-sp/hard\libm.a
END GROUP
START GROUP
LOAD c:/st/stm32cubeide_1.3.0/stm32cubeide/plugins/com.st.stm32cube.ide.mcu.externaltools.gnu-tools-for-stm32.7-2018-q2-update.win32_1.0.0.201904181610/tools/bin/../lib/gcc/arm-none-eabi/7.3.1/thumb/v7e-m/fpv4-sp/hard\libgcc.a
LOAD c:/st/stm32cubeide_1.3.0/stm32cubeide/plugins/com.st.stm32cube.ide.mcu.externaltools.gnu-tools-for-stm32.7-2018-q2-update.win32_1.0.0.201904181610/tools/bin/../lib/gcc/arm-none-eabi/7.3.1/../../../../arm-none-eabi/lib/thumb/v7e-m/fpv4-sp/hard\libc_nano.a
END GROUP
START GROUP
LOAD c:/st/stm32cubeide_1.3.0/stm32cubeide/plugins/com.st.stm32cube.ide.mcu.externaltools.gnu-tools-for-stm32.7-2018-q2-update.win32_1.0.0.201904181610/tools/bin/../lib/gcc/arm-none-eabi/7.3.1/thumb/v7e-m/fpv4-sp/hard\libgcc.a
LOAD c:/st/stm32cubeide_1.3.0/stm32cubeide/plugins/com.st.stm32cube.ide.mcu.externaltools.gnu-tools-for-stm32.7-2018-q2-update.win32_1.0.0.201904181610/tools/bin/../lib/gcc/arm-none-eabi/7.3.1/../../../../arm-none-eabi/lib/thumb/v7e-m/fpv4-sp/hard\libc_nano.a
LOAD c:/st/stm32cubeide_1.3.0/stm32cubeide/plugins/com.st.stm32cube.ide.mcu.externaltools.gnu-tools-for-stm32.7-2018-q2-update.win32_1.0.0.201904181610/tools/bin/../lib/gcc/arm-none-eabi/7.3.1/../../../../arm-none-eabi/lib/thumb/v7e-m/fpv4-sp/hard\libnosys.a
END GROUP
START GROUP
LOAD c:/st/stm32cubeide_1.3.0/stm32cubeide/plugins/com.st.stm32cube.ide.mcu.externaltools.gnu-tools-for-stm32.7-2018-q2-update.win32_1.0.0.201904181610/tools/bin/../lib/gcc/arm-none-eabi/7.3.1/thumb/v7e-m/fpv4-sp/hard\libgcc.a
LOAD c:/st/stm32cubeide_1.3.0/stm32cubeide/plugins/com.st.stm32cube.ide.mcu.externaltools.gnu-tools-for-stm32.7-2018-q2-update.win32_1.0.0.201904181610/tools/bin/../lib/gcc/arm-none-eabi/7.3.1/../../../../arm-none-eabi/lib/thumb/v7e-m/fpv4-sp/hard\libc_nano.a
LOAD c:/st/stm32cubeide_1.3.0/stm32cubeide/plugins/com.st.stm32cube.ide.mcu.externaltools.gnu-tools-for-stm32.7-2018-q2-update.win32_1.0.0.201904181610/tools/bin/../lib/gcc/arm-none-eabi/7.3.1/../../../../arm-none-eabi/lib/thumb/v7e-m/fpv4-sp/hard\libnosys.a
END GROUP
LOAD c:/st/stm32cubeide_1.3.0/stm32cubeide/plugins/com.st.stm32cube.ide.mcu.externaltools.gnu-tools-for-stm32.7-2018-q2-update.win32_1.0.0.201904181610/tools/bin/../lib/gcc/arm-none-eabi/7.3.1/thumb/v7e-m/fpv4-sp/hard/crtend.o
LOAD c:/st/stm32cubeide_1.3.0/stm32cubeide/plugins/com.st.stm32cube.ide.mcu.externaltools.gnu-tools-for-stm32.7-2018-q2-update.win32_1.0.0.201904181610/tools/bin/../lib/gcc/arm-none-eabi/7.3.1/thumb/v7e-m/fpv4-sp/hard/crtn.o
                0x0000000020018000                _estack = (ORIGIN (RAM) + LENGTH (RAM))
                0x0000000000005000                _Min_Heap_Size = 0x5000
                0x0000000000000800                _Min_Stack_Size = 0x800

.isr_vector     0x0000000008000000      0x188
                0x0000000008000000                . = ALIGN (0x4)
 *(.isr_vector)
 .isr_vector    0x0000000008000000      0x188 Core/Startup/startup_stm32l475retx.o
                0x0000000008000000                g_pfnVectors
                0x0000000008000188                . = ALIGN (0x4)

.text           0x0000000008000190    0x110d4
                0x0000000008000190                . = ALIGN (0x4)
 *(.text)
 .text          0x0000000008000190       0x40 c:/st/stm32cubeide_1.3.0/stm32cubeide/plugins/com.st.stm32cube.ide.mcu.externaltools.gnu-tools-for-stm32.7-2018-q2-update.win32_1.0.0.201904181610/tools/bin/../lib/gcc/arm-none-eabi/7.3.1/thumb/v7e-m/fpv4-sp/hard/crtbegin.o
 .text          0x00000000080001d0       0x14 c:/st/stm32cubeide_1.3.0/stm32cubeide/plugins/com.st.stm32cube.ide.mcu.externaltools.gnu-tools-for-stm32.7-2018-q2-update.win32_1.0.0.201904181610/tools/bin/../lib/gcc/arm-none-eabi/7.3.1/../../../../arm-none-eabi/lib/thumb/v7e-m/fpv4-sp/hard\libc_nano.a(lib_a-strcmp.o)
                0x00000000080001d0                strcmp
 .text          0x00000000080001e4       0x10 c:/st/stm32cubeide_1.3.0/stm32cubeide/plugins/com.st.stm32cube.ide.mcu.externaltools.gnu-tools-for-stm32.7-2018-q2-update.win32_1.0.0.201904181610/tools/bin/../lib/gcc/arm-none-eabi/7.3.1/../../../../arm-none-eabi/lib/thumb/v7e-m/fpv4-sp/hard\libc_nano.a(lib_a-strlen.o)
                0x00000000080001e4                strlen
 *fill*         0x00000000080001f4        0xc 
 .text          0x0000000008000200       0xa0 c:/st/stm32cubeide_1.3.0/stm32cubeide/plugins/com.st.stm32cube.ide.mcu.externaltools.gnu-tools-for-stm32.7-2018-q2-update.win32_1.0.0.201904181610/tools/bin/../lib/gcc/arm-none-eabi/7.3.1/../../../../arm-none-eabi/lib/thumb/v7e-m/fpv4-sp/hard\libc_nano.a(lib_a-memchr.o)
                0x0000000008000200                memchr
 .text          0x00000000080002a0       0x30 c:/st/stm32cubeide_1.3.0/stm32cubeide/plugins/com.st.stm32cube.ide.mcu.externaltools.gnu-tools-for-stm32.7-2018-q2-update.win32_1.0.0.201904181610/tools/bin/../lib/gcc/arm-none-eabi/7.3.1/thumb/v7e-m/fpv4-sp/hard\libgcc.a(_aeabi_uldivmod.o)
                0x00000000080002a0                __aeabi_uldivmod
 .text          0x00000000080002d0      0x2cc c:/st/stm32cubeide_1.3.0/stm32cubeide/plugins/com.st.stm32cube.ide.mcu.externaltools.gnu-tools-for-stm32.7-2018-q2-update.win32_1.0.0.201904181610/tools/bin/../lib/gcc/arm-none-eabi/7.3.1/thumb/v7e-m/fpv4-sp/hard\libgcc.a(_udivmoddi4.o)
                0x00000000080002d0                __udivmoddi4
 .text          0x000000000800059c        0x4 c:/st/stm32cubeide_1.3.0/stm32cubeide/plugins/com.st.stm32cube.ide.mcu.externaltools.gnu-tools-for-stm32.7-2018-q2-update.win32_1.0.0.201904181610/tools/bin/../lib/gcc/arm-none-eabi/7.3.1/thumb/v7e-m/fpv4-sp/hard\libgcc.a(_dvmd_tls.o)
                0x000000000800059c                __aeabi_idiv0
                0x000000000800059c                __aeabi_ldiv0
 *(.text*)
 .text.BUFFER_Init
                0x00000000080005a0       0x80 Core/Src/buffer.o
                0x00000000080005a0                BUFFER_Init
 .text.BUFFER_Write
                0x0000000008000620       0xd6 Core/Src/buffer.o
                0x0000000008000620                BUFFER_Write
 .text.BUFFER_WriteToTop
                0x00000000080006f6       0xba Core/Src/buffer.o
                0x00000000080006f6                BUFFER_WriteToTop
 .text.BUFFER_Read
                0x00000000080007b0       0xd6 Core/Src/buffer.o
                0x00000000080007b0                BUFFER_Read
 .text.BUFFER_GetFree
                0x0000000008000886       0x66 Core/Src/buffer.o
                0x0000000008000886                BUFFER_GetFree
 .text.BUFFER_GetFull
                0x00000000080008ec       0x5e Core/Src/buffer.o
                0x00000000080008ec                BUFFER_GetFull
 .text.BUFFER_Reset
                0x000000000800094a       0x28 Core/Src/buffer.o
                0x000000000800094a                BUFFER_Reset
 .text.BUFFER_FindElement
                0x0000000008000972       0x72 Core/Src/buffer.o
                0x0000000008000972                BUFFER_FindElement
 .text.BUFFER_Find
                0x00000000080009e4       0xea Core/Src/buffer.o
                0x00000000080009e4                BUFFER_Find
 .text.BUFFER_WriteString
                0x0000000008000ace       0x26 Core/Src/buffer.o
                0x0000000008000ace                BUFFER_WriteString
 .text.BUFFER_ReadString
                0x0000000008000af4       0xc0 Core/Src/buffer.o
                0x0000000008000af4                BUFFER_ReadString
 .text.mem_mem  0x0000000008000bb4       0x82 Core/Src/esp8266.o
 *fill*         0x0000000008000c36        0x2 
 .text.Int2String
                0x0000000008000c38       0x20 Core/Src/esp8266.o
 .text.Hex2Num  0x0000000008000c58       0x54 Core/Src/esp8266.o
 .text.ParseNumber
                0x0000000008000cac       0x88 Core/Src/esp8266.o
 .text.ParseHexNumber
                0x0000000008000d34       0x80 Core/Src/esp8266.o
 .text.ParseIP  0x0000000008000db4       0xac Core/Src/esp8266.o
 .text.ParseMAC
                0x0000000008000e60       0x84 Core/Src/esp8266.o
 .text.ParseCWSAP
                0x0000000008000ee4      0x17a Core/Src/esp8266.o
 *fill*         0x000000000800105e        0x2 
 .text.ParseCIPSTA
                0x0000000008001060      0x29c Core/Src/esp8266.o
 .text.ParseCWLIF
                0x00000000080012fc       0x7e Core/Src/esp8266.o
 *fill*         0x000000000800137a        0x2 
 .text.ParseCWJAP
                0x000000000800137c      0x100 Core/Src/esp8266.o
 .text.SendCommand
                0x000000000800147c       0x78 Core/Src/esp8266.o
 .text.EscapeStringAndSend
                0x00000000080014f4       0x50 Core/Src/esp8266.o
 .text.CallConnectionCallbacks
                0x0000000008001544      0x12c Core/Src/esp8266.o
 .text.ProcessSendData
                0x0000000008001670       0xb4 Core/Src/esp8266.o
 .text.ESP8266_SetMux
                0x0000000008001724       0xa0 Core/Src/esp8266.o
 .text.ESP8266_Setdinfo
                0x00000000080017c4       0xa0 Core/Src/esp8266.o
 .text.StartClientConnection
                0x0000000008001864      0x258 Core/Src/esp8266.o
 .text.ParseReceived
                0x0000000008001abc      0xd54 Core/Src/esp8266.o
 .text.ESP8266_Init
                0x0000000008002810      0x170 Core/Src/esp8266.o
                0x0000000008002810                ESP8266_Init
 .text.ESP8266_Update
                0x0000000008002980      0x508 Core/Src/esp8266.o
                0x0000000008002980                ESP8266_Update
 .text.ESP8266_TimeUpdate
                0x0000000008002e88       0x22 Core/Src/esp8266.o
                0x0000000008002e88                ESP8266_TimeUpdate
 *fill*         0x0000000008002eaa        0x2 
 .text.ESP8266_WaitReady
                0x0000000008002eac       0x54 Core/Src/esp8266.o
                0x0000000008002eac                ESP8266_WaitReady
 .text.ESP8266_WifiConnect
                0x0000000008002f00       0x70 Core/Src/esp8266.o
                0x0000000008002f00                ESP8266_WifiConnect
 .text.ESP8266_SetMode
                0x0000000008002f70       0xac Core/Src/esp8266.o
                0x0000000008002f70                ESP8266_SetMode
 .text.ESP8266_RequestSendData
                0x000000000800301c       0x74 Core/Src/esp8266.o
                0x000000000800301c                ESP8266_RequestSendData
 .text.ESP8266_CloseAllConnections
                0x0000000008003090       0x24 Core/Src/esp8266.o
                0x0000000008003090                ESP8266_CloseAllConnections
 .text.ESP8266_GetSTAMAC
                0x00000000080030b4       0x44 Core/Src/esp8266.o
                0x00000000080030b4                ESP8266_GetSTAMAC
 .text.ESP8266_GetAP
                0x00000000080030f8       0x3c Core/Src/esp8266.o
                0x00000000080030f8                ESP8266_GetAP
 .text.ESP8266_StartClientConnectionTCP
                0x0000000008003134       0x38 Core/Src/esp8266.o
                0x0000000008003134                ESP8266_StartClientConnectionTCP
 .text.ESP8266_DataReceived
                0x000000000800316c       0x2c Core/Src/esp8266.o
                0x000000000800316c                ESP8266_DataReceived
 .text.ESP8266_Callback_ServerConnectionActive
                0x0000000008003198       0x16 Core/Src/esp8266.o
                0x0000000008003198                ESP8266_Callback_ServerConnectionActive
 .text.ESP8266_Callback_ServerConnectionClosed
                0x00000000080031ae       0x16 Core/Src/esp8266.o
                0x00000000080031ae                ESP8266_Callback_ServerConnectionClosed
 .text.ESP8266_Callback_ServerConnectionDataReceived
                0x00000000080031c4       0x18 Core/Src/esp8266.o
                0x00000000080031c4                ESP8266_Callback_ServerConnectionDataReceived
 .text.ESP8266_Callback_ServerConnectionSendData
                0x00000000080031dc       0x1c Core/Src/esp8266.o
                0x00000000080031dc                ESP8266_Callback_ServerConnectionSendData
 .text.ESP8266_Callback_ServerConnectionDataSent
                0x00000000080031f8       0x16 Core/Src/esp8266.o
                0x00000000080031f8                ESP8266_Callback_ServerConnectionDataSent
 .text.ESP8266_Callback_ServerConnectionDataSentError
                0x000000000800320e       0x16 Core/Src/esp8266.o
                0x000000000800320e                ESP8266_Callback_ServerConnectionDataSentError
 .text.ESP8266_Callback_PingFinished
                0x0000000008003224       0x16 Core/Src/esp8266.o
                0x0000000008003224                ESP8266_Callback_PingFinished
 .text.ESP8266_Callback_ConnectedStationsDetected
                0x000000000800323a       0x16 Core/Src/esp8266.o
                0x000000000800323a                ESP8266_Callback_ConnectedStationsDetected
 .text.ESP8266_LL_USARTSend
                0x0000000008003250       0x48 Core/Src/esp8266_ll_template.o
                0x0000000008003250                ESP8266_LL_USARTSend
 .text.HAL_UART_RxCpltCallback
                0x0000000008003298       0x70 Core/Src/main.o
                0x0000000008003298                HAL_UART_RxCpltCallback
 .text.main     0x0000000008003308      0x22c Core/Src/main.o
                0x0000000008003308                main
 .text.SystemClock_Config
                0x0000000008003534      0x114 Core/Src/main.o
                0x0000000008003534                SystemClock_Config
 .text.MX_TIM6_Init
                0x0000000008003648       0x6c Core/Src/main.o
 .text.MX_USART1_UART_Init
                0x00000000080036b4       0x60 Core/Src/main.o
 .text.MX_GPIO_Init
                0x0000000008003714       0xc4 Core/Src/main.o
 .text.HAL_UART_TxCpltCallback
                0x00000000080037d8       0x16 Core/Src/main.o
                0x00000000080037d8                HAL_UART_TxCpltCallback
 *fill*         0x00000000080037ee        0x2 
 .text.HAL_TIM_PeriodElapsedCallback
                0x00000000080037f0       0x1c Core/Src/main.o
                0x00000000080037f0                HAL_TIM_PeriodElapsedCallback
 .text.ESP8266_Callback_DeviceReady
                0x000000000800380c       0x14 Core/Src/main.o
                0x000000000800380c                ESP8266_Callback_DeviceReady
 .text.ESP8266_Callback_WatchdogReset
                0x0000000008003820       0x14 Core/Src/main.o
                0x0000000008003820                ESP8266_Callback_WatchdogReset
 .text.ESP8266_Callback_WifiDisconnected
                0x0000000008003834       0x14 Core/Src/main.o
                0x0000000008003834                ESP8266_Callback_WifiDisconnected
 .text.ESP8266_Callback_WifiConnected
                0x0000000008003848       0x14 Core/Src/main.o
                0x0000000008003848                ESP8266_Callback_WifiConnected
 .text.ESP8266_Callback_WifiConnectFailed
                0x000000000800385c       0x14 Core/Src/main.o
                0x000000000800385c                ESP8266_Callback_WifiConnectFailed
 .text.ESP8266_Callback_WifiGotIP
                0x0000000008003870       0x14 Core/Src/main.o
                0x0000000008003870                ESP8266_Callback_WifiGotIP
 .text.ESP8266_Callback_WifiIPSet
                0x0000000008003884       0x14 Core/Src/main.o
                0x0000000008003884                ESP8266_Callback_WifiIPSet
 .text.ESP8266_Callback_DHCPTimeout
                0x0000000008003898       0x14 Core/Src/main.o
                0x0000000008003898                ESP8266_Callback_DHCPTimeout
 .text.ESP8266_Callback_ClientConnectionConnected
                0x00000000080038ac       0x16 Core/Src/main.o
                0x00000000080038ac                ESP8266_Callback_ClientConnectionConnected
 .text.ESP8266_Callback_ClientConnectionError
                0x00000000080038c2       0x16 Core/Src/main.o
                0x00000000080038c2                ESP8266_Callback_ClientConnectionError
 .text.ESP8266_Callback_ClientConnectionSendData
                0x00000000080038d8       0x1c Core/Src/main.o
                0x00000000080038d8                ESP8266_Callback_ClientConnectionSendData
 .text.ESP8266_Callback_ClientConnectionDataSent
                0x00000000080038f4       0x16 Core/Src/main.o
                0x00000000080038f4                ESP8266_Callback_ClientConnectionDataSent
 .text.ESP8266_Callback_ClientConnectionDataSentError
                0x000000000800390a       0x16 Core/Src/main.o
                0x000000000800390a                ESP8266_Callback_ClientConnectionDataSentError
 .text.ESP8266_Callback_ClientConnectionDataReceived
                0x0000000008003920       0x18 Core/Src/main.o
                0x0000000008003920                ESP8266_Callback_ClientConnectionDataReceived
 .text.ESP8266_Callback_ClientConnectionClosed
                0x0000000008003938       0x16 Core/Src/main.o
                0x0000000008003938                ESP8266_Callback_ClientConnectionClosed
 .text.ESP8266_Callback_ClientConnectionTimeout
                0x000000000800394e       0x16 Core/Src/main.o
                0x000000000800394e                ESP8266_Callback_ClientConnectionTimeout
 .text.Error_Handler
                0x0000000008003964        0xe Core/Src/main.o
                0x0000000008003964                Error_Handler
 *fill*         0x0000000008003972        0x2 
 .text.HAL_MspInit
                0x0000000008003974       0x48 Core/Src/stm32l4xx_hal_msp.o
                0x0000000008003974                HAL_MspInit
 .text.HAL_TIM_Base_MspInit
                0x00000000080039bc       0x4c Core/Src/stm32l4xx_hal_msp.o
                0x00000000080039bc                HAL_TIM_Base_MspInit
 .text.HAL_UART_MspInit
                0x0000000008003a08       0xdc Core/Src/stm32l4xx_hal_msp.o
                0x0000000008003a08                HAL_UART_MspInit
 .text.NMI_Handler
                0x0000000008003ae4        0xe Core/Src/stm32l4xx_it.o
                0x0000000008003ae4                NMI_Handler
 .text.HardFault_Handler
                0x0000000008003af2        0x6 Core/Src/stm32l4xx_it.o
                0x0000000008003af2                HardFault_Handler
 .text.MemManage_Handler
                0x0000000008003af8        0x6 Core/Src/stm32l4xx_it.o
                0x0000000008003af8                MemManage_Handler
 .text.BusFault_Handler
                0x0000000008003afe        0x6 Core/Src/stm32l4xx_it.o
                0x0000000008003afe                BusFault_Handler
 .text.UsageFault_Handler
                0x0000000008003b04        0x6 Core/Src/stm32l4xx_it.o
                0x0000000008003b04                UsageFault_Handler
 .text.SVC_Handler
                0x0000000008003b0a        0xe Core/Src/stm32l4xx_it.o
                0x0000000008003b0a                SVC_Handler
 .text.DebugMon_Handler
                0x0000000008003b18        0xe Core/Src/stm32l4xx_it.o
                0x0000000008003b18                DebugMon_Handler
 .text.PendSV_Handler
                0x0000000008003b26        0xe Core/Src/stm32l4xx_it.o
                0x0000000008003b26                PendSV_Handler
 .text.SysTick_Handler
                0x0000000008003b34        0xc Core/Src/stm32l4xx_it.o
                0x0000000008003b34                SysTick_Handler
 .text.USART1_IRQHandler
                0x0000000008003b40       0x14 Core/Src/stm32l4xx_it.o
                0x0000000008003b40                USART1_IRQHandler
 .text.TIM6_DAC_IRQHandler
                0x0000000008003b54       0x14 Core/Src/stm32l4xx_it.o
                0x0000000008003b54                TIM6_DAC_IRQHandler
 .text.OTG_FS_IRQHandler
                0x0000000008003b68       0x14 Core/Src/stm32l4xx_it.o
                0x0000000008003b68                OTG_FS_IRQHandler
 .text._sbrk    0x0000000008003b7c       0x58 Core/Src/sysmem.o
                0x0000000008003b7c                _sbrk
 .text.SystemInit
                0x0000000008003bd4       0x6c Core/Src/system_stm32l4xx.o
                0x0000000008003bd4                SystemInit
 .text.Reset_Handler
                0x0000000008003c40       0x50 Core/Startup/startup_stm32l475retx.o
                0x0000000008003c40                Reset_Handler
 .text.Default_Handler
                0x0000000008003c90        0x2 Core/Startup/startup_stm32l475retx.o
                0x0000000008003c90                RTC_Alarm_IRQHandler
                0x0000000008003c90                EXTI2_IRQHandler
                0x0000000008003c90                TIM8_TRG_COM_IRQHandler
                0x0000000008003c90                TIM8_CC_IRQHandler
                0x0000000008003c90                TIM1_CC_IRQHandler
                0x0000000008003c90                TSC_IRQHandler
                0x0000000008003c90                TAMP_STAMP_IRQHandler
                0x0000000008003c90                EXTI3_IRQHandler
                0x0000000008003c90                LPTIM2_IRQHandler
                0x0000000008003c90                DFSDM1_FLT1_IRQHandler
                0x0000000008003c90                I2C3_ER_IRQHandler
                0x0000000008003c90                DFSDM1_FLT2_IRQHandler
                0x0000000008003c90                EXTI0_IRQHandler
                0x0000000008003c90                I2C2_EV_IRQHandler
                0x0000000008003c90                CAN1_RX0_IRQHandler
                0x0000000008003c90                FPU_IRQHandler
                0x0000000008003c90                TIM1_UP_TIM16_IRQHandler
                0x0000000008003c90                ADC1_2_IRQHandler
                0x0000000008003c90                SPI1_IRQHandler
                0x0000000008003c90                TIM8_UP_IRQHandler
                0x0000000008003c90                DMA2_Channel2_IRQHandler
                0x0000000008003c90                DMA1_Channel4_IRQHandler
                0x0000000008003c90                SAI2_IRQHandler
                0x0000000008003c90                DFSDM1_FLT3_IRQHandler
                0x0000000008003c90                USART3_IRQHandler
                0x0000000008003c90                DMA1_Channel7_IRQHandler
                0x0000000008003c90                CAN1_RX1_IRQHandler
                0x0000000008003c90                UART5_IRQHandler
                0x0000000008003c90                ADC3_IRQHandler
                0x0000000008003c90                TIM4_IRQHandler
                0x0000000008003c90                DMA2_Channel1_IRQHandler
                0x0000000008003c90                QUADSPI_IRQHandler
                0x0000000008003c90                I2C1_EV_IRQHandler
                0x0000000008003c90                DMA1_Channel6_IRQHandler
                0x0000000008003c90                UART4_IRQHandler
                0x0000000008003c90                DMA2_Channel4_IRQHandler
                0x0000000008003c90                TIM3_IRQHandler
                0x0000000008003c90                RCC_IRQHandler
                0x0000000008003c90                DMA1_Channel1_IRQHandler
                0x0000000008003c90                Default_Handler
                0x0000000008003c90                DMA2_Channel7_IRQHandler
                0x0000000008003c90                EXTI15_10_IRQHandler
                0x0000000008003c90                TIM7_IRQHandler
                0x0000000008003c90                SDMMC1_IRQHandler
                0x0000000008003c90                TIM5_IRQHandler
                0x0000000008003c90                I2C3_EV_IRQHandler
                0x0000000008003c90                EXTI9_5_IRQHandler
                0x0000000008003c90                RTC_WKUP_IRQHandler
                0x0000000008003c90                PVD_PVM_IRQHandler
                0x0000000008003c90                SPI2_IRQHandler
                0x0000000008003c90                CAN1_TX_IRQHandler
                0x0000000008003c90                DMA2_Channel5_IRQHandler
                0x0000000008003c90                DMA1_Channel5_IRQHandler
                0x0000000008003c90                EXTI4_IRQHandler
                0x0000000008003c90                RNG_IRQHandler
                0x0000000008003c90                TIM1_TRG_COM_TIM17_IRQHandler
                0x0000000008003c90                DMA1_Channel3_IRQHandler
                0x0000000008003c90                COMP_IRQHandler
                0x0000000008003c90                WWDG_IRQHandler
                0x0000000008003c90                LPUART1_IRQHandler
                0x0000000008003c90                DMA2_Channel6_IRQHandler
                0x0000000008003c90                TIM2_IRQHandler
                0x0000000008003c90                EXTI1_IRQHandler
                0x0000000008003c90                USART2_IRQHandler
                0x0000000008003c90                DFSDM1_FLT0_IRQHandler
                0x0000000008003c90                I2C2_ER_IRQHandler
                0x0000000008003c90                DMA1_Channel2_IRQHandler
                0x0000000008003c90                TIM8_BRK_IRQHandler
                0x0000000008003c90                CAN1_SCE_IRQHandler
                0x0000000008003c90                FLASH_IRQHandler
                0x0000000008003c90                SPI3_IRQHandler
                0x0000000008003c90                I2C1_ER_IRQHandler
                0x0000000008003c90                FMC_IRQHandler
                0x0000000008003c90                SWPMI1_IRQHandler
                0x0000000008003c90                LPTIM1_IRQHandler
                0x0000000008003c90                SAI1_IRQHandler
                0x0000000008003c90                DMA2_Channel3_IRQHandler
                0x0000000008003c90                TIM1_BRK_TIM15_IRQHandler
 .text.HAL_Init
                0x0000000008003c92       0x30 Drivers/STM32L4xx_HAL_Driver/Src/stm32l4xx_hal.o
                0x0000000008003c92                HAL_Init
 *fill*         0x0000000008003cc2        0x2 
 .text.HAL_InitTick
                0x0000000008003cc4       0x74 Drivers/STM32L4xx_HAL_Driver/Src/stm32l4xx_hal.o
                0x0000000008003cc4                HAL_InitTick
 .text.HAL_IncTick
                0x0000000008003d38       0x24 Drivers/STM32L4xx_HAL_Driver/Src/stm32l4xx_hal.o
                0x0000000008003d38                HAL_IncTick
 .text.HAL_GetTick
                0x0000000008003d5c       0x18 Drivers/STM32L4xx_HAL_Driver/Src/stm32l4xx_hal.o
                0x0000000008003d5c                HAL_GetTick
 .text.HAL_Delay
                0x0000000008003d74       0x44 Drivers/STM32L4xx_HAL_Driver/Src/stm32l4xx_hal.o
                0x0000000008003d74                HAL_Delay
 .text.__NVIC_SetPriorityGrouping
                0x0000000008003db8       0x48 Drivers/STM32L4xx_HAL_Driver/Src/stm32l4xx_hal_cortex.o
 .text.__NVIC_GetPriorityGrouping
                0x0000000008003e00       0x1c Drivers/STM32L4xx_HAL_Driver/Src/stm32l4xx_hal_cortex.o
 .text.__NVIC_EnableIRQ
                0x0000000008003e1c       0x3c Drivers/STM32L4xx_HAL_Driver/Src/stm32l4xx_hal_cortex.o
 .text.__NVIC_SetPriority
                0x0000000008003e58       0x54 Drivers/STM32L4xx_HAL_Driver/Src/stm32l4xx_hal_cortex.o
 .text.NVIC_EncodePriority
                0x0000000008003eac       0x66 Drivers/STM32L4xx_HAL_Driver/Src/stm32l4xx_hal_cortex.o
 *fill*         0x0000000008003f12        0x2 
 .text.SysTick_Config
                0x0000000008003f14       0x44 Drivers/STM32L4xx_HAL_Driver/Src/stm32l4xx_hal_cortex.o
 .text.HAL_NVIC_SetPriorityGrouping
                0x0000000008003f58       0x16 Drivers/STM32L4xx_HAL_Driver/Src/stm32l4xx_hal_cortex.o
                0x0000000008003f58                HAL_NVIC_SetPriorityGrouping
 .text.HAL_NVIC_SetPriority
                0x0000000008003f6e       0x38 Drivers/STM32L4xx_HAL_Driver/Src/stm32l4xx_hal_cortex.o
                0x0000000008003f6e                HAL_NVIC_SetPriority
 .text.HAL_NVIC_EnableIRQ
                0x0000000008003fa6       0x1c Drivers/STM32L4xx_HAL_Driver/Src/stm32l4xx_hal_cortex.o
                0x0000000008003fa6                HAL_NVIC_EnableIRQ
 .text.HAL_SYSTICK_Config
                0x0000000008003fc2       0x18 Drivers/STM32L4xx_HAL_Driver/Src/stm32l4xx_hal_cortex.o
                0x0000000008003fc2                HAL_SYSTICK_Config
 .text.HAL_DMA_Abort_IT
                0x0000000008003fda       0x82 Drivers/STM32L4xx_HAL_Driver/Src/stm32l4xx_hal_dma.o
                0x0000000008003fda                HAL_DMA_Abort_IT
 .text.HAL_GPIO_Init
                0x000000000800405c      0x350 Drivers/STM32L4xx_HAL_Driver/Src/stm32l4xx_hal_gpio.o
                0x000000000800405c                HAL_GPIO_Init
 .text.HAL_GPIO_WritePin
                0x00000000080043ac       0x30 Drivers/STM32L4xx_HAL_Driver/Src/stm32l4xx_hal_gpio.o
                0x00000000080043ac                HAL_GPIO_WritePin
 .text.HAL_HCD_Init
                0x00000000080043dc       0xc4 Drivers/STM32L4xx_HAL_Driver/Src/stm32l4xx_hal_hcd.o
                0x00000000080043dc                HAL_HCD_Init
 .text.HAL_HCD_HC_Init
                0x00000000080044a0      0x130 Drivers/STM32L4xx_HAL_Driver/Src/stm32l4xx_hal_hcd.o
                0x00000000080044a0                HAL_HCD_HC_Init
 .text.HAL_HCD_HC_Halt
                0x00000000080045d0       0x46 Drivers/STM32L4xx_HAL_Driver/Src/stm32l4xx_hal_hcd.o
                0x00000000080045d0                HAL_HCD_HC_Halt
 *fill*         0x0000000008004616        0x2 
 .text.HAL_HCD_HC_SubmitRequest
                0x0000000008004618      0x2dc Drivers/STM32L4xx_HAL_Driver/Src/stm32l4xx_hal_hcd.o
                0x0000000008004618                HAL_HCD_HC_SubmitRequest
 .text.HAL_HCD_IRQHandler
                0x00000000080048f4      0x208 Drivers/STM32L4xx_HAL_Driver/Src/stm32l4xx_hal_hcd.o
                0x00000000080048f4                HAL_HCD_IRQHandler
 .text.HAL_HCD_Start
                0x0000000008004afc       0x46 Drivers/STM32L4xx_HAL_Driver/Src/stm32l4xx_hal_hcd.o
                0x0000000008004afc                HAL_HCD_Start
 .text.HAL_HCD_Stop
                0x0000000008004b42       0x3a Drivers/STM32L4xx_HAL_Driver/Src/stm32l4xx_hal_hcd.o
                0x0000000008004b42                HAL_HCD_Stop
 .text.HAL_HCD_ResetPort
                0x0000000008004b7c       0x1c Drivers/STM32L4xx_HAL_Driver/Src/stm32l4xx_hal_hcd.o
                0x0000000008004b7c                HAL_HCD_ResetPort
 .text.HAL_HCD_HC_GetURBState
                0x0000000008004b98       0x2a Drivers/STM32L4xx_HAL_Driver/Src/stm32l4xx_hal_hcd.o
                0x0000000008004b98                HAL_HCD_HC_GetURBState
 .text.HAL_HCD_HC_GetXferCount
                0x0000000008004bc2       0x2a Drivers/STM32L4xx_HAL_Driver/Src/stm32l4xx_hal_hcd.o
                0x0000000008004bc2                HAL_HCD_HC_GetXferCount
 .text.HAL_HCD_GetCurrentFrame
                0x0000000008004bec       0x1c Drivers/STM32L4xx_HAL_Driver/Src/stm32l4xx_hal_hcd.o
                0x0000000008004bec                HAL_HCD_GetCurrentFrame
 .text.HAL_HCD_GetCurrentSpeed
                0x0000000008004c08       0x1c Drivers/STM32L4xx_HAL_Driver/Src/stm32l4xx_hal_hcd.o
                0x0000000008004c08                HAL_HCD_GetCurrentSpeed
 .text.HCD_HC_IN_IRQHandler
                0x0000000008004c24      0x732 Drivers/STM32L4xx_HAL_Driver/Src/stm32l4xx_hal_hcd.o
 .text.HCD_HC_OUT_IRQHandler
                0x0000000008005356      0x6aa Drivers/STM32L4xx_HAL_Driver/Src/stm32l4xx_hal_hcd.o
 .text.HCD_RXQLVL_IRQHandler
                0x0000000008005a00      0x158 Drivers/STM32L4xx_HAL_Driver/Src/stm32l4xx_hal_hcd.o
 .text.HCD_Port_IRQHandler
                0x0000000008005b58       0xe6 Drivers/STM32L4xx_HAL_Driver/Src/stm32l4xx_hal_hcd.o
 *fill*         0x0000000008005c3e        0x2 
 .text.HAL_I2CEx_EnableFastModePlus
                0x0000000008005c40       0x40 Drivers/STM32L4xx_HAL_Driver/Src/stm32l4xx_hal_i2c_ex.o
                0x0000000008005c40                HAL_I2CEx_EnableFastModePlus
 .text.HAL_PWREx_GetVoltageRange
                0x0000000008005c80       0x1c Drivers/STM32L4xx_HAL_Driver/Src/stm32l4xx_hal_pwr_ex.o
                0x0000000008005c80                HAL_PWREx_GetVoltageRange
 .text.HAL_PWREx_ControlVoltageScaling
                0x0000000008005c9c       0xac Drivers/STM32L4xx_HAL_Driver/Src/stm32l4xx_hal_pwr_ex.o
                0x0000000008005c9c                HAL_PWREx_ControlVoltageScaling
 .text.HAL_PWREx_EnableVddUSB
                0x0000000008005d48       0x20 Drivers/STM32L4xx_HAL_Driver/Src/stm32l4xx_hal_pwr_ex.o
                0x0000000008005d48                HAL_PWREx_EnableVddUSB
 .text.HAL_RCC_OscConfig
                0x0000000008005d68      0x7cc Drivers/STM32L4xx_HAL_Driver/Src/stm32l4xx_hal_rcc.o
                0x0000000008005d68                HAL_RCC_OscConfig
 .text.HAL_RCC_ClockConfig
                0x0000000008006534      0x1c4 Drivers/STM32L4xx_HAL_Driver/Src/stm32l4xx_hal_rcc.o
                0x0000000008006534                HAL_RCC_ClockConfig
 .text.HAL_RCC_GetSysClockFreq
                0x00000000080066f8      0x114 Drivers/STM32L4xx_HAL_Driver/Src/stm32l4xx_hal_rcc.o
                0x00000000080066f8                HAL_RCC_GetSysClockFreq
 .text.HAL_RCC_GetHCLKFreq
                0x000000000800680c       0x18 Drivers/STM32L4xx_HAL_Driver/Src/stm32l4xx_hal_rcc.o
                0x000000000800680c                HAL_RCC_GetHCLKFreq
 .text.HAL_RCC_GetPCLK1Freq
                0x0000000008006824       0x2c Drivers/STM32L4xx_HAL_Driver/Src/stm32l4xx_hal_rcc.o
                0x0000000008006824                HAL_RCC_GetPCLK1Freq
 .text.HAL_RCC_GetPCLK2Freq
                0x0000000008006850       0x2c Drivers/STM32L4xx_HAL_Driver/Src/stm32l4xx_hal_rcc.o
                0x0000000008006850                HAL_RCC_GetPCLK2Freq
 .text.RCC_SetFlashLatencyFromMSIRange
                0x000000000800687c       0xc0 Drivers/STM32L4xx_HAL_Driver/Src/stm32l4xx_hal_rcc.o
 .text.HAL_RCCEx_PeriphCLKConfig
                0x000000000800693c      0x5cc Drivers/STM32L4xx_HAL_Driver/Src/stm32l4xx_hal_rcc_ex.o
                0x000000000800693c                HAL_RCCEx_PeriphCLKConfig
 .text.RCCEx_PLLSAI1_Config
                0x0000000008006f08      0x1e0 Drivers/STM32L4xx_HAL_Driver/Src/stm32l4xx_hal_rcc_ex.o
 .text.RCCEx_PLLSAI2_Config
                0x00000000080070e8      0x1b4 Drivers/STM32L4xx_HAL_Driver/Src/stm32l4xx_hal_rcc_ex.o
 .text.HAL_TIM_Base_Init
                0x000000000800729c       0x56 Drivers/STM32L4xx_HAL_Driver/Src/stm32l4xx_hal_tim.o
                0x000000000800729c                HAL_TIM_Base_Init
 *fill*         0x00000000080072f2        0x2 
 .text.HAL_TIM_Base_Start_IT
                0x00000000080072f4       0x54 Drivers/STM32L4xx_HAL_Driver/Src/stm32l4xx_hal_tim.o
                0x00000000080072f4                HAL_TIM_Base_Start_IT
 .text.HAL_TIM_IRQHandler
                0x0000000008007348      0x23e Drivers/STM32L4xx_HAL_Driver/Src/stm32l4xx_hal_tim.o
                0x0000000008007348                HAL_TIM_IRQHandler
 .text.HAL_TIM_OC_DelayElapsedCallback
                0x0000000008007586       0x14 Drivers/STM32L4xx_HAL_Driver/Src/stm32l4xx_hal_tim.o
                0x0000000008007586                HAL_TIM_OC_DelayElapsedCallback
 .text.HAL_TIM_IC_CaptureCallback
                0x000000000800759a       0x14 Drivers/STM32L4xx_HAL_Driver/Src/stm32l4xx_hal_tim.o
                0x000000000800759a                HAL_TIM_IC_CaptureCallback
 .text.HAL_TIM_PWM_PulseFinishedCallback
                0x00000000080075ae       0x14 Drivers/STM32L4xx_HAL_Driver/Src/stm32l4xx_hal_tim.o
                0x00000000080075ae                HAL_TIM_PWM_PulseFinishedCallback
 .text.HAL_TIM_TriggerCallback
                0x00000000080075c2       0x14 Drivers/STM32L4xx_HAL_Driver/Src/stm32l4xx_hal_tim.o
                0x00000000080075c2                HAL_TIM_TriggerCallback
 *fill*         0x00000000080075d6        0x2 
 .text.TIM_Base_SetConfig
                0x00000000080075d8      0x134 Drivers/STM32L4xx_HAL_Driver/Src/stm32l4xx_hal_tim.o
                0x00000000080075d8                TIM_Base_SetConfig
 .text.HAL_TIMEx_MasterConfigSynchronization
                0x000000000800770c      0x110 Drivers/STM32L4xx_HAL_Driver/Src/stm32l4xx_hal_tim_ex.o
                0x000000000800770c                HAL_TIMEx_MasterConfigSynchronization
 .text.HAL_TIMEx_CommutCallback
                0x000000000800781c       0x14 Drivers/STM32L4xx_HAL_Driver/Src/stm32l4xx_hal_tim_ex.o
                0x000000000800781c                HAL_TIMEx_CommutCallback
 .text.HAL_TIMEx_BreakCallback
                0x0000000008007830       0x14 Drivers/STM32L4xx_HAL_Driver/Src/stm32l4xx_hal_tim_ex.o
                0x0000000008007830                HAL_TIMEx_BreakCallback
 .text.HAL_TIMEx_Break2Callback
                0x0000000008007844       0x14 Drivers/STM32L4xx_HAL_Driver/Src/stm32l4xx_hal_tim_ex.o
                0x0000000008007844                HAL_TIMEx_Break2Callback
 .text.HAL_UART_Init
                0x0000000008007858       0x9c Drivers/STM32L4xx_HAL_Driver/Src/stm32l4xx_hal_uart.o
                0x0000000008007858                HAL_UART_Init
 .text.HAL_UART_Transmit_IT
                0x00000000080078f4       0xb8 Drivers/STM32L4xx_HAL_Driver/Src/stm32l4xx_hal_uart.o
                0x00000000080078f4                HAL_UART_Transmit_IT
 .text.HAL_UART_Receive_IT
                0x00000000080079ac      0x144 Drivers/STM32L4xx_HAL_Driver/Src/stm32l4xx_hal_uart.o
                0x00000000080079ac                HAL_UART_Receive_IT
 .text.HAL_UART_IRQHandler
                0x0000000008007af0      0x28c Drivers/STM32L4xx_HAL_Driver/Src/stm32l4xx_hal_uart.o
                0x0000000008007af0                HAL_UART_IRQHandler
 .text.HAL_UART_ErrorCallback
                0x0000000008007d7c       0x14 Drivers/STM32L4xx_HAL_Driver/Src/stm32l4xx_hal_uart.o
                0x0000000008007d7c                HAL_UART_ErrorCallback
 .text.UART_SetConfig
                0x0000000008007d90      0x6e4 Drivers/STM32L4xx_HAL_Driver/Src/stm32l4xx_hal_uart.o
                0x0000000008007d90                UART_SetConfig
 .text.UART_AdvFeatureConfig
                0x0000000008008474      0x144 Drivers/STM32L4xx_HAL_Driver/Src/stm32l4xx_hal_uart.o
                0x0000000008008474                UART_AdvFeatureConfig
 .text.UART_CheckIdleState
                0x00000000080085b8       0x8a Drivers/STM32L4xx_HAL_Driver/Src/stm32l4xx_hal_uart.o
                0x00000000080085b8                UART_CheckIdleState
 .text.UART_WaitOnFlagUntilTimeout
                0x0000000008008642       0xf6 Drivers/STM32L4xx_HAL_Driver/Src/stm32l4xx_hal_uart.o
                0x0000000008008642                UART_WaitOnFlagUntilTimeout
 .text.UART_EndRxTransfer
                0x0000000008008738       0x40 Drivers/STM32L4xx_HAL_Driver/Src/stm32l4xx_hal_uart.o
 .text.UART_DMAAbortOnError
                0x0000000008008778       0x2c Drivers/STM32L4xx_HAL_Driver/Src/stm32l4xx_hal_uart.o
 .text.UART_TxISR_8BIT
                0x00000000080087a4       0x74 Drivers/STM32L4xx_HAL_Driver/Src/stm32l4xx_hal_uart.o
 .text.UART_TxISR_16BIT
                0x0000000008008818       0x7c Drivers/STM32L4xx_HAL_Driver/Src/stm32l4xx_hal_uart.o
 .text.UART_EndTransmit_IT
                0x0000000008008894       0x32 Drivers/STM32L4xx_HAL_Driver/Src/stm32l4xx_hal_uart.o
 .text.UART_RxISR_8BIT
                0x00000000080088c6       0xaa Drivers/STM32L4xx_HAL_Driver/Src/stm32l4xx_hal_uart.o
 .text.UART_RxISR_16BIT
                0x0000000008008970       0xaa Drivers/STM32L4xx_HAL_Driver/Src/stm32l4xx_hal_uart.o
 .text.HAL_UARTEx_WakeupCallback
                0x0000000008008a1a       0x14 Drivers/STM32L4xx_HAL_Driver/Src/stm32l4xx_hal_uart_ex.o
                0x0000000008008a1a                HAL_UARTEx_WakeupCallback
 .text.USB_CoreInit
                0x0000000008008a2e       0xa4 Drivers/STM32L4xx_HAL_Driver/Src/stm32l4xx_ll_usb.o
                0x0000000008008a2e                USB_CoreInit
 .text.USB_EnableGlobalInt
                0x0000000008008ad2       0x22 Drivers/STM32L4xx_HAL_Driver/Src/stm32l4xx_ll_usb.o
                0x0000000008008ad2                USB_EnableGlobalInt
 .text.USB_DisableGlobalInt
                0x0000000008008af4       0x22 Drivers/STM32L4xx_HAL_Driver/Src/stm32l4xx_ll_usb.o
                0x0000000008008af4                USB_DisableGlobalInt
 .text.USB_SetCurrentMode
                0x0000000008008b16       0x54 Drivers/STM32L4xx_HAL_Driver/Src/stm32l4xx_ll_usb.o
                0x0000000008008b16                USB_SetCurrentMode
 *fill*         0x0000000008008b6a        0x2 
 .text.USB_FlushTxFifo
                0x0000000008008b6c       0x4c Drivers/STM32L4xx_HAL_Driver/Src/stm32l4xx_ll_usb.o
                0x0000000008008b6c                USB_FlushTxFifo
 .text.USB_FlushRxFifo
                0x0000000008008bb8       0x44 Drivers/STM32L4xx_HAL_Driver/Src/stm32l4xx_ll_usb.o
                0x0000000008008bb8                USB_FlushRxFifo
 .text.USB_WritePacket
                0x0000000008008bfc       0x62 Drivers/STM32L4xx_HAL_Driver/Src/stm32l4xx_ll_usb.o
                0x0000000008008bfc                USB_WritePacket
 .text.USB_ReadPacket
                0x0000000008008c5e       0x52 Drivers/STM32L4xx_HAL_Driver/Src/stm32l4xx_ll_usb.o
                0x0000000008008c5e                USB_ReadPacket
 .text.USB_ReadInterrupts
                0x0000000008008cb0       0x26 Drivers/STM32L4xx_HAL_Driver/Src/stm32l4xx_ll_usb.o
                0x0000000008008cb0                USB_ReadInterrupts
 .text.USB_GetMode
                0x0000000008008cd6       0x1c Drivers/STM32L4xx_HAL_Driver/Src/stm32l4xx_ll_usb.o
                0x0000000008008cd6                USB_GetMode
 *fill*         0x0000000008008cf2        0x2 
 .text.USB_CoreReset
                0x0000000008008cf4       0x68 Drivers/STM32L4xx_HAL_Driver/Src/stm32l4xx_ll_usb.o
 .text.USB_HostInit
                0x0000000008008d5c       0xfc Drivers/STM32L4xx_HAL_Driver/Src/stm32l4xx_ll_usb.o
                0x0000000008008d5c                USB_HostInit
 .text.USB_InitFSLSPClkSel
                0x0000000008008e58       0x74 Drivers/STM32L4xx_HAL_Driver/Src/stm32l4xx_ll_usb.o
                0x0000000008008e58                USB_InitFSLSPClkSel
 .text.USB_ResetPort
                0x0000000008008ecc       0x54 Drivers/STM32L4xx_HAL_Driver/Src/stm32l4xx_ll_usb.o
                0x0000000008008ecc                USB_ResetPort
 .text.USB_DriveVbus
                0x0000000008008f20       0x72 Drivers/STM32L4xx_HAL_Driver/Src/stm32l4xx_ll_usb.o
                0x0000000008008f20                USB_DriveVbus
 .text.USB_GetHostSpeed
                0x0000000008008f92       0x2e Drivers/STM32L4xx_HAL_Driver/Src/stm32l4xx_ll_usb.o
                0x0000000008008f92                USB_GetHostSpeed
 .text.USB_GetCurrentFrame
                0x0000000008008fc0       0x22 Drivers/STM32L4xx_HAL_Driver/Src/stm32l4xx_ll_usb.o
                0x0000000008008fc0                USB_GetCurrentFrame
 *fill*         0x0000000008008fe2        0x2 
 .text.USB_HC_Init
                0x0000000008008fe4      0x1e4 Drivers/STM32L4xx_HAL_Driver/Src/stm32l4xx_ll_usb.o
                0x0000000008008fe4                USB_HC_Init
 .text.USB_HC_StartXfer
                0x00000000080091c8      0x200 Drivers/STM32L4xx_HAL_Driver/Src/stm32l4xx_ll_usb.o
                0x00000000080091c8                USB_HC_StartXfer
 .text.USB_HC_ReadInterrupt
                0x00000000080093c8       0x22 Drivers/STM32L4xx_HAL_Driver/Src/stm32l4xx_ll_usb.o
                0x00000000080093c8                USB_HC_ReadInterrupt
 .text.USB_HC_Halt
                0x00000000080093ea      0x1fe Drivers/STM32L4xx_HAL_Driver/Src/stm32l4xx_ll_usb.o
                0x00000000080093ea                USB_HC_Halt
 .text.USB_StopHost
                0x00000000080095e8      0x10c Drivers/STM32L4xx_HAL_Driver/Src/stm32l4xx_ll_usb.o
                0x00000000080095e8                USB_StopHost
 .text.MX_FATFS_Init
                0x00000000080096f4       0x24 FATFS/App/fatfs.o
                0x00000000080096f4                MX_FATFS_Init
 .text.get_fattime
                0x0000000008009718       0x10 FATFS/App/fatfs.o
                0x0000000008009718                get_fattime
 .text.USBH_initialize
                0x0000000008009728       0x18 FATFS/Target/usbh_diskio.o
                0x0000000008009728                USBH_initialize
 .text.USBH_status
                0x0000000008009740       0x38 FATFS/Target/usbh_diskio.o
                0x0000000008009740                USBH_status
 .text.USBH_read
                0x0000000008009778       0x70 FATFS/Target/usbh_diskio.o
                0x0000000008009778                USBH_read
 .text.USBH_write
                0x00000000080097e8       0x84 FATFS/Target/usbh_diskio.o
                0x00000000080097e8                USBH_write
 .text.USBH_ioctl
                0x000000000800986c       0xd8 FATFS/Target/usbh_diskio.o
                0x000000000800986c                USBH_ioctl
 .text.USBH_MSC_InterfaceInit
                0x0000000008009944      0x216 Middlewares/ST/STM32_USB_Host_Library/Class/MSC/Src/usbh_msc.o
 .text.USBH_MSC_InterfaceDeInit
                0x0000000008009b5a       0x8c Middlewares/ST/STM32_USB_Host_Library/Class/MSC/Src/usbh_msc.o
 .text.USBH_MSC_ClassRequest
                0x0000000008009be6       0xca Middlewares/ST/STM32_USB_Host_Library/Class/MSC/Src/usbh_msc.o
 .text.USBH_MSC_Process
                0x0000000008009cb0      0x520 Middlewares/ST/STM32_USB_Host_Library/Class/MSC/Src/usbh_msc.o
 .text.USBH_MSC_SOFProcess
                0x000000000800a1d0       0x16 Middlewares/ST/STM32_USB_Host_Library/Class/MSC/Src/usbh_msc.o
 .text.USBH_MSC_RdWrProcess
                0x000000000800a1e6      0x194 Middlewares/ST/STM32_USB_Host_Library/Class/MSC/Src/usbh_msc.o
 .text.USBH_MSC_UnitIsReady
                0x000000000800a37a       0x4c Middlewares/ST/STM32_USB_Host_Library/Class/MSC/Src/usbh_msc.o
                0x000000000800a37a                USBH_MSC_UnitIsReady
 .text.USBH_MSC_GetLUNInfo
                0x000000000800a3c6       0x48 Middlewares/ST/STM32_USB_Host_Library/Class/MSC/Src/usbh_msc.o
                0x000000000800a3c6                USBH_MSC_GetLUNInfo
 .text.USBH_MSC_Read
                0x000000000800a40e       0xd2 Middlewares/ST/STM32_USB_Host_Library/Class/MSC/Src/usbh_msc.o
                0x000000000800a40e                USBH_MSC_Read
 .text.USBH_MSC_Write
                0x000000000800a4e0       0xd2 Middlewares/ST/STM32_USB_Host_Library/Class/MSC/Src/usbh_msc.o
                0x000000000800a4e0                USBH_MSC_Write
 .text.USBH_MSC_BOT_REQ_Reset
                0x000000000800a5b2       0x3a Middlewares/ST/STM32_USB_Host_Library/Class/MSC/Src/usbh_msc_bot.o
                0x000000000800a5b2                USBH_MSC_BOT_REQ_Reset
 .text.USBH_MSC_BOT_REQ_GetMaxLUN
                0x000000000800a5ec       0x3c Middlewares/ST/STM32_USB_Host_Library/Class/MSC/Src/usbh_msc_bot.o
                0x000000000800a5ec                USBH_MSC_BOT_REQ_GetMaxLUN
 .text.USBH_MSC_BOT_Init
                0x000000000800a628       0x44 Middlewares/ST/STM32_USB_Host_Library/Class/MSC/Src/usbh_msc_bot.o
                0x000000000800a628                USBH_MSC_BOT_Init
 .text.USBH_MSC_BOT_Process
                0x000000000800a66c      0x3a4 Middlewares/ST/STM32_USB_Host_Library/Class/MSC/Src/usbh_msc_bot.o
                0x000000000800a66c                USBH_MSC_BOT_Process
 .text.USBH_MSC_BOT_Abort
                0x000000000800aa10       0x58 Middlewares/ST/STM32_USB_Host_Library/Class/MSC/Src/usbh_msc_bot.o
 .text.USBH_MSC_DecodeCSW
                0x000000000800aa68       0x88 Middlewares/ST/STM32_USB_Host_Library/Class/MSC/Src/usbh_msc_bot.o
 .text.USBH_MSC_SCSI_TestUnitReady
                0x000000000800aaf0       0x86 Middlewares/ST/STM32_USB_Host_Library/Class/MSC/Src/usbh_msc_scsi.o
                0x000000000800aaf0                USBH_MSC_SCSI_TestUnitReady
 .text.USBH_MSC_SCSI_ReadCapacity
                0x000000000800ab76       0xf6 Middlewares/ST/STM32_USB_Host_Library/Class/MSC/Src/usbh_msc_scsi.o
                0x000000000800ab76                USBH_MSC_SCSI_ReadCapacity
 .text.USBH_MSC_SCSI_Inquiry
                0x000000000800ac6c      0x14a Middlewares/ST/STM32_USB_Host_Library/Class/MSC/Src/usbh_msc_scsi.o
                0x000000000800ac6c                USBH_MSC_SCSI_Inquiry
 .text.USBH_MSC_SCSI_RequestSense
                0x000000000800adb6       0xf2 Middlewares/ST/STM32_USB_Host_Library/Class/MSC/Src/usbh_msc_scsi.o
                0x000000000800adb6                USBH_MSC_SCSI_RequestSense
 .text.USBH_MSC_SCSI_Write
                0x000000000800aea8       0xd6 Middlewares/ST/STM32_USB_Host_Library/Class/MSC/Src/usbh_msc_scsi.o
                0x000000000800aea8                USBH_MSC_SCSI_Write
 .text.USBH_MSC_SCSI_Read
                0x000000000800af7e       0xd6 Middlewares/ST/STM32_USB_Host_Library/Class/MSC/Src/usbh_msc_scsi.o
                0x000000000800af7e                USBH_MSC_SCSI_Read
 .text.USBH_Init
                0x000000000800b054       0x74 Middlewares/ST/STM32_USB_Host_Library/Core/Src/usbh_core.o
                0x000000000800b054                USBH_Init
 .text.DeInitStateMachine
                0x000000000800b0c8       0x96 Middlewares/ST/STM32_USB_Host_Library/Core/Src/usbh_core.o
 .text.USBH_RegisterClass
                0x000000000800b15e       0x56 Middlewares/ST/STM32_USB_Host_Library/Core/Src/usbh_core.o
                0x000000000800b15e                USBH_RegisterClass
 .text.USBH_SelectInterface
                0x000000000800b1b4       0x38 Middlewares/ST/STM32_USB_Host_Library/Core/Src/usbh_core.o
                0x000000000800b1b4                USBH_SelectInterface
 .text.USBH_FindInterface
                0x000000000800b1ec       0x8c Middlewares/ST/STM32_USB_Host_Library/Core/Src/usbh_core.o
                0x000000000800b1ec                USBH_FindInterface
 .text.USBH_Start
                0x000000000800b278       0x20 Middlewares/ST/STM32_USB_Host_Library/Core/Src/usbh_core.o
                0x000000000800b278                USBH_Start
 .text.USBH_Process
                0x000000000800b298      0x34c Middlewares/ST/STM32_USB_Host_Library/Core/Src/usbh_core.o
                0x000000000800b298                USBH_Process
 .text.USBH_HandleEnum
                0x000000000800b5e4      0x234 Middlewares/ST/STM32_USB_Host_Library/Core/Src/usbh_core.o
 .text.USBH_LL_SetTimer
                0x000000000800b818       0x1e Middlewares/ST/STM32_USB_Host_Library/Core/Src/usbh_core.o
                0x000000000800b818                USBH_LL_SetTimer
 .text.USBH_LL_IncTimer
                0x000000000800b836       0x24 Middlewares/ST/STM32_USB_Host_Library/Core/Src/usbh_core.o
                0x000000000800b836                USBH_LL_IncTimer
 .text.USBH_HandleSof
                0x000000000800b85a       0x30 Middlewares/ST/STM32_USB_Host_Library/Core/Src/usbh_core.o
 .text.USBH_LL_PortEnabled
                0x000000000800b88a       0x1c Middlewares/ST/STM32_USB_Host_Library/Core/Src/usbh_core.o
                0x000000000800b88a                USBH_LL_PortEnabled
 .text.USBH_LL_PortDisabled
                0x000000000800b8a6       0x1c Middlewares/ST/STM32_USB_Host_Library/Core/Src/usbh_core.o
                0x000000000800b8a6                USBH_LL_PortDisabled
 .text.USBH_LL_Connect
                0x000000000800b8c2       0x2e Middlewares/ST/STM32_USB_Host_Library/Core/Src/usbh_core.o
                0x000000000800b8c2                USBH_LL_Connect
 .text.USBH_LL_Disconnect
                0x000000000800b8f0       0x48 Middlewares/ST/STM32_USB_Host_Library/Core/Src/usbh_core.o
                0x000000000800b8f0                USBH_LL_Disconnect
 .text.USBH_Get_DevDesc
                0x000000000800b938       0x50 Middlewares/ST/STM32_USB_Host_Library/Core/Src/usbh_ctlreq.o
                0x000000000800b938                USBH_Get_DevDesc
 .text.USBH_Get_CfgDesc
                0x000000000800b988       0x48 Middlewares/ST/STM32_USB_Host_Library/Core/Src/usbh_ctlreq.o
                0x000000000800b988                USBH_Get_CfgDesc
 .text.USBH_Get_StringDesc
                0x000000000800b9d0       0x56 Middlewares/ST/STM32_USB_Host_Library/Core/Src/usbh_ctlreq.o
                0x000000000800b9d0                USBH_Get_StringDesc
 .text.USBH_GetDescriptor
                0x000000000800ba26       0x6a Middlewares/ST/STM32_USB_Host_Library/Core/Src/usbh_ctlreq.o
                0x000000000800ba26                USBH_GetDescriptor
 .text.USBH_SetAddress
                0x000000000800ba90       0x48 Middlewares/ST/STM32_USB_Host_Library/Core/Src/usbh_ctlreq.o
                0x000000000800ba90                USBH_SetAddress
 .text.USBH_SetCfg
                0x000000000800bad8       0x46 Middlewares/ST/STM32_USB_Host_Library/Core/Src/usbh_ctlreq.o
                0x000000000800bad8                USBH_SetCfg
 .text.USBH_SetFeature
                0x000000000800bb1e       0x48 Middlewares/ST/STM32_USB_Host_Library/Core/Src/usbh_ctlreq.o
                0x000000000800bb1e                USBH_SetFeature
 .text.USBH_ClrFeature
                0x000000000800bb66       0x48 Middlewares/ST/STM32_USB_Host_Library/Core/Src/usbh_ctlreq.o
                0x000000000800bb66                USBH_ClrFeature
 .text.USBH_ParseDevDesc
                0x000000000800bbae       0xe0 Middlewares/ST/STM32_USB_Host_Library/Core/Src/usbh_ctlreq.o
 .text.USBH_ParseCfgDesc
                0x000000000800bc8e      0x144 Middlewares/ST/STM32_USB_Host_Library/Core/Src/usbh_ctlreq.o
 .text.USBH_ParseInterfaceDesc
                0x000000000800bdd2       0x5e Middlewares/ST/STM32_USB_Host_Library/Core/Src/usbh_ctlreq.o
 .text.USBH_ParseEPDesc
                0x000000000800be30       0x5a Middlewares/ST/STM32_USB_Host_Library/Core/Src/usbh_ctlreq.o
 .text.USBH_ParseStringDesc
                0x000000000800be8a       0x66 Middlewares/ST/STM32_USB_Host_Library/Core/Src/usbh_ctlreq.o
 .text.USBH_GetNextDesc
                0x000000000800bef0       0x36 Middlewares/ST/STM32_USB_Host_Library/Core/Src/usbh_ctlreq.o
                0x000000000800bef0                USBH_GetNextDesc
 .text.USBH_CtlReq
                0x000000000800bf26       0x94 Middlewares/ST/STM32_USB_Host_Library/Core/Src/usbh_ctlreq.o
                0x000000000800bf26                USBH_CtlReq
 *fill*         0x000000000800bfba        0x2 
 .text.USBH_HandleControl
                0x000000000800bfbc      0x2d4 Middlewares/ST/STM32_USB_Host_Library/Core/Src/usbh_ctlreq.o
 .text.USBH_CtlSendSetup
                0x000000000800c290       0x34 Middlewares/ST/STM32_USB_Host_Library/Core/Src/usbh_ioreq.o
                0x000000000800c290                USBH_CtlSendSetup
 .text.USBH_CtlSendData
                0x000000000800c2c4       0x4a Middlewares/ST/STM32_USB_Host_Library/Core/Src/usbh_ioreq.o
                0x000000000800c2c4                USBH_CtlSendData
 .text.USBH_CtlReceiveData
                0x000000000800c30e       0x3c Middlewares/ST/STM32_USB_Host_Library/Core/Src/usbh_ioreq.o
                0x000000000800c30e                USBH_CtlReceiveData
 .text.USBH_BulkSendData
                0x000000000800c34a       0x4a Middlewares/ST/STM32_USB_Host_Library/Core/Src/usbh_ioreq.o
                0x000000000800c34a                USBH_BulkSendData
 .text.USBH_BulkReceiveData
                0x000000000800c394       0x3c Middlewares/ST/STM32_USB_Host_Library/Core/Src/usbh_ioreq.o
                0x000000000800c394                USBH_BulkReceiveData
 .text.USBH_OpenPipe
                0x000000000800c3d0       0x3e Middlewares/ST/STM32_USB_Host_Library/Core/Src/usbh_pipes.o
                0x000000000800c3d0                USBH_OpenPipe
 .text.USBH_ClosePipe
                0x000000000800c40e       0x20 Middlewares/ST/STM32_USB_Host_Library/Core/Src/usbh_pipes.o
                0x000000000800c40e                USBH_ClosePipe
 .text.USBH_AllocPipe
                0x000000000800c42e       0x40 Middlewares/ST/STM32_USB_Host_Library/Core/Src/usbh_pipes.o
                0x000000000800c42e                USBH_AllocPipe
 .text.USBH_FreePipe
                0x000000000800c46e       0x38 Middlewares/ST/STM32_USB_Host_Library/Core/Src/usbh_pipes.o
                0x000000000800c46e                USBH_FreePipe
 .text.USBH_GetFreePipe
                0x000000000800c4a6       0x46 Middlewares/ST/STM32_USB_Host_Library/Core/Src/usbh_pipes.o
 .text.disk_status
                0x000000000800c4ec       0x34 Middlewares/Third_Party/FatFs/src/diskio.o
                0x000000000800c4ec                disk_status
 .text.disk_initialize
                0x000000000800c520       0x4c Middlewares/Third_Party/FatFs/src/diskio.o
                0x000000000800c520                disk_initialize
 .text.disk_read
                0x000000000800c56c       0x40 Middlewares/Third_Party/FatFs/src/diskio.o
                0x000000000800c56c                disk_read
 .text.disk_write
                0x000000000800c5ac       0x40 Middlewares/Third_Party/FatFs/src/diskio.o
                0x000000000800c5ac                disk_write
 .text.disk_ioctl
                0x000000000800c5ec       0x3c Middlewares/Third_Party/FatFs/src/diskio.o
                0x000000000800c5ec                disk_ioctl
 .text.ld_word  0x000000000800c628       0x30 Middlewares/Third_Party/FatFs/src/ff.o
 .text.ld_dword
                0x000000000800c658       0x46 Middlewares/Third_Party/FatFs/src/ff.o
 .text.st_word  0x000000000800c69e       0x36 Middlewares/Third_Party/FatFs/src/ff.o
 .text.st_dword
                0x000000000800c6d4       0x58 Middlewares/Third_Party/FatFs/src/ff.o
 .text.mem_cpy  0x000000000800c72c       0x42 Middlewares/Third_Party/FatFs/src/ff.o
 .text.mem_set  0x000000000800c76e       0x34 Middlewares/Third_Party/FatFs/src/ff.o
 .text.mem_cmp  0x000000000800c7a2       0x4e Middlewares/Third_Party/FatFs/src/ff.o
 .text.chk_chr  0x000000000800c7f0       0x36 Middlewares/Third_Party/FatFs/src/ff.o
 *fill*         0x000000000800c826        0x2 
 .text.chk_lock
                0x000000000800c828       0xb8 Middlewares/Third_Party/FatFs/src/ff.o
 .text.enq_lock
                0x000000000800c8e0       0x44 Middlewares/Third_Party/FatFs/src/ff.o
 .text.inc_lock
                0x000000000800c924      0x11c Middlewares/Third_Party/FatFs/src/ff.o
 .text.dec_lock
                0x000000000800ca40       0x78 Middlewares/Third_Party/FatFs/src/ff.o
 .text.clear_lock
                0x000000000800cab8       0x48 Middlewares/Third_Party/FatFs/src/ff.o
 .text.sync_window
                0x000000000800cb00       0x88 Middlewares/Third_Party/FatFs/src/ff.o
 .text.move_window
                0x000000000800cb88       0x5a Middlewares/Third_Party/FatFs/src/ff.o
 *fill*         0x000000000800cbe2        0x2 
 .text.sync_fs  0x000000000800cbe4       0xdc Middlewares/Third_Party/FatFs/src/ff.o
 .text.clust2sect
                0x000000000800ccc0       0x3e Middlewares/Third_Party/FatFs/src/ff.o
 .text.get_fat  0x000000000800ccfe      0x14a Middlewares/Third_Party/FatFs/src/ff.o
 .text.put_fat  0x000000000800ce48      0x1ce Middlewares/Third_Party/FatFs/src/ff.o
 .text.remove_chain
                0x000000000800d016       0xca Middlewares/Third_Party/FatFs/src/ff.o
 .text.create_chain
                0x000000000800d0e0      0x130 Middlewares/Third_Party/FatFs/src/ff.o
 .text.clmt_clust
                0x000000000800d210       0x68 Middlewares/Third_Party/FatFs/src/ff.o
 .text.dir_sdi  0x000000000800d278       0xf6 Middlewares/Third_Party/FatFs/src/ff.o
 .text.dir_next
                0x000000000800d36e      0x18a Middlewares/Third_Party/FatFs/src/ff.o
 .text.dir_alloc
                0x000000000800d4f8       0x8e Middlewares/Third_Party/FatFs/src/ff.o
 .text.ld_clust
                0x000000000800d586       0x3e Middlewares/Third_Party/FatFs/src/ff.o
 .text.st_clust
                0x000000000800d5c4       0x40 Middlewares/Third_Party/FatFs/src/ff.o
 .text.dir_find
                0x000000000800d604       0xaa Middlewares/Third_Party/FatFs/src/ff.o
 .text.dir_register
                0x000000000800d6ae       0x64 Middlewares/Third_Party/FatFs/src/ff.o
 *fill*         0x000000000800d712        0x2 
 .text.create_name
                0x000000000800d714      0x128 Middlewares/Third_Party/FatFs/src/ff.o
 .text.follow_path
                0x000000000800d83c       0xe2 Middlewares/Third_Party/FatFs/src/ff.o
 .text.get_ldnumber
                0x000000000800d91e       0x88 Middlewares/Third_Party/FatFs/src/ff.o
 *fill*         0x000000000800d9a6        0x2 
 .text.check_fs
                0x000000000800d9a8       0xac Middlewares/Third_Party/FatFs/src/ff.o
 .text.find_volume
                0x000000000800da54      0x498 Middlewares/Third_Party/FatFs/src/ff.o
 .text.validate
                0x000000000800deec       0x6a Middlewares/Third_Party/FatFs/src/ff.o
 *fill*         0x000000000800df56        0x2 
 .text.f_mount  0x000000000800df58       0x8c Middlewares/Third_Party/FatFs/src/ff.o
                0x000000000800df58                f_mount
 .text.f_open   0x000000000800dfe4      0x37c Middlewares/Third_Party/FatFs/src/ff.o
                0x000000000800dfe4                f_open
 .text.f_read   0x000000000800e360      0x27e Middlewares/Third_Party/FatFs/src/ff.o
                0x000000000800e360                f_read
 .text.f_sync   0x000000000800e5de       0xfc Middlewares/Third_Party/FatFs/src/ff.o
                0x000000000800e5de                f_sync
 .text.f_close  0x000000000800e6da       0x54 Middlewares/Third_Party/FatFs/src/ff.o
                0x000000000800e6da                f_close
 .text.f_lseek  0x000000000800e72e      0x412 Middlewares/Third_Party/FatFs/src/ff.o
                0x000000000800e72e                f_lseek
 .text.FATFS_LinkDriverEx
                0x000000000800eb40       0x98 Middlewares/Third_Party/FatFs/src/ff_gen_drv.o
                0x000000000800eb40                FATFS_LinkDriverEx
 .text.FATFS_LinkDriver
                0x000000000800ebd8       0x1e Middlewares/Third_Party/FatFs/src/ff_gen_drv.o
                0x000000000800ebd8                FATFS_LinkDriver
 *fill*         0x000000000800ebf6        0x2 
 .text.MSC_Application
                0x000000000800ebf8       0x24 USB_HOST/App/usb_host.o
 .text.cam_image
                0x000000000800ec1c      0x138 USB_HOST/App/usb_host.o
                0x000000000800ec1c                cam_image
 .text.imagesss
                0x000000000800ed54     0x14c8 USB_HOST/App/usb_host.o
                0x000000000800ed54                imagesss
 .text.MX_USB_HOST_Init
                0x000000000801021c       0x4c USB_HOST/App/usb_host.o
                0x000000000801021c                MX_USB_HOST_Init
 .text.MX_USB_HOST_Process
                0x0000000008010268       0x14 USB_HOST/App/usb_host.o
                0x0000000008010268                MX_USB_HOST_Process
 .text.USBH_UserProcess
                0x000000000801027c       0x5c USB_HOST/App/usb_host.o
 .text.HAL_HCD_MspInit
                0x00000000080102d8       0xcc USB_HOST/Target/usbh_conf.o
                0x00000000080102d8                HAL_HCD_MspInit
 .text.HAL_HCD_SOF_Callback
                0x00000000080103a4       0x1c USB_HOST/Target/usbh_conf.o
                0x00000000080103a4                HAL_HCD_SOF_Callback
 .text.HAL_HCD_Connect_Callback
                0x00000000080103c0       0x1c USB_HOST/Target/usbh_conf.o
                0x00000000080103c0                HAL_HCD_Connect_Callback
 .text.HAL_HCD_Disconnect_Callback
                0x00000000080103dc       0x1c USB_HOST/Target/usbh_conf.o
                0x00000000080103dc                HAL_HCD_Disconnect_Callback
 .text.HAL_HCD_HC_NotifyURBChange_Callback
                0x00000000080103f8       0x1c USB_HOST/Target/usbh_conf.o
                0x00000000080103f8                HAL_HCD_HC_NotifyURBChange_Callback
 .text.HAL_HCD_PortEnabled_Callback
                0x0000000008010414       0x1c USB_HOST/Target/usbh_conf.o
                0x0000000008010414                HAL_HCD_PortEnabled_Callback
 .text.HAL_HCD_PortDisabled_Callback
                0x0000000008010430       0x1c USB_HOST/Target/usbh_conf.o
                0x0000000008010430                HAL_HCD_PortDisabled_Callback
 .text.USBH_LL_Init
                0x000000000801044c       0x78 USB_HOST/Target/usbh_conf.o
                0x000000000801044c                USBH_LL_Init
 .text.USBH_LL_Start
                0x00000000080104c4       0x36 USB_HOST/Target/usbh_conf.o
                0x00000000080104c4                USBH_LL_Start
 .text.USBH_LL_Stop
                0x00000000080104fa       0x36 USB_HOST/Target/usbh_conf.o
                0x00000000080104fa                USBH_LL_Stop
 .text.USBH_LL_GetSpeed
                0x0000000008010530       0x4a USB_HOST/Target/usbh_conf.o
                0x0000000008010530                USBH_LL_GetSpeed
 .text.USBH_LL_ResetPort
                0x000000000801057a       0x36 USB_HOST/Target/usbh_conf.o
                0x000000000801057a                USBH_LL_ResetPort
 .text.USBH_LL_GetLastXferSize
                0x00000000080105b0       0x26 USB_HOST/Target/usbh_conf.o
                0x00000000080105b0                USBH_LL_GetLastXferSize
 .text.USBH_LL_OpenPipe
                0x00000000080105d6       0x5e USB_HOST/Target/usbh_conf.o
                0x00000000080105d6                USBH_LL_OpenPipe
 .text.USBH_LL_ClosePipe
                0x0000000008010634       0x3e USB_HOST/Target/usbh_conf.o
                0x0000000008010634                USBH_LL_ClosePipe
 .text.USBH_LL_SubmitURB
                0x0000000008010672       0x62 USB_HOST/Target/usbh_conf.o
                0x0000000008010672                USBH_LL_SubmitURB
 .text.USBH_LL_GetURBState
                0x00000000080106d4       0x26 USB_HOST/Target/usbh_conf.o
                0x00000000080106d4                USBH_LL_GetURBState
 .text.USBH_LL_DriverVBUS
                0x00000000080106fa       0x2e USB_HOST/Target/usbh_conf.o
                0x00000000080106fa                USBH_LL_DriverVBUS
 .text.USBH_LL_SetToggle
                0x0000000008010728       0x66 USB_HOST/Target/usbh_conf.o
                0x0000000008010728                USBH_LL_SetToggle
 .text.USBH_LL_GetToggle
                0x000000000801078e       0x66 USB_HOST/Target/usbh_conf.o
                0x000000000801078e                USBH_LL_GetToggle
 .text.USBH_Delay
                0x00000000080107f4       0x16 USB_HOST/Target/usbh_conf.o
                0x00000000080107f4                USBH_Delay
 *fill*         0x000000000801080a        0x2 
 .text.USBH_Get_USB_Status
                0x000000000801080c       0x58 USB_HOST/Target/usbh_conf.o
                0x000000000801080c                USBH_Get_USB_Status
 .text.MX_DriverVbusFS
                0x0000000008010864       0x36 USB_HOST/Target/usbh_platform.o
                0x0000000008010864                MX_DriverVbusFS
 *fill*         0x000000000801089a        0x2 
 .text.__errno  0x000000000801089c        0xc c:/st/stm32cubeide_1.3.0/stm32cubeide/plugins/com.st.stm32cube.ide.mcu.externaltools.gnu-tools-for-stm32.7-2018-q2-update.win32_1.0.0.201904181610/tools/bin/../lib/gcc/arm-none-eabi/7.3.1/../../../../arm-none-eabi/lib/thumb/v7e-m/fpv4-sp/hard\libc_nano.a(lib_a-errno.o)
                0x000000000801089c                __errno
 .text.__libc_init_array
                0x00000000080108a8       0x48 c:/st/stm32cubeide_1.3.0/stm32cubeide/plugins/com.st.stm32cube.ide.mcu.externaltools.gnu-tools-for-stm32.7-2018-q2-update.win32_1.0.0.201904181610/tools/bin/../lib/gcc/arm-none-eabi/7.3.1/../../../../arm-none-eabi/lib/thumb/v7e-m/fpv4-sp/hard\libc_nano.a(lib_a-init.o)
                0x00000000080108a8                __libc_init_array
 .text.malloc   0x00000000080108f0       0x10 c:/st/stm32cubeide_1.3.0/stm32cubeide/plugins/com.st.stm32cube.ide.mcu.externaltools.gnu-tools-for-stm32.7-2018-q2-update.win32_1.0.0.201904181610/tools/bin/../lib/gcc/arm-none-eabi/7.3.1/../../../../arm-none-eabi/lib/thumb/v7e-m/fpv4-sp/hard\libc_nano.a(lib_a-malloc.o)
                0x00000000080108f0                malloc
 .text.free     0x0000000008010900       0x10 c:/st/stm32cubeide_1.3.0/stm32cubeide/plugins/com.st.stm32cube.ide.mcu.externaltools.gnu-tools-for-stm32.7-2018-q2-update.win32_1.0.0.201904181610/tools/bin/../lib/gcc/arm-none-eabi/7.3.1/../../../../arm-none-eabi/lib/thumb/v7e-m/fpv4-sp/hard\libc_nano.a(lib_a-malloc.o)
                0x0000000008010900                free
 .text.memcmp   0x0000000008010910       0x1e c:/st/stm32cubeide_1.3.0/stm32cubeide/plugins/com.st.stm32cube.ide.mcu.externaltools.gnu-tools-for-stm32.7-2018-q2-update.win32_1.0.0.201904181610/tools/bin/../lib/gcc/arm-none-eabi/7.3.1/../../../../arm-none-eabi/lib/thumb/v7e-m/fpv4-sp/hard\libc_nano.a(lib_a-memcmp.o)
                0x0000000008010910                memcmp
 .text.memcpy   0x000000000801092e       0x16 c:/st/stm32cubeide_1.3.0/stm32cubeide/plugins/com.st.stm32cube.ide.mcu.externaltools.gnu-tools-for-stm32.7-2018-q2-update.win32_1.0.0.201904181610/tools/bin/../lib/gcc/arm-none-eabi/7.3.1/../../../../arm-none-eabi/lib/thumb/v7e-m/fpv4-sp/hard\libc_nano.a(lib_a-memcpy-stub.o)
                0x000000000801092e                memcpy
 .text.memset   0x0000000008010944       0x10 c:/st/stm32cubeide_1.3.0/stm32cubeide/plugins/com.st.stm32cube.ide.mcu.externaltools.gnu-tools-for-stm32.7-2018-q2-update.win32_1.0.0.201904181610/tools/bin/../lib/gcc/arm-none-eabi/7.3.1/../../../../arm-none-eabi/lib/thumb/v7e-m/fpv4-sp/hard\libc_nano.a(lib_a-memset.o)
                0x0000000008010944                memset
 .text._free_r  0x0000000008010954       0x9c c:/st/stm32cubeide_1.3.0/stm32cubeide/plugins/com.st.stm32cube.ide.mcu.externaltools.gnu-tools-for-stm32.7-2018-q2-update.win32_1.0.0.201904181610/tools/bin/../lib/gcc/arm-none-eabi/7.3.1/../../../../arm-none-eabi/lib/thumb/v7e-m/fpv4-sp/hard\libc_nano.a(lib_a-nano-freer.o)
                0x0000000008010954                _free_r
 .text._malloc_r
                0x00000000080109f0       0xb4 c:/st/stm32cubeide_1.3.0/stm32cubeide/plugins/com.st.stm32cube.ide.mcu.externaltools.gnu-tools-for-stm32.7-2018-q2-update.win32_1.0.0.201904181610/tools/bin/../lib/gcc/arm-none-eabi/7.3.1/../../../../arm-none-eabi/lib/thumb/v7e-m/fpv4-sp/hard\libc_nano.a(lib_a-nano-mallocr.o)
                0x00000000080109f0                _malloc_r
 .text._sbrk_r  0x0000000008010aa4       0x20 c:/st/stm32cubeide_1.3.0/stm32cubeide/plugins/com.st.stm32cube.ide.mcu.externaltools.gnu-tools-for-stm32.7-2018-q2-update.win32_1.0.0.201904181610/tools/bin/../lib/gcc/arm-none-eabi/7.3.1/../../../../arm-none-eabi/lib/thumb/v7e-m/fpv4-sp/hard\libc_nano.a(lib_a-sbrkr.o)
                0x0000000008010aa4                _sbrk_r
 .text.sprintf  0x0000000008010ac4       0x40 c:/st/stm32cubeide_1.3.0/stm32cubeide/plugins/com.st.stm32cube.ide.mcu.externaltools.gnu-tools-for-stm32.7-2018-q2-update.win32_1.0.0.201904181610/tools/bin/../lib/gcc/arm-none-eabi/7.3.1/../../../../arm-none-eabi/lib/thumb/v7e-m/fpv4-sp/hard\libc_nano.a(lib_a-sprintf.o)
                0x0000000008010ac4                siprintf
                0x0000000008010ac4                sprintf
 .text.strncmp  0x0000000008010b04       0x24 c:/st/stm32cubeide_1.3.0/stm32cubeide/plugins/com.st.stm32cube.ide.mcu.externaltools.gnu-tools-for-stm32.7-2018-q2-update.win32_1.0.0.201904181610/tools/bin/../lib/gcc/arm-none-eabi/7.3.1/../../../../arm-none-eabi/lib/thumb/v7e-m/fpv4-sp/hard\libc_nano.a(lib_a-strncmp.o)
                0x0000000008010b04                strncmp
 .text.strstr   0x0000000008010b28       0x34 c:/st/stm32cubeide_1.3.0/stm32cubeide/plugins/com.st.stm32cube.ide.mcu.externaltools.gnu-tools-for-stm32.7-2018-q2-update.win32_1.0.0.201904181610/tools/bin/../lib/gcc/arm-none-eabi/7.3.1/../../../../arm-none-eabi/lib/thumb/v7e-m/fpv4-sp/hard\libc_nano.a(lib_a-strstr.o)
                0x0000000008010b28                strstr
 .text.strtok   0x0000000008010b5c       0x54 c:/st/stm32cubeide_1.3.0/stm32cubeide/plugins/com.st.stm32cube.ide.mcu.externaltools.gnu-tools-for-stm32.7-2018-q2-update.win32_1.0.0.201904181610/tools/bin/../lib/gcc/arm-none-eabi/7.3.1/../../../../arm-none-eabi/lib/thumb/v7e-m/fpv4-sp/hard\libc_nano.a(lib_a-strtok.o)
                0x0000000008010b5c                strtok
 .text.__strtok_r
                0x0000000008010bb0       0x54 c:/st/stm32cubeide_1.3.0/stm32cubeide/plugins/com.st.stm32cube.ide.mcu.externaltools.gnu-tools-for-stm32.7-2018-q2-update.win32_1.0.0.201904181610/tools/bin/../lib/gcc/arm-none-eabi/7.3.1/../../../../arm-none-eabi/lib/thumb/v7e-m/fpv4-sp/hard\libc_nano.a(lib_a-strtok_r.o)
                0x0000000008010bb0                __strtok_r
 .text.__malloc_lock
                0x0000000008010c04        0x2 c:/st/stm32cubeide_1.3.0/stm32cubeide/plugins/com.st.stm32cube.ide.mcu.externaltools.gnu-tools-for-stm32.7-2018-q2-update.win32_1.0.0.201904181610/tools/bin/../lib/gcc/arm-none-eabi/7.3.1/../../../../arm-none-eabi/lib/thumb/v7e-m/fpv4-sp/hard\libc_nano.a(lib_a-mlock.o)
                0x0000000008010c04                __malloc_lock
 .text.__malloc_unlock
                0x0000000008010c06        0x2 c:/st/stm32cubeide_1.3.0/stm32cubeide/plugins/com.st.stm32cube.ide.mcu.externaltools.gnu-tools-for-stm32.7-2018-q2-update.win32_1.0.0.201904181610/tools/bin/../lib/gcc/arm-none-eabi/7.3.1/../../../../arm-none-eabi/lib/thumb/v7e-m/fpv4-sp/hard\libc_nano.a(lib_a-mlock.o)
                0x0000000008010c06                __malloc_unlock
 .text.__ssputs_r
                0x0000000008010c08       0xb4 c:/st/stm32cubeide_1.3.0/stm32cubeide/plugins/com.st.stm32cube.ide.mcu.externaltools.gnu-tools-for-stm32.7-2018-q2-update.win32_1.0.0.201904181610/tools/bin/../lib/gcc/arm-none-eabi/7.3.1/../../../../arm-none-eabi/lib/thumb/v7e-m/fpv4-sp/hard\libc_nano.a(lib_a-nano-svfprintf.o)
                0x0000000008010c08                __ssputs_r
 .text._svfprintf_r
                0x0000000008010cbc      0x1f0 c:/st/stm32cubeide_1.3.0/stm32cubeide/plugins/com.st.stm32cube.ide.mcu.externaltools.gnu-tools-for-stm32.7-2018-q2-update.win32_1.0.0.201904181610/tools/bin/../lib/gcc/arm-none-eabi/7.3.1/../../../../arm-none-eabi/lib/thumb/v7e-m/fpv4-sp/hard\libc_nano.a(lib_a-nano-svfprintf.o)
                0x0000000008010cbc                _svfiprintf_r
                0x0000000008010cbc                _svfprintf_r
 .text._printf_common
                0x0000000008010eac       0xea c:/st/stm32cubeide_1.3.0/stm32cubeide/plugins/com.st.stm32cube.ide.mcu.externaltools.gnu-tools-for-stm32.7-2018-q2-update.win32_1.0.0.201904181610/tools/bin/../lib/gcc/arm-none-eabi/7.3.1/../../../../arm-none-eabi/lib/thumb/v7e-m/fpv4-sp/hard\libc_nano.a(lib_a-nano-vfprintf_i.o)
                0x0000000008010eac                _printf_common
 *fill*         0x0000000008010f96        0x2 
 .text._printf_i
                0x0000000008010f98      0x224 c:/st/stm32cubeide_1.3.0/stm32cubeide/plugins/com.st.stm32cube.ide.mcu.externaltools.gnu-tools-for-stm32.7-2018-q2-update.win32_1.0.0.201904181610/tools/bin/../lib/gcc/arm-none-eabi/7.3.1/../../../../arm-none-eabi/lib/thumb/v7e-m/fpv4-sp/hard\libc_nano.a(lib_a-nano-vfprintf_i.o)
                0x0000000008010f98                _printf_i
 .text.memmove  0x00000000080111bc       0x32 c:/st/stm32cubeide_1.3.0/stm32cubeide/plugins/com.st.stm32cube.ide.mcu.externaltools.gnu-tools-for-stm32.7-2018-q2-update.win32_1.0.0.201904181610/tools/bin/../lib/gcc/arm-none-eabi/7.3.1/../../../../arm-none-eabi/lib/thumb/v7e-m/fpv4-sp/hard\libc_nano.a(lib_a-memmove.o)
                0x00000000080111bc                memmove
 .text._realloc_r
                0x00000000080111ee       0x4c c:/st/stm32cubeide_1.3.0/stm32cubeide/plugins/com.st.stm32cube.ide.mcu.externaltools.gnu-tools-for-stm32.7-2018-q2-update.win32_1.0.0.201904181610/tools/bin/../lib/gcc/arm-none-eabi/7.3.1/../../../../arm-none-eabi/lib/thumb/v7e-m/fpv4-sp/hard\libc_nano.a(lib_a-nano-reallocr.o)
                0x00000000080111ee                _realloc_r
 .text._malloc_usable_size_r
                0x000000000801123a       0x10 c:/st/stm32cubeide_1.3.0/stm32cubeide/plugins/com.st.stm32cube.ide.mcu.externaltools.gnu-tools-for-stm32.7-2018-q2-update.win32_1.0.0.201904181610/tools/bin/../lib/gcc/arm-none-eabi/7.3.1/../../../../arm-none-eabi/lib/thumb/v7e-m/fpv4-sp/hard\libc_nano.a(lib_a-nano-msizer.o)
                0x000000000801123a                _malloc_usable_size_r
 *(.glue_7)
 .glue_7        0x000000000801124a        0x0 linker stubs
 *(.glue_7t)
 .glue_7t       0x000000000801124a        0x0 linker stubs
 *(.eh_frame)
 *fill*         0x000000000801124a        0x2 
 .eh_frame      0x000000000801124c        0x0 c:/st/stm32cubeide_1.3.0/stm32cubeide/plugins/com.st.stm32cube.ide.mcu.externaltools.gnu-tools-for-stm32.7-2018-q2-update.win32_1.0.0.201904181610/tools/bin/../lib/gcc/arm-none-eabi/7.3.1/thumb/v7e-m/fpv4-sp/hard/crtbegin.o
 *(.init)
 .init          0x000000000801124c        0x4 c:/st/stm32cubeide_1.3.0/stm32cubeide/plugins/com.st.stm32cube.ide.mcu.externaltools.gnu-tools-for-stm32.7-2018-q2-update.win32_1.0.0.201904181610/tools/bin/../lib/gcc/arm-none-eabi/7.3.1/thumb/v7e-m/fpv4-sp/hard/crti.o
                0x000000000801124c                _init
 .init          0x0000000008011250        0x8 c:/st/stm32cubeide_1.3.0/stm32cubeide/plugins/com.st.stm32cube.ide.mcu.externaltools.gnu-tools-for-stm32.7-2018-q2-update.win32_1.0.0.201904181610/tools/bin/../lib/gcc/arm-none-eabi/7.3.1/thumb/v7e-m/fpv4-sp/hard/crtn.o
 *(.fini)
 .fini          0x0000000008011258        0x4 c:/st/stm32cubeide_1.3.0/stm32cubeide/plugins/com.st.stm32cube.ide.mcu.externaltools.gnu-tools-for-stm32.7-2018-q2-update.win32_1.0.0.201904181610/tools/bin/../lib/gcc/arm-none-eabi/7.3.1/thumb/v7e-m/fpv4-sp/hard/crti.o
                0x0000000008011258                _fini
 .fini          0x000000000801125c        0x8 c:/st/stm32cubeide_1.3.0/stm32cubeide/plugins/com.st.stm32cube.ide.mcu.externaltools.gnu-tools-for-stm32.7-2018-q2-update.win32_1.0.0.201904181610/tools/bin/../lib/gcc/arm-none-eabi/7.3.1/thumb/v7e-m/fpv4-sp/hard/crtn.o
                0x0000000008011264                . = ALIGN (0x4)
                0x0000000008011264                _etext = .

.vfp11_veneer   0x0000000008011264        0x0
 .vfp11_veneer  0x0000000008011264        0x0 linker stubs

.v4_bx          0x0000000008011264        0x0
 .v4_bx         0x0000000008011264        0x0 linker stubs

.iplt           0x0000000008011264        0x0
 .iplt          0x0000000008011264        0x0 c:/st/stm32cubeide_1.3.0/stm32cubeide/plugins/com.st.stm32cube.ide.mcu.externaltools.gnu-tools-for-stm32.7-2018-q2-update.win32_1.0.0.201904181610/tools/bin/../lib/gcc/arm-none-eabi/7.3.1/thumb/v7e-m/fpv4-sp/hard/crtbegin.o

.rodata         0x0000000008011264     0x16e8
                0x0000000008011264                . = ALIGN (0x4)
 *(.rodata)
 .rodata        0x0000000008011264      0x4e6 Core/Src/esp8266.o
 *fill*         0x000000000801174a        0x2 
 .rodata        0x000000000801174c       0x1b Core/Src/main.o
 *fill*         0x0000000008011767        0x1 
 .rodata        0x0000000008011768        0x4 Middlewares/ST/STM32_USB_Host_Library/Class/MSC/Src/usbh_msc.o
 .rodata        0x000000000801176c       0x44 Middlewares/Third_Party/FatFs/src/ff.o
 .rodata        0x00000000080117b0     0x1089 USB_HOST/App/usb_host.o
 *(.rodata*)
 *fill*         0x0000000008012839        0x3 
 .rodata.AHBPrescTable
                0x000000000801283c       0x10 Core/Src/system_stm32l4xx.o
                0x000000000801283c                AHBPrescTable
 .rodata.APBPrescTable
                0x000000000801284c        0x8 Core/Src/system_stm32l4xx.o
                0x000000000801284c                APBPrescTable
 .rodata.MSIRangeTable
                0x0000000008012854       0x30 Core/Src/system_stm32l4xx.o
                0x0000000008012854                MSIRangeTable
 .rodata.USBH_Driver
                0x0000000008012884       0x14 FATFS/Target/usbh_diskio.o
                0x0000000008012884                USBH_Driver
 .rodata.ExCvt  0x0000000008012898       0x80 Middlewares/Third_Party/FatFs/src/ff.o
 .rodata._svfprintf_r.str1.1
                0x0000000008012918       0x11 c:/st/stm32cubeide_1.3.0/stm32cubeide/plugins/com.st.stm32cube.ide.mcu.externaltools.gnu-tools-for-stm32.7-2018-q2-update.win32_1.0.0.201904181610/tools/bin/../lib/gcc/arm-none-eabi/7.3.1/../../../../arm-none-eabi/lib/thumb/v7e-m/fpv4-sp/hard\libc_nano.a(lib_a-nano-svfprintf.o)
 .rodata._printf_i.str1.1
                0x0000000008012929       0x22 c:/st/stm32cubeide_1.3.0/stm32cubeide/plugins/com.st.stm32cube.ide.mcu.externaltools.gnu-tools-for-stm32.7-2018-q2-update.win32_1.0.0.201904181610/tools/bin/../lib/gcc/arm-none-eabi/7.3.1/../../../../arm-none-eabi/lib/thumb/v7e-m/fpv4-sp/hard\libc_nano.a(lib_a-nano-vfprintf_i.o)
                0x000000000801294c                . = ALIGN (0x4)
 *fill*         0x000000000801294b        0x1 

.ARM.extab      0x000000000801294c        0x0
                0x000000000801294c                . = ALIGN (0x4)
 *(.ARM.extab* .gnu.linkonce.armextab.*)
                0x000000000801294c                . = ALIGN (0x4)

.ARM            0x000000000801294c        0x8
                0x000000000801294c                . = ALIGN (0x4)
                0x000000000801294c                __exidx_start = .
 *(.ARM.exidx*)
 .ARM.exidx     0x000000000801294c        0x8 c:/st/stm32cubeide_1.3.0/stm32cubeide/plugins/com.st.stm32cube.ide.mcu.externaltools.gnu-tools-for-stm32.7-2018-q2-update.win32_1.0.0.201904181610/tools/bin/../lib/gcc/arm-none-eabi/7.3.1/thumb/v7e-m/fpv4-sp/hard\libgcc.a(_udivmoddi4.o)
                0x0000000008012954                __exidx_end = .
                0x0000000008012954                . = ALIGN (0x4)

.rel.dyn        0x0000000008012954        0x0
 .rel.iplt      0x0000000008012954        0x0 c:/st/stm32cubeide_1.3.0/stm32cubeide/plugins/com.st.stm32cube.ide.mcu.externaltools.gnu-tools-for-stm32.7-2018-q2-update.win32_1.0.0.201904181610/tools/bin/../lib/gcc/arm-none-eabi/7.3.1/thumb/v7e-m/fpv4-sp/hard/crtbegin.o

.preinit_array  0x0000000008012954        0x0
                0x0000000008012954                . = ALIGN (0x4)
                0x0000000008012954                PROVIDE (__preinit_array_start = .)
 *(.preinit_array*)
                0x0000000008012954                PROVIDE (__preinit_array_end = .)
                0x0000000008012954                . = ALIGN (0x4)

.init_array     0x0000000008012954        0x4
                0x0000000008012954                . = ALIGN (0x4)
                0x0000000008012954                PROVIDE (__init_array_start = .)
 *(SORT_BY_NAME(.init_array.*))
 *(.init_array*)
 .init_array    0x0000000008012954        0x4 c:/st/stm32cubeide_1.3.0/stm32cubeide/plugins/com.st.stm32cube.ide.mcu.externaltools.gnu-tools-for-stm32.7-2018-q2-update.win32_1.0.0.201904181610/tools/bin/../lib/gcc/arm-none-eabi/7.3.1/thumb/v7e-m/fpv4-sp/hard/crtbegin.o
                0x0000000008012958                PROVIDE (__init_array_end = .)
                0x0000000008012958                . = ALIGN (0x4)

.fini_array     0x0000000008012958        0x4
                0x0000000008012958                . = ALIGN (0x4)
                [!provide]                        PROVIDE (__fini_array_start = .)
 *(SORT_BY_NAME(.fini_array.*))
 *(.fini_array*)
 .fini_array    0x0000000008012958        0x4 c:/st/stm32cubeide_1.3.0/stm32cubeide/plugins/com.st.stm32cube.ide.mcu.externaltools.gnu-tools-for-stm32.7-2018-q2-update.win32_1.0.0.201904181610/tools/bin/../lib/gcc/arm-none-eabi/7.3.1/thumb/v7e-m/fpv4-sp/hard/crtbegin.o
                [!provide]                        PROVIDE (__fini_array_end = .)
                0x000000000801295c                . = ALIGN (0x4)
                0x000000000801295c                _sidata = LOADADDR (.data)

.data           0x0000000020000000       0x9c load address 0x000000000801295c
                0x0000000020000000                . = ALIGN (0x4)
                0x0000000020000000                _sdata = .
 *(.data)
 *(.data*)
 .data.SystemCoreClock
                0x0000000020000000        0x4 Core/Src/system_stm32l4xx.o
                0x0000000020000000                SystemCoreClock
 .data.uwTickPrio
                0x0000000020000004        0x4 Drivers/STM32L4xx_HAL_Driver/Src/stm32l4xx_hal.o
                0x0000000020000004                uwTickPrio
 .data.uwTickFreq
                0x0000000020000008        0x4 Drivers/STM32L4xx_HAL_Driver/Src/stm32l4xx_hal.o
                0x0000000020000008                uwTickFreq
 .data.USBH_msc
                0x000000002000000c       0x20 Middlewares/ST/STM32_USB_Host_Library/Class/MSC/Src/usbh_msc.o
                0x000000002000000c                USBH_msc
 .data.USBDISKPath
                0x000000002000002c        0x4 USB_HOST/App/usb_host.o
                0x000000002000002c                USBDISKPath
 .data.file_count
                0x0000000020000030        0x4 USB_HOST/App/usb_host.o
                0x0000000020000030                file_count
 .data.transmitido_anterior
                0x0000000020000034        0x1 USB_HOST/App/usb_host.o
                0x0000000020000034                transmitido_anterior
 .data.lernovo  0x0000000020000035        0x1 USB_HOST/App/usb_host.o
                0x0000000020000035                lernovo
 *fill*         0x0000000020000036        0x2 
 .data._impure_ptr
                0x0000000020000038        0x4 c:/st/stm32cubeide_1.3.0/stm32cubeide/plugins/com.st.stm32cube.ide.mcu.externaltools.gnu-tools-for-stm32.7-2018-q2-update.win32_1.0.0.201904181610/tools/bin/../lib/gcc/arm-none-eabi/7.3.1/../../../../arm-none-eabi/lib/thumb/v7e-m/fpv4-sp/hard\libc_nano.a(lib_a-impure.o)
                0x0000000020000038                _impure_ptr
 .data.impure_data
                0x000000002000003c       0x60 c:/st/stm32cubeide_1.3.0/stm32cubeide/plugins/com.st.stm32cube.ide.mcu.externaltools.gnu-tools-for-stm32.7-2018-q2-update.win32_1.0.0.201904181610/tools/bin/../lib/gcc/arm-none-eabi/7.3.1/../../../../arm-none-eabi/lib/thumb/v7e-m/fpv4-sp/hard\libc_nano.a(lib_a-impure.o)
                0x000000002000009c                . = ALIGN (0x4)
                0x000000002000009c                _edata = .

.igot.plt       0x000000002000009c        0x0 load address 0x00000000080129f8
 .igot.plt      0x000000002000009c        0x0 c:/st/stm32cubeide_1.3.0/stm32cubeide/plugins/com.st.stm32cube.ide.mcu.externaltools.gnu-tools-for-stm32.7-2018-q2-update.win32_1.0.0.201904181610/tools/bin/../lib/gcc/arm-none-eabi/7.3.1/thumb/v7e-m/fpv4-sp/hard/crtbegin.o
                0x000000002000009c                . = ALIGN (0x4)

.bss            0x000000002000009c     0x39b0 load address 0x00000000080129f8
                0x000000002000009c                _sbss = .
                0x000000002000009c                __bss_start__ = _sbss
 *(.bss)
 .bss           0x000000002000009c       0x1c c:/st/stm32cubeide_1.3.0/stm32cubeide/plugins/com.st.stm32cube.ide.mcu.externaltools.gnu-tools-for-stm32.7-2018-q2-update.win32_1.0.0.201904181610/tools/bin/../lib/gcc/arm-none-eabi/7.3.1/thumb/v7e-m/fpv4-sp/hard/crtbegin.o
 *(.bss*)
 .bss.ConnectionData
                0x00000000200000b8     0x16d3 Core/Src/esp8266.o
 *fill*         0x000000002000178b        0x1 
 .bss.TMP_Buffer
                0x000000002000178c       0x18 Core/Src/esp8266.o
 .bss.USART_Buffer
                0x00000000200017a4       0x18 Core/Src/esp8266.o
 .bss.TMPBuffer
                0x00000000200017bc      0x200 Core/Src/esp8266.o
 .bss.USARTBuffer
                0x00000000200019bc      0x400 Core/Src/esp8266.o
 .bss.rx_index  0x0000000020001dbc        0x1 Core/Src/main.o
                0x0000000020001dbc                rx_index
 *fill*         0x0000000020001dbd        0x3 
 .bss.heap_end.6424
                0x0000000020001dc0        0x4 Core/Src/sysmem.o
 .bss.tmpreg.9172
                0x0000000020001dc4        0x4 Drivers/STM32L4xx_HAL_Driver/Src/stm32l4xx_ll_usb.o
 .bss.FatFs     0x0000000020001dc8        0x4 Middlewares/Third_Party/FatFs/src/ff.o
 .bss.Fsid      0x0000000020001dcc        0x2 Middlewares/Third_Party/FatFs/src/ff.o
 *fill*         0x0000000020001dce        0x2 
 .bss.Files     0x0000000020001dd0       0x20 Middlewares/Third_Party/FatFs/src/ff.o
 .bss.disk      0x0000000020001df0        0xc Middlewares/Third_Party/FatFs/src/ff_gen_drv.o
                0x0000000020001df0                disk
 .bss.Appli_state
                0x0000000020001dfc        0x1 USB_HOST/App/usb_host.o
                0x0000000020001dfc                Appli_state
 *fill*         0x0000000020001dfd        0x3 
 .bss.opened_image
                0x0000000020001e00        0x4 USB_HOST/App/usb_host.o
                0x0000000020001e00                opened_image
 .bss.size_image
                0x0000000020001e04        0x4 USB_HOST/App/usb_host.o
                0x0000000020001e04                size_image
 .bss.size_count
                0x0000000020001e08        0x4 USB_HOST/App/usb_host.o
                0x0000000020001e08                size_count
 .bss.transmitir
                0x0000000020001e0c        0x1 USB_HOST/App/usb_host.o
                0x0000000020001e0c                transmitir
 *fill*         0x0000000020001e0d        0x3 
 .bss.__malloc_free_list
                0x0000000020001e10        0x4 c:/st/stm32cubeide_1.3.0/stm32cubeide/plugins/com.st.stm32cube.ide.mcu.externaltools.gnu-tools-for-stm32.7-2018-q2-update.win32_1.0.0.201904181610/tools/bin/../lib/gcc/arm-none-eabi/7.3.1/../../../../arm-none-eabi/lib/thumb/v7e-m/fpv4-sp/hard\libc_nano.a(lib_a-nano-mallocr.o)
                0x0000000020001e10                __malloc_free_list
 .bss.__malloc_sbrk_start
                0x0000000020001e14        0x4 c:/st/stm32cubeide_1.3.0/stm32cubeide/plugins/com.st.stm32cube.ide.mcu.externaltools.gnu-tools-for-stm32.7-2018-q2-update.win32_1.0.0.201904181610/tools/bin/../lib/gcc/arm-none-eabi/7.3.1/../../../../arm-none-eabi/lib/thumb/v7e-m/fpv4-sp/hard\libc_nano.a(lib_a-nano-mallocr.o)
                0x0000000020001e14                __malloc_sbrk_start
 *(COMMON)
 COMMON         0x0000000020001e18      0xccc Core/Src/main.o
                0x0000000020001e18                read_image
                0x0000000020002618                writeValue
                0x0000000020002654                cnt
                0x0000000020002658                rx_buffer
                0x00000000200027e0                main_state
                0x00000000200027e4                bytes_read
                0x00000000200027e8                huart1